Archive member included because of file (symbol)

/usr/lib/gcc/avr/4.8.2/../../../avr/lib/avr51/libm.a(addsf3.o)
                              main.o (__addsf3)
/usr/lib/gcc/avr/4.8.2/../../../avr/lib/avr51/libm.a(addsf3x.o)
                              /usr/lib/gcc/avr/4.8.2/../../../avr/lib/avr51/libm.a(addsf3.o) (__addsf3x)
/usr/lib/gcc/avr/4.8.2/../../../avr/lib/avr51/libm.a(fixsfsi.o)
                              main.o (__fixsfsi)
/usr/lib/gcc/avr/4.8.2/../../../avr/lib/avr51/libm.a(fixunssfsi.o)
                              /usr/lib/gcc/avr/4.8.2/../../../avr/lib/avr51/libm.a(fixsfsi.o) (__fixunssfsi)
/usr/lib/gcc/avr/4.8.2/../../../avr/lib/avr51/libm.a(floatsisf.o)
                              main.o (__floatsisf)
/usr/lib/gcc/avr/4.8.2/../../../avr/lib/avr51/libm.a(floor.o)
                              main.o (floor)
/usr/lib/gcc/avr/4.8.2/../../../avr/lib/avr51/libm.a(fp_inf.o)
                              /usr/lib/gcc/avr/4.8.2/../../../avr/lib/avr51/libm.a(addsf3x.o) (__fp_inf)
/usr/lib/gcc/avr/4.8.2/../../../avr/lib/avr51/libm.a(fp_mintl.o)
                              /usr/lib/gcc/avr/4.8.2/../../../avr/lib/avr51/libm.a(floor.o) (__fp_mintl)
/usr/lib/gcc/avr/4.8.2/../../../avr/lib/avr51/libm.a(fp_mpack.o)
                              /usr/lib/gcc/avr/4.8.2/../../../avr/lib/avr51/libm.a(floor.o) (__fp_mpack)
/usr/lib/gcc/avr/4.8.2/../../../avr/lib/avr51/libm.a(fp_nan.o)
                              /usr/lib/gcc/avr/4.8.2/../../../avr/lib/avr51/libm.a(addsf3x.o) (__fp_nan)
/usr/lib/gcc/avr/4.8.2/../../../avr/lib/avr51/libm.a(fp_pscA.o)
                              /usr/lib/gcc/avr/4.8.2/../../../avr/lib/avr51/libm.a(addsf3x.o) (__fp_pscA)
/usr/lib/gcc/avr/4.8.2/../../../avr/lib/avr51/libm.a(fp_pscB.o)
                              /usr/lib/gcc/avr/4.8.2/../../../avr/lib/avr51/libm.a(addsf3x.o) (__fp_pscB)
/usr/lib/gcc/avr/4.8.2/../../../avr/lib/avr51/libm.a(fp_round.o)
                              /usr/lib/gcc/avr/4.8.2/../../../avr/lib/avr51/libm.a(addsf3.o) (__fp_round)
/usr/lib/gcc/avr/4.8.2/../../../avr/lib/avr51/libm.a(fp_split3.o)
                              /usr/lib/gcc/avr/4.8.2/../../../avr/lib/avr51/libm.a(addsf3x.o) (__fp_split3)
/usr/lib/gcc/avr/4.8.2/../../../avr/lib/avr51/libm.a(fp_trunc.o)
                              /usr/lib/gcc/avr/4.8.2/../../../avr/lib/avr51/libm.a(floor.o) (__fp_trunc)
/usr/lib/gcc/avr/4.8.2/../../../avr/lib/avr51/libm.a(fp_zero.o)
                              /usr/lib/gcc/avr/4.8.2/../../../avr/lib/avr51/libm.a(addsf3x.o) (__fp_zero)
/usr/lib/gcc/avr/4.8.2/../../../avr/lib/avr51/libm.a(log10.o)
                              main.o (log10)
/usr/lib/gcc/avr/4.8.2/../../../avr/lib/avr51/libm.a(log.o)
                              /usr/lib/gcc/avr/4.8.2/../../../avr/lib/avr51/libm.a(log10.o) (log)
/usr/lib/gcc/avr/4.8.2/../../../avr/lib/avr51/libm.a(modf.o)
                              main.o (modf)
/usr/lib/gcc/avr/4.8.2/../../../avr/lib/avr51/libm.a(mulsf3.o)
                              main.o (__mulsf3)
/usr/lib/gcc/avr/4.8.2/../../../avr/lib/avr51/libm.a(mulsf3x.o)
                              /usr/lib/gcc/avr/4.8.2/../../../avr/lib/avr51/libm.a(log.o) (__mulsf3x)
/usr/lib/gcc/avr/4.8.2/../../../avr/lib/avr51/libm.a(pow.o)
                              main.o (pow)
/usr/lib/gcc/avr/4.8.2/../../../avr/lib/avr51/libm.a(round.o)
                              main.o (round)
/usr/lib/gcc/avr/4.8.2/../../../avr/lib/avr51/libm.a(exp.o)
                              /usr/lib/gcc/avr/4.8.2/../../../avr/lib/avr51/libm.a(pow.o) (exp)
/usr/lib/gcc/avr/4.8.2/../../../avr/lib/avr51/libm.a(fp_powser.o)
                              /usr/lib/gcc/avr/4.8.2/../../../avr/lib/avr51/libm.a(log.o) (__fp_powser)
/usr/lib/gcc/avr/4.8.2/../../../avr/lib/avr51/libm.a(inverse.o)
                              /usr/lib/gcc/avr/4.8.2/../../../avr/lib/avr51/libm.a(exp.o) (inverse)
/usr/lib/gcc/avr/4.8.2/../../../avr/lib/avr51/libm.a(ldexp.o)
                              /usr/lib/gcc/avr/4.8.2/../../../avr/lib/avr51/libm.a(exp.o) (ldexp)
/usr/lib/gcc/avr/4.8.2/../../../avr/lib/avr51/libm.a(divsf3.o)
                              /usr/lib/gcc/avr/4.8.2/../../../avr/lib/avr51/libm.a(inverse.o) (__divsf3)
/usr/lib/gcc/avr/4.8.2/../../../avr/lib/avr51/libm.a(divsf3x.o)
                              /usr/lib/gcc/avr/4.8.2/../../../avr/lib/avr51/libm.a(divsf3.o) (__divsf3x)
/usr/lib/gcc/avr/4.8.2/avr51/libgcc.a(_exit.o)
                              /usr/lib/gcc/avr/4.8.2/../../../avr/lib/avr51/crtm1284p.o (exit)
/usr/lib/gcc/avr/4.8.2/avr51/libgcc.a(_copy_data.o)
                              main.o (__do_copy_data)
/usr/lib/gcc/avr/4.8.2/avr51/libgcc.a(_clear_bss.o)
                              main.o (__do_clear_bss)
/usr/lib/gcc/avr/4.8.2/../../../avr/lib/avr51/libc.a(malloc.o)
                              main.o (malloc)
/usr/lib/gcc/avr/4.8.2/../../../avr/lib/avr51/libc.a(atoi.o)
                              main.o (atoi)
/usr/lib/gcc/avr/4.8.2/../../../avr/lib/avr51/libc.a(mul10.o)
                              /usr/lib/gcc/avr/4.8.2/../../../avr/lib/avr51/libc.a(atoi.o) (__mulhi_const_10)
/usr/lib/gcc/avr/4.8.2/../../../avr/lib/avr51/libc.a(sprintf.o)
                              main.o (sprintf)
/usr/lib/gcc/avr/4.8.2/../../../avr/lib/avr51/libc.a(vfprintf_std.o)
                              /usr/lib/gcc/avr/4.8.2/../../../avr/lib/avr51/libc.a(sprintf.o) (vfprintf)
/usr/lib/gcc/avr/4.8.2/../../../avr/lib/avr51/libc.a(eerd_block_atmega1284p.o)
                              main.o (__eerd_block_m1284p)
/usr/lib/gcc/avr/4.8.2/../../../avr/lib/avr51/libc.a(eerd_byte_atmega1284p.o)
                              main.o (__eerd_byte_m1284p)
/usr/lib/gcc/avr/4.8.2/../../../avr/lib/avr51/libc.a(eerd_dword_atmega1284p.o)
                              main.o (__eerd_float_m1284p)
/usr/lib/gcc/avr/4.8.2/../../../avr/lib/avr51/libc.a(eewr_byte_atmega1284p.o)
                              main.o (__eewr_byte_m1284p)
/usr/lib/gcc/avr/4.8.2/../../../avr/lib/avr51/libc.a(strnlen_P.o)
                              /usr/lib/gcc/avr/4.8.2/../../../avr/lib/avr51/libc.a(vfprintf_std.o) (strnlen_P)
/usr/lib/gcc/avr/4.8.2/../../../avr/lib/avr51/libc.a(strnlen.o)
                              /usr/lib/gcc/avr/4.8.2/../../../avr/lib/avr51/libc.a(vfprintf_std.o) (strnlen)
/usr/lib/gcc/avr/4.8.2/../../../avr/lib/avr51/libc.a(fputc.o)
                              /usr/lib/gcc/avr/4.8.2/../../../avr/lib/avr51/libc.a(vfprintf_std.o) (fputc)
/usr/lib/gcc/avr/4.8.2/../../../avr/lib/avr51/libc.a(ultoa_invert.o)
                              /usr/lib/gcc/avr/4.8.2/../../../avr/lib/avr51/libc.a(vfprintf_std.o) (__ultoa_invert)

Allocating common symbols
Common symbol       size              file

all_stations        0x2               main.o
__brkval            0x2               /usr/lib/gcc/avr/4.8.2/../../../avr/lib/avr51/libc.a(malloc.o)
rxBuffer            0x80              main.o
__flp               0x2               /usr/lib/gcc/avr/4.8.2/../../../avr/lib/avr51/libc.a(malloc.o)

Memory Configuration

Name             Origin             Length             Attributes
text             0x0000000000000000 0x0000000000020000 xr
data             0x0000000000800100 0x000000000000ff00 rw !x
eeprom           0x0000000000810000 0x0000000000010000 rw !x
fuse             0x0000000000820000 0x0000000000000400 rw !x
lock             0x0000000000830000 0x0000000000000400 rw !x
signature        0x0000000000840000 0x0000000000000400 rw !x
user_signatures  0x0000000000850000 0x0000000000000400 rw !x
*default*        0x0000000000000000 0xffffffffffffffff

Linker script and memory map

Address of section .data set to 0x800100
LOAD /usr/lib/gcc/avr/4.8.2/../../../avr/lib/avr51/crtm1284p.o
LOAD main.o
LOAD display.o
LOAD /usr/lib/gcc/avr/4.8.2/../../../avr/lib/avr51/libm.a
START GROUP
LOAD /usr/lib/gcc/avr/4.8.2/avr51/libgcc.a
LOAD /usr/lib/gcc/avr/4.8.2/../../../avr/lib/avr51/libm.a
LOAD /usr/lib/gcc/avr/4.8.2/../../../avr/lib/avr51/libc.a
END GROUP

.hash
 *(.hash)

.dynsym
 *(.dynsym)

.dynstr
 *(.dynstr)

.gnu.version
 *(.gnu.version)

.gnu.version_d
 *(.gnu.version_d)

.gnu.version_r
 *(.gnu.version_r)

.rel.init
 *(.rel.init)

.rela.init
 *(.rela.init)

.rel.text
 *(.rel.text)
 *(.rel.text.*)
 *(.rel.gnu.linkonce.t*)

.rela.text
 *(.rela.text)
 *(.rela.text.*)
 *(.rela.gnu.linkonce.t*)

.rel.fini
 *(.rel.fini)

.rela.fini
 *(.rela.fini)

.rel.rodata
 *(.rel.rodata)
 *(.rel.rodata.*)
 *(.rel.gnu.linkonce.r*)

.rela.rodata
 *(.rela.rodata)
 *(.rela.rodata.*)
 *(.rela.gnu.linkonce.r*)

.rel.data
 *(.rel.data)
 *(.rel.data.*)
 *(.rel.gnu.linkonce.d*)

.rela.data
 *(.rela.data)
 *(.rela.data.*)
 *(.rela.gnu.linkonce.d*)

.rel.ctors
 *(.rel.ctors)

.rela.ctors
 *(.rela.ctors)

.rel.dtors
 *(.rel.dtors)

.rela.dtors
 *(.rela.dtors)

.rel.got
 *(.rel.got)

.rela.got
 *(.rela.got)

.rel.bss
 *(.rel.bss)

.rela.bss
 *(.rela.bss)

.rel.plt
 *(.rel.plt)

.rela.plt
 *(.rela.plt)

.text           0x0000000000000000     0x1e46
 *(.vectors)
 .vectors       0x0000000000000000       0x8c /usr/lib/gcc/avr/4.8.2/../../../avr/lib/avr51/crtm1284p.o
                0x0000000000000000                __vectors
                0x0000000000000000                __vector_default
 *(.vectors)
 *(.progmem.gcc*)
 .progmem.gcc_fplib
                0x000000000000008c       0x5a /usr/lib/gcc/avr/4.8.2/../../../avr/lib/avr51/libm.a(log.o)
 .progmem.gcc_fplib
                0x00000000000000e6       0x28 /usr/lib/gcc/avr/4.8.2/../../../avr/lib/avr51/libm.a(exp.o)
 *(.progmem*)
                0x000000000000010e                . = ALIGN (0x2)
                0x000000000000010e                __trampolines_start = .
 *(.trampolines)
 .trampolines   0x000000000000010e        0x0 linker stubs
 *(.trampolines*)
                0x000000000000010e                __trampolines_end = .
 *(.jumptables)
 *(.jumptables*)
 *(.lowtext)
 *(.lowtext*)
                0x000000000000010e                __ctors_start = .
 *(.ctors)
                0x000000000000010e                __ctors_end = .
                0x000000000000010e                __dtors_start = .
 *(.dtors)
                0x000000000000010e                __dtors_end = .
 SORT(*)(.ctors)
 SORT(*)(.dtors)
 *(.init0)
 .init0         0x000000000000010e        0x0 /usr/lib/gcc/avr/4.8.2/../../../avr/lib/avr51/crtm1284p.o
                0x000000000000010e                __init
 *(.init0)
 *(.init1)
 *(.init1)
 *(.init2)
 .init2         0x000000000000010e        0xc /usr/lib/gcc/avr/4.8.2/../../../avr/lib/avr51/crtm1284p.o
 *(.init2)
 *(.init3)
 *(.init3)
 *(.init4)
 .init4         0x000000000000011a       0x1a /usr/lib/gcc/avr/4.8.2/avr51/libgcc.a(_copy_data.o)
                0x000000000000011a                __do_copy_data
 .init4         0x0000000000000134       0x10 /usr/lib/gcc/avr/4.8.2/avr51/libgcc.a(_clear_bss.o)
                0x0000000000000134                __do_clear_bss
 *(.init4)
 *(.init5)
 *(.init5)
 *(.init6)
 *(.init6)
 *(.init7)
 *(.init7)
 *(.init8)
 *(.init8)
 *(.init9)
 .init9         0x0000000000000144        0x8 /usr/lib/gcc/avr/4.8.2/../../../avr/lib/avr51/crtm1284p.o
 *(.init9)
 *(.text)
 .text          0x000000000000014c        0x4 /usr/lib/gcc/avr/4.8.2/../../../avr/lib/avr51/crtm1284p.o
                0x000000000000014c                __vector_22
                0x000000000000014c                __vector_1
                0x000000000000014c                __vector_32
                0x000000000000014c                __vector_34
                0x000000000000014c                __vector_24
                0x000000000000014c                __vector_12
                0x000000000000014c                __bad_interrupt
                0x000000000000014c                __vector_6
                0x000000000000014c                __vector_31
                0x000000000000014c                __vector_3
                0x000000000000014c                __vector_23
                0x000000000000014c                __vector_30
                0x000000000000014c                __vector_25
                0x000000000000014c                __vector_11
                0x000000000000014c                __vector_13
                0x000000000000014c                __vector_17
                0x000000000000014c                __vector_19
                0x000000000000014c                __vector_7
                0x000000000000014c                __vector_27
                0x000000000000014c                __vector_5
                0x000000000000014c                __vector_33
                0x000000000000014c                __vector_4
                0x000000000000014c                __vector_9
                0x000000000000014c                __vector_2
                0x000000000000014c                __vector_21
                0x000000000000014c                __vector_15
                0x000000000000014c                __vector_29
                0x000000000000014c                __vector_8
                0x000000000000014c                __vector_26
                0x000000000000014c                __vector_14
                0x000000000000014c                __vector_10
                0x000000000000014c                __vector_16
                0x000000000000014c                __vector_18
                0x000000000000014c                __vector_20
 .text          0x0000000000000150      0x798 main.o
                0x0000000000000150                InitUSART
                0x000000000000017a                peekChar
                0x0000000000000198                getChar
                0x00000000000001ba                serialStart
                0x00000000000001e4                __vector_28
                0x000000000000028c                serialEnd
                0x00000000000002b6                my_eeprom_read_int
                0x00000000000002d6                my_eeprom_read_char
                0x00000000000002da                my_eeprom_read_float
                0x00000000000002de                my_eeprom_read_string
                0x00000000000002e2                string_write_int
                0x0000000000000330                string_write_float
                0x000000000000042a                print_eeprom_contents
                0x000000000000047a                print_eeprom_station_contents
                0x00000000000004ca                print_callsign
                0x000000000000050a                print_station
                0x00000000000006ba                prepare_device
                0x00000000000006de                database_load
                0x000000000000082a                database_free
                0x0000000000000860                print_all_known_stations
 .text          0x00000000000008e8      0x42e display.o
                0x00000000000008e8                datarw
                0x00000000000008fa                lcd_init
                0x0000000000000a6c                letterwrite
                0x0000000000000aac                instruction_read
                0x0000000000000b84                get_current_address
                0x0000000000000b90                write_db74
                0x0000000000000bba                set_ddram_address
                0x0000000000000c12                data_write
                0x0000000000000c6a                char_write
                0x0000000000000cd2                string_write
 .text          0x0000000000000d16        0x0 /usr/lib/gcc/avr/4.8.2/../../../avr/lib/avr51/libm.a(addsf3.o)
 .text          0x0000000000000d16        0x0 /usr/lib/gcc/avr/4.8.2/../../../avr/lib/avr51/libm.a(addsf3x.o)
 .text          0x0000000000000d16        0x0 /usr/lib/gcc/avr/4.8.2/../../../avr/lib/avr51/libm.a(fixsfsi.o)
 .text          0x0000000000000d16        0x0 /usr/lib/gcc/avr/4.8.2/../../../avr/lib/avr51/libm.a(fixunssfsi.o)
 .text          0x0000000000000d16        0x0 /usr/lib/gcc/avr/4.8.2/../../../avr/lib/avr51/libm.a(floatsisf.o)
 .text          0x0000000000000d16        0x0 /usr/lib/gcc/avr/4.8.2/../../../avr/lib/avr51/libm.a(floor.o)
 .text          0x0000000000000d16        0x0 /usr/lib/gcc/avr/4.8.2/../../../avr/lib/avr51/libm.a(fp_inf.o)
 .text          0x0000000000000d16        0x0 /usr/lib/gcc/avr/4.8.2/../../../avr/lib/avr51/libm.a(fp_mintl.o)
 .text          0x0000000000000d16        0x0 /usr/lib/gcc/avr/4.8.2/../../../avr/lib/avr51/libm.a(fp_mpack.o)
 .text          0x0000000000000d16        0x0 /usr/lib/gcc/avr/4.8.2/../../../avr/lib/avr51/libm.a(fp_nan.o)
 .text          0x0000000000000d16        0x0 /usr/lib/gcc/avr/4.8.2/../../../avr/lib/avr51/libm.a(fp_pscA.o)
 .text          0x0000000000000d16        0x0 /usr/lib/gcc/avr/4.8.2/../../../avr/lib/avr51/libm.a(fp_pscB.o)
 .text          0x0000000000000d16        0x0 /usr/lib/gcc/avr/4.8.2/../../../avr/lib/avr51/libm.a(fp_round.o)
 .text          0x0000000000000d16        0x0 /usr/lib/gcc/avr/4.8.2/../../../avr/lib/avr51/libm.a(fp_split3.o)
 .text          0x0000000000000d16        0x0 /usr/lib/gcc/avr/4.8.2/../../../avr/lib/avr51/libm.a(fp_trunc.o)
 .text          0x0000000000000d16        0x0 /usr/lib/gcc/avr/4.8.2/../../../avr/lib/avr51/libm.a(fp_zero.o)
 .text          0x0000000000000d16        0x0 /usr/lib/gcc/avr/4.8.2/../../../avr/lib/avr51/libm.a(log10.o)
 .text          0x0000000000000d16        0x0 /usr/lib/gcc/avr/4.8.2/../../../avr/lib/avr51/libm.a(log.o)
 .text          0x0000000000000d16        0x0 /usr/lib/gcc/avr/4.8.2/../../../avr/lib/avr51/libm.a(modf.o)
 .text          0x0000000000000d16        0x0 /usr/lib/gcc/avr/4.8.2/../../../avr/lib/avr51/libm.a(mulsf3.o)
 .text          0x0000000000000d16        0x0 /usr/lib/gcc/avr/4.8.2/../../../avr/lib/avr51/libm.a(mulsf3x.o)
 .text          0x0000000000000d16        0x0 /usr/lib/gcc/avr/4.8.2/../../../avr/lib/avr51/libm.a(pow.o)
 .text          0x0000000000000d16        0x0 /usr/lib/gcc/avr/4.8.2/../../../avr/lib/avr51/libm.a(round.o)
 .text          0x0000000000000d16        0x0 /usr/lib/gcc/avr/4.8.2/../../../avr/lib/avr51/libm.a(exp.o)
 .text          0x0000000000000d16        0x0 /usr/lib/gcc/avr/4.8.2/../../../avr/lib/avr51/libm.a(fp_powser.o)
 .text          0x0000000000000d16        0x0 /usr/lib/gcc/avr/4.8.2/../../../avr/lib/avr51/libm.a(inverse.o)
 .text          0x0000000000000d16        0x0 /usr/lib/gcc/avr/4.8.2/../../../avr/lib/avr51/libm.a(ldexp.o)
 .text          0x0000000000000d16        0x0 /usr/lib/gcc/avr/4.8.2/../../../avr/lib/avr51/libm.a(divsf3.o)
 .text          0x0000000000000d16        0x0 /usr/lib/gcc/avr/4.8.2/../../../avr/lib/avr51/libm.a(divsf3x.o)
 .text          0x0000000000000d16        0x0 /usr/lib/gcc/avr/4.8.2/avr51/libgcc.a(_exit.o)
 .text          0x0000000000000d16        0x0 /usr/lib/gcc/avr/4.8.2/avr51/libgcc.a(_copy_data.o)
 .text          0x0000000000000d16        0x0 /usr/lib/gcc/avr/4.8.2/avr51/libgcc.a(_clear_bss.o)
 .text          0x0000000000000d16        0x0 /usr/lib/gcc/avr/4.8.2/../../../avr/lib/avr51/libc.a(malloc.o)
 .text          0x0000000000000d16        0x0 /usr/lib/gcc/avr/4.8.2/../../../avr/lib/avr51/libc.a(atoi.o)
 .text          0x0000000000000d16        0x0 /usr/lib/gcc/avr/4.8.2/../../../avr/lib/avr51/libc.a(mul10.o)
 .text          0x0000000000000d16        0x0 /usr/lib/gcc/avr/4.8.2/../../../avr/lib/avr51/libc.a(sprintf.o)
 .text          0x0000000000000d16        0x0 /usr/lib/gcc/avr/4.8.2/../../../avr/lib/avr51/libc.a(vfprintf_std.o)
 .text          0x0000000000000d16        0x0 /usr/lib/gcc/avr/4.8.2/../../../avr/lib/avr51/libc.a(eerd_block_atmega1284p.o)
 .text          0x0000000000000d16        0x0 /usr/lib/gcc/avr/4.8.2/../../../avr/lib/avr51/libc.a(eerd_byte_atmega1284p.o)
 .text          0x0000000000000d16        0x0 /usr/lib/gcc/avr/4.8.2/../../../avr/lib/avr51/libc.a(eerd_dword_atmega1284p.o)
 .text          0x0000000000000d16        0x0 /usr/lib/gcc/avr/4.8.2/../../../avr/lib/avr51/libc.a(eewr_byte_atmega1284p.o)
 .text          0x0000000000000d16        0x0 /usr/lib/gcc/avr/4.8.2/../../../avr/lib/avr51/libc.a(strnlen_P.o)
 .text          0x0000000000000d16        0x0 /usr/lib/gcc/avr/4.8.2/../../../avr/lib/avr51/libc.a(strnlen.o)
 .text          0x0000000000000d16        0x0 /usr/lib/gcc/avr/4.8.2/../../../avr/lib/avr51/libc.a(fputc.o)
 .text          0x0000000000000d16        0x0 /usr/lib/gcc/avr/4.8.2/../../../avr/lib/avr51/libc.a(ultoa_invert.o)
                0x0000000000000d16                . = ALIGN (0x2)
 *(.text.*)
 .text.startup  0x0000000000000d16      0x11c main.o
                0x0000000000000d16                main
 .text.avr-libc.fplib
                0x0000000000000e32        0xa /usr/lib/gcc/avr/4.8.2/../../../avr/lib/avr51/libm.a(addsf3.o)
                0x0000000000000e32                __subsf3
                0x0000000000000e34                __addsf3
 .text.avr-libc.fplib
                0x0000000000000e3c       0xc0 /usr/lib/gcc/avr/4.8.2/../../../avr/lib/avr51/libm.a(addsf3x.o)
                0x0000000000000e56                __addsf3x
 .text.avr-libc.fplib
                0x0000000000000efc        0xa /usr/lib/gcc/avr/4.8.2/../../../avr/lib/avr51/libm.a(fixsfsi.o)
                0x0000000000000efc                __fixsfsi
 .text.avr-libc.fplib
                0x0000000000000f06       0x58 /usr/lib/gcc/avr/4.8.2/../../../avr/lib/avr51/libm.a(fixunssfsi.o)
                0x0000000000000f06                __fixunssfsi
 .text.avr-libc.fplib
                0x0000000000000f5e       0x7a /usr/lib/gcc/avr/4.8.2/../../../avr/lib/avr51/libm.a(floatsisf.o)
                0x0000000000000f5e                __floatunsisf
                0x0000000000000f62                __floatsisf
 .text.avr-libc.fplib
                0x0000000000000fd8       0x26 /usr/lib/gcc/avr/4.8.2/../../../avr/lib/avr51/libm.a(floor.o)
                0x0000000000000fd8                floor
 .text.avr-libc.fplib
                0x0000000000000ffe        0xc /usr/lib/gcc/avr/4.8.2/../../../avr/lib/avr51/libm.a(fp_inf.o)
                0x0000000000000ffe                __fp_inf
 .text.avr-libc.fplib
                0x000000000000100a       0x36 /usr/lib/gcc/avr/4.8.2/../../../avr/lib/avr51/libm.a(fp_mintl.o)
                0x000000000000100a                __fp_mintl
 .text.avr-libc.fplib
                0x0000000000001040       0x1c /usr/lib/gcc/avr/4.8.2/../../../avr/lib/avr51/libm.a(fp_mpack.o)
                0x0000000000001040                __fp_mpack
                0x0000000000001044                __fp_mpack_finite
 .text.avr-libc.fplib
                0x000000000000105c        0x6 /usr/lib/gcc/avr/4.8.2/../../../avr/lib/avr51/libm.a(fp_nan.o)
                0x000000000000105c                __fp_nan
 .text.avr-libc.fplib
                0x0000000000001062        0xe /usr/lib/gcc/avr/4.8.2/../../../avr/lib/avr51/libm.a(fp_pscA.o)
                0x0000000000001062                __fp_pscA
 .text.avr-libc.fplib
                0x0000000000001070        0xe /usr/lib/gcc/avr/4.8.2/../../../avr/lib/avr51/libm.a(fp_pscB.o)
                0x0000000000001070                __fp_pscB
 .text.avr-libc.fplib
                0x000000000000107e       0x22 /usr/lib/gcc/avr/4.8.2/../../../avr/lib/avr51/libm.a(fp_round.o)
                0x000000000000107e                __fp_round
 .text.avr-libc.fplib
                0x00000000000010a0       0x44 /usr/lib/gcc/avr/4.8.2/../../../avr/lib/avr51/libm.a(fp_split3.o)
                0x00000000000010a0                __fp_split3
                0x00000000000010b0                __fp_splitA
 .text.avr-libc.fplib
                0x00000000000010e4       0x2e /usr/lib/gcc/avr/4.8.2/../../../avr/lib/avr51/libm.a(fp_trunc.o)
                0x00000000000010e4                __fp_trunc
 .text.avr-libc.fplib
                0x0000000000001112        0xe /usr/lib/gcc/avr/4.8.2/../../../avr/lib/avr51/libm.a(fp_zero.o)
                0x0000000000001112                __fp_zero
                0x0000000000001114                __fp_szero
 .text.avr-libc.fplib
                0x0000000000001120        0xc /usr/lib/gcc/avr/4.8.2/../../../avr/lib/avr51/libm.a(log10.o)
                0x0000000000001120                log10
 .text.avr-libc.fplib
                0x000000000000112c       0x8a /usr/lib/gcc/avr/4.8.2/../../../avr/lib/avr51/libm.a(log.o)
                0x0000000000001136                log
 .text.avr-libc.fplib
                0x00000000000011b6       0x66 /usr/lib/gcc/avr/4.8.2/../../../avr/lib/avr51/libm.a(modf.o)
                0x00000000000011b6                modff
                0x00000000000011b6                modf
 .text.avr-libc.fplib
                0x000000000000121c        0x4 /usr/lib/gcc/avr/4.8.2/../../../avr/lib/avr51/libm.a(mulsf3.o)
                0x000000000000121c                __mulsf3
 .text.avr-libc.fplib
                0x0000000000001220       0xc2 /usr/lib/gcc/avr/4.8.2/../../../avr/lib/avr51/libm.a(mulsf3x.o)
                0x0000000000001234                __mulsf3x
                0x0000000000001238                __mulsf3_pse
 .text.avr-libc.fplib
                0x00000000000012e2       0x98 /usr/lib/gcc/avr/4.8.2/../../../avr/lib/avr51/libm.a(pow.o)
                0x00000000000012e2                pow
 .text.avr-libc.fplib
                0x000000000000137a       0x40 /usr/lib/gcc/avr/4.8.2/../../../avr/lib/avr51/libm.a(round.o)
                0x000000000000137a                round
 .text.avr-libc.fplib
                0x00000000000013ba       0x62 /usr/lib/gcc/avr/4.8.2/../../../avr/lib/avr51/libm.a(exp.o)
                0x00000000000013c4                exp
 .text.avr-libc.fplib
                0x000000000000141c       0x4a /usr/lib/gcc/avr/4.8.2/../../../avr/lib/avr51/libm.a(fp_powser.o)
                0x000000000000141c                __fp_powser
 .text.avr-libc.fplib
                0x0000000000001466        0xe /usr/lib/gcc/avr/4.8.2/../../../avr/lib/avr51/libm.a(inverse.o)
                0x0000000000001466                inverse
 .text.avr-libc.fplib
                0x0000000000001474       0x6c /usr/lib/gcc/avr/4.8.2/../../../avr/lib/avr51/libm.a(ldexp.o)
                0x0000000000001478                ldexp
 .text.avr-libc.fplib
                0x00000000000014e0        0x4 /usr/lib/gcc/avr/4.8.2/../../../avr/lib/avr51/libm.a(divsf3.o)
                0x00000000000014e0                __divsf3
 .text.avr-libc.fplib
                0x00000000000014e4       0xcc /usr/lib/gcc/avr/4.8.2/../../../avr/lib/avr51/libm.a(divsf3x.o)
                0x00000000000014fa                __divsf3x
                0x00000000000014fe                __divsf3_pse
 .text.libgcc.mul
                0x00000000000015b0        0x0 /usr/lib/gcc/avr/4.8.2/avr51/libgcc.a(_exit.o)
 .text.libgcc.div
                0x00000000000015b0        0x0 /usr/lib/gcc/avr/4.8.2/avr51/libgcc.a(_exit.o)
 .text.libgcc   0x00000000000015b0        0x0 /usr/lib/gcc/avr/4.8.2/avr51/libgcc.a(_exit.o)
 .text.libgcc.prologue
                0x00000000000015b0        0x0 /usr/lib/gcc/avr/4.8.2/avr51/libgcc.a(_exit.o)
 .text.libgcc.builtins
                0x00000000000015b0        0x0 /usr/lib/gcc/avr/4.8.2/avr51/libgcc.a(_exit.o)
 .text.libgcc.fmul
                0x00000000000015b0        0x0 /usr/lib/gcc/avr/4.8.2/avr51/libgcc.a(_exit.o)
 .text.libgcc.fixed
                0x00000000000015b0        0x0 /usr/lib/gcc/avr/4.8.2/avr51/libgcc.a(_exit.o)
 .text.libgcc.mul
                0x00000000000015b0        0x0 /usr/lib/gcc/avr/4.8.2/avr51/libgcc.a(_copy_data.o)
 .text.libgcc.div
                0x00000000000015b0        0x0 /usr/lib/gcc/avr/4.8.2/avr51/libgcc.a(_copy_data.o)
 .text.libgcc   0x00000000000015b0        0x0 /usr/lib/gcc/avr/4.8.2/avr51/libgcc.a(_copy_data.o)
 .text.libgcc.prologue
                0x00000000000015b0        0x0 /usr/lib/gcc/avr/4.8.2/avr51/libgcc.a(_copy_data.o)
 .text.libgcc.builtins
                0x00000000000015b0        0x0 /usr/lib/gcc/avr/4.8.2/avr51/libgcc.a(_copy_data.o)
 .text.libgcc.fmul
                0x00000000000015b0        0x0 /usr/lib/gcc/avr/4.8.2/avr51/libgcc.a(_copy_data.o)
 .text.libgcc.fixed
                0x00000000000015b0        0x0 /usr/lib/gcc/avr/4.8.2/avr51/libgcc.a(_copy_data.o)
 .text.libgcc.mul
                0x00000000000015b0        0x0 /usr/lib/gcc/avr/4.8.2/avr51/libgcc.a(_clear_bss.o)
 .text.libgcc.div
                0x00000000000015b0        0x0 /usr/lib/gcc/avr/4.8.2/avr51/libgcc.a(_clear_bss.o)
 .text.libgcc   0x00000000000015b0        0x0 /usr/lib/gcc/avr/4.8.2/avr51/libgcc.a(_clear_bss.o)
 .text.libgcc.prologue
                0x00000000000015b0        0x0 /usr/lib/gcc/avr/4.8.2/avr51/libgcc.a(_clear_bss.o)
 .text.libgcc.builtins
                0x00000000000015b0        0x0 /usr/lib/gcc/avr/4.8.2/avr51/libgcc.a(_clear_bss.o)
 .text.libgcc.fmul
                0x00000000000015b0        0x0 /usr/lib/gcc/avr/4.8.2/avr51/libgcc.a(_clear_bss.o)
 .text.libgcc.fixed
                0x00000000000015b0        0x0 /usr/lib/gcc/avr/4.8.2/avr51/libgcc.a(_clear_bss.o)
 .text.avr-libc
                0x00000000000015b0      0x24e /usr/lib/gcc/avr/4.8.2/../../../avr/lib/avr51/libc.a(malloc.o)
                0x00000000000015b0                malloc
                0x00000000000016e0                free
 .text.avr-libc
                0x00000000000017fe       0x3c /usr/lib/gcc/avr/4.8.2/../../../avr/lib/avr51/libc.a(atoi.o)
                0x00000000000017fe                atoi
 .text.avr-libc
                0x000000000000183a       0x10 /usr/lib/gcc/avr/4.8.2/../../../avr/lib/avr51/libc.a(mul10.o)
                0x000000000000183a                __mulhi_const_10
 .text.avr-libc
                0x000000000000184a       0x5e /usr/lib/gcc/avr/4.8.2/../../../avr/lib/avr51/libc.a(sprintf.o)
                0x000000000000184a                sprintf
 .text.avr-libc
                0x00000000000018a8      0x3f6 /usr/lib/gcc/avr/4.8.2/../../../avr/lib/avr51/libc.a(vfprintf_std.o)
                0x00000000000018a8                vfprintf
 .text.avr-libc
                0x0000000000001c9e       0x20 /usr/lib/gcc/avr/4.8.2/../../../avr/lib/avr51/libc.a(eerd_block_atmega1284p.o)
                0x0000000000001c9e                __eerd_block_m1284p
                0x0000000000001ca2                __eerd_blraw_m1284p
 .text.avr-libc
                0x0000000000001cbe       0x10 /usr/lib/gcc/avr/4.8.2/../../../avr/lib/avr51/libc.a(eerd_byte_atmega1284p.o)
                0x0000000000001cbe                __eerd_byte_m1284p
 .text.avr-libc
                0x0000000000001cce        0xc /usr/lib/gcc/avr/4.8.2/../../../avr/lib/avr51/libc.a(eerd_dword_atmega1284p.o)
                0x0000000000001cce                __eerd_dword_m1284p
                0x0000000000001cce                __eerd_float_m1284p
 .text.avr-libc
                0x0000000000001cda       0x1c /usr/lib/gcc/avr/4.8.2/../../../avr/lib/avr51/libc.a(eewr_byte_atmega1284p.o)
                0x0000000000001cda                __eewr_byte_m1284p
                0x0000000000001cdc                __eewr_r18_m1284p
 .text.avr-libc
                0x0000000000001cf6       0x16 /usr/lib/gcc/avr/4.8.2/../../../avr/lib/avr51/libc.a(strnlen_P.o)
                0x0000000000001cf6                strnlen_P
 .text.avr-libc
                0x0000000000001d0c       0x16 /usr/lib/gcc/avr/4.8.2/../../../avr/lib/avr51/libc.a(strnlen.o)
                0x0000000000001d0c                strnlen
 .text.avr-libc
                0x0000000000001d22       0x64 /usr/lib/gcc/avr/4.8.2/../../../avr/lib/avr51/libc.a(fputc.o)
                0x0000000000001d22                fputc
 .text.avr-libc
                0x0000000000001d86       0xbc /usr/lib/gcc/avr/4.8.2/../../../avr/lib/avr51/libc.a(ultoa_invert.o)
                0x0000000000001d86                __ultoa_invert
                0x0000000000001e42                . = ALIGN (0x2)
 *(.fini9)
 .fini9         0x0000000000001e42        0x0 /usr/lib/gcc/avr/4.8.2/avr51/libgcc.a(_exit.o)
                0x0000000000001e42                exit
                0x0000000000001e42                _exit
 *(.fini9)
 *(.fini8)
 *(.fini8)
 *(.fini7)
 *(.fini7)
 *(.fini6)
 *(.fini6)
 *(.fini5)
 *(.fini5)
 *(.fini4)
 *(.fini4)
 *(.fini3)
 *(.fini3)
 *(.fini2)
 *(.fini2)
 *(.fini1)
 *(.fini1)
 *(.fini0)
 .fini0         0x0000000000001e42        0x4 /usr/lib/gcc/avr/4.8.2/avr51/libgcc.a(_exit.o)
 *(.fini0)
                0x0000000000001e46                _etext = .

.data           0x0000000000800100       0x6c load address 0x0000000000001e46
                0x0000000000800100                PROVIDE (__data_start, .)
 *(.data)
 .data          0x0000000000800100        0x0 /usr/lib/gcc/avr/4.8.2/../../../avr/lib/avr51/crtm1284p.o
 .data          0x0000000000800100        0x2 main.o
                0x0000000000800100                serialEndChar
                0x0000000000800101                serialStartChar
 .data          0x0000000000800102        0x2 display.o
                0x0000000000800102                line_num
 .data          0x0000000000800104        0x0 /usr/lib/gcc/avr/4.8.2/../../../avr/lib/avr51/libm.a(addsf3.o)
 .data          0x0000000000800104        0x0 /usr/lib/gcc/avr/4.8.2/../../../avr/lib/avr51/libm.a(addsf3x.o)
 .data          0x0000000000800104        0x0 /usr/lib/gcc/avr/4.8.2/../../../avr/lib/avr51/libm.a(fixsfsi.o)
 .data          0x0000000000800104        0x0 /usr/lib/gcc/avr/4.8.2/../../../avr/lib/avr51/libm.a(fixunssfsi.o)
 .data          0x0000000000800104        0x0 /usr/lib/gcc/avr/4.8.2/../../../avr/lib/avr51/libm.a(floatsisf.o)
 .data          0x0000000000800104        0x0 /usr/lib/gcc/avr/4.8.2/../../../avr/lib/avr51/libm.a(floor.o)
 .data          0x0000000000800104        0x0 /usr/lib/gcc/avr/4.8.2/../../../avr/lib/avr51/libm.a(fp_inf.o)
 .data          0x0000000000800104        0x0 /usr/lib/gcc/avr/4.8.2/../../../avr/lib/avr51/libm.a(fp_mintl.o)
 .data          0x0000000000800104        0x0 /usr/lib/gcc/avr/4.8.2/../../../avr/lib/avr51/libm.a(fp_mpack.o)
 .data          0x0000000000800104        0x0 /usr/lib/gcc/avr/4.8.2/../../../avr/lib/avr51/libm.a(fp_nan.o)
 .data          0x0000000000800104        0x0 /usr/lib/gcc/avr/4.8.2/../../../avr/lib/avr51/libm.a(fp_pscA.o)
 .data          0x0000000000800104        0x0 /usr/lib/gcc/avr/4.8.2/../../../avr/lib/avr51/libm.a(fp_pscB.o)
 .data          0x0000000000800104        0x0 /usr/lib/gcc/avr/4.8.2/../../../avr/lib/avr51/libm.a(fp_round.o)
 .data          0x0000000000800104        0x0 /usr/lib/gcc/avr/4.8.2/../../../avr/lib/avr51/libm.a(fp_split3.o)
 .data          0x0000000000800104        0x0 /usr/lib/gcc/avr/4.8.2/../../../avr/lib/avr51/libm.a(fp_trunc.o)
 .data          0x0000000000800104        0x0 /usr/lib/gcc/avr/4.8.2/../../../avr/lib/avr51/libm.a(fp_zero.o)
 .data          0x0000000000800104        0x0 /usr/lib/gcc/avr/4.8.2/../../../avr/lib/avr51/libm.a(log10.o)
 .data          0x0000000000800104        0x0 /usr/lib/gcc/avr/4.8.2/../../../avr/lib/avr51/libm.a(log.o)
 .data          0x0000000000800104        0x0 /usr/lib/gcc/avr/4.8.2/../../../avr/lib/avr51/libm.a(modf.o)
 .data          0x0000000000800104        0x0 /usr/lib/gcc/avr/4.8.2/../../../avr/lib/avr51/libm.a(mulsf3.o)
 .data          0x0000000000800104        0x0 /usr/lib/gcc/avr/4.8.2/../../../avr/lib/avr51/libm.a(mulsf3x.o)
 .data          0x0000000000800104        0x0 /usr/lib/gcc/avr/4.8.2/../../../avr/lib/avr51/libm.a(pow.o)
 .data          0x0000000000800104        0x0 /usr/lib/gcc/avr/4.8.2/../../../avr/lib/avr51/libm.a(round.o)
 .data          0x0000000000800104        0x0 /usr/lib/gcc/avr/4.8.2/../../../avr/lib/avr51/libm.a(exp.o)
 .data          0x0000000000800104        0x0 /usr/lib/gcc/avr/4.8.2/../../../avr/lib/avr51/libm.a(fp_powser.o)
 .data          0x0000000000800104        0x0 /usr/lib/gcc/avr/4.8.2/../../../avr/lib/avr51/libm.a(inverse.o)
 .data          0x0000000000800104        0x0 /usr/lib/gcc/avr/4.8.2/../../../avr/lib/avr51/libm.a(ldexp.o)
 .data          0x0000000000800104        0x0 /usr/lib/gcc/avr/4.8.2/../../../avr/lib/avr51/libm.a(divsf3.o)
 .data          0x0000000000800104        0x0 /usr/lib/gcc/avr/4.8.2/../../../avr/lib/avr51/libm.a(divsf3x.o)
 .data          0x0000000000800104        0x0 /usr/lib/gcc/avr/4.8.2/avr51/libgcc.a(_exit.o)
 .data          0x0000000000800104        0x0 /usr/lib/gcc/avr/4.8.2/avr51/libgcc.a(_copy_data.o)
 .data          0x0000000000800104        0x0 /usr/lib/gcc/avr/4.8.2/avr51/libgcc.a(_clear_bss.o)
 .data          0x0000000000800104        0x6 /usr/lib/gcc/avr/4.8.2/../../../avr/lib/avr51/libc.a(malloc.o)
                0x0000000000800104                __malloc_heap_end
                0x0000000000800106                __malloc_heap_start
                0x0000000000800108                __malloc_margin
 .data          0x000000000080010a        0x0 /usr/lib/gcc/avr/4.8.2/../../../avr/lib/avr51/libc.a(atoi.o)
 .data          0x000000000080010a        0x0 /usr/lib/gcc/avr/4.8.2/../../../avr/lib/avr51/libc.a(mul10.o)
 .data          0x000000000080010a        0x0 /usr/lib/gcc/avr/4.8.2/../../../avr/lib/avr51/libc.a(sprintf.o)
 .data          0x000000000080010a        0x0 /usr/lib/gcc/avr/4.8.2/../../../avr/lib/avr51/libc.a(vfprintf_std.o)
 .data          0x000000000080010a        0x0 /usr/lib/gcc/avr/4.8.2/../../../avr/lib/avr51/libc.a(eerd_block_atmega1284p.o)
 .data          0x000000000080010a        0x0 /usr/lib/gcc/avr/4.8.2/../../../avr/lib/avr51/libc.a(eerd_byte_atmega1284p.o)
 .data          0x000000000080010a        0x0 /usr/lib/gcc/avr/4.8.2/../../../avr/lib/avr51/libc.a(eerd_dword_atmega1284p.o)
 .data          0x000000000080010a        0x0 /usr/lib/gcc/avr/4.8.2/../../../avr/lib/avr51/libc.a(eewr_byte_atmega1284p.o)
 .data          0x000000000080010a        0x0 /usr/lib/gcc/avr/4.8.2/../../../avr/lib/avr51/libc.a(strnlen_P.o)
 .data          0x000000000080010a        0x0 /usr/lib/gcc/avr/4.8.2/../../../avr/lib/avr51/libc.a(strnlen.o)
 .data          0x000000000080010a        0x0 /usr/lib/gcc/avr/4.8.2/../../../avr/lib/avr51/libc.a(fputc.o)
 .data          0x000000000080010a        0x0 /usr/lib/gcc/avr/4.8.2/../../../avr/lib/avr51/libc.a(ultoa_invert.o)
 *(.data*)
 *(.rodata)
 *(.rodata*)
 .rodata.str1.1
                0x000000000080010a       0x62 main.o
                                         0x67 (size before relaxing)
 *(.gnu.linkonce.d*)
                0x000000000080016c                . = ALIGN (0x2)
                0x000000000080016c                _edata = .
                0x000000000080016c                PROVIDE (__data_end, .)

.bss            0x000000000080016c      0x229
                0x000000000080016c                PROVIDE (__bss_start, .)
 *(.bss)
 .bss           0x000000000080016c        0x0 /usr/lib/gcc/avr/4.8.2/../../../avr/lib/avr51/crtm1284p.o
 .bss           0x000000000080016c      0x1a1 main.o
                0x000000000080016c                read_index
                0x000000000080016e                read_ready
                0x0000000000800170                updating
                0x0000000000800172                eeprom_index
                0x0000000000800174                update_trigger
                0x0000000000800176                serial_history
                0x0000000000800179                rxWritePos
                0x000000000080017a                rxReadPos
                0x000000000080017b                cell_offsets
                0x0000000000800243                stations_in_cell
                0x000000000080030b                num_stations
 .bss           0x000000000080030d        0x2 display.o
                0x000000000080030d                chars_written
 .bss           0x000000000080030f        0x0 /usr/lib/gcc/avr/4.8.2/../../../avr/lib/avr51/libm.a(addsf3.o)
 .bss           0x000000000080030f        0x0 /usr/lib/gcc/avr/4.8.2/../../../avr/lib/avr51/libm.a(addsf3x.o)
 .bss           0x000000000080030f        0x0 /usr/lib/gcc/avr/4.8.2/../../../avr/lib/avr51/libm.a(fixsfsi.o)
 .bss           0x000000000080030f        0x0 /usr/lib/gcc/avr/4.8.2/../../../avr/lib/avr51/libm.a(fixunssfsi.o)
 .bss           0x000000000080030f        0x0 /usr/lib/gcc/avr/4.8.2/../../../avr/lib/avr51/libm.a(floatsisf.o)
 .bss           0x000000000080030f        0x0 /usr/lib/gcc/avr/4.8.2/../../../avr/lib/avr51/libm.a(floor.o)
 .bss           0x000000000080030f        0x0 /usr/lib/gcc/avr/4.8.2/../../../avr/lib/avr51/libm.a(fp_inf.o)
 .bss           0x000000000080030f        0x0 /usr/lib/gcc/avr/4.8.2/../../../avr/lib/avr51/libm.a(fp_mintl.o)
 .bss           0x000000000080030f        0x0 /usr/lib/gcc/avr/4.8.2/../../../avr/lib/avr51/libm.a(fp_mpack.o)
 .bss           0x000000000080030f        0x0 /usr/lib/gcc/avr/4.8.2/../../../avr/lib/avr51/libm.a(fp_nan.o)
 .bss           0x000000000080030f        0x0 /usr/lib/gcc/avr/4.8.2/../../../avr/lib/avr51/libm.a(fp_pscA.o)
 .bss           0x000000000080030f        0x0 /usr/lib/gcc/avr/4.8.2/../../../avr/lib/avr51/libm.a(fp_pscB.o)
 .bss           0x000000000080030f        0x0 /usr/lib/gcc/avr/4.8.2/../../../avr/lib/avr51/libm.a(fp_round.o)
 .bss           0x000000000080030f        0x0 /usr/lib/gcc/avr/4.8.2/../../../avr/lib/avr51/libm.a(fp_split3.o)
 .bss           0x000000000080030f        0x0 /usr/lib/gcc/avr/4.8.2/../../../avr/lib/avr51/libm.a(fp_trunc.o)
 .bss           0x000000000080030f        0x0 /usr/lib/gcc/avr/4.8.2/../../../avr/lib/avr51/libm.a(fp_zero.o)
 .bss           0x000000000080030f        0x0 /usr/lib/gcc/avr/4.8.2/../../../avr/lib/avr51/libm.a(log10.o)
 .bss           0x000000000080030f        0x0 /usr/lib/gcc/avr/4.8.2/../../../avr/lib/avr51/libm.a(log.o)
 .bss           0x000000000080030f        0x0 /usr/lib/gcc/avr/4.8.2/../../../avr/lib/avr51/libm.a(modf.o)
 .bss           0x000000000080030f        0x0 /usr/lib/gcc/avr/4.8.2/../../../avr/lib/avr51/libm.a(mulsf3.o)
 .bss           0x000000000080030f        0x0 /usr/lib/gcc/avr/4.8.2/../../../avr/lib/avr51/libm.a(mulsf3x.o)
 .bss           0x000000000080030f        0x0 /usr/lib/gcc/avr/4.8.2/../../../avr/lib/avr51/libm.a(pow.o)
 .bss           0x000000000080030f        0x0 /usr/lib/gcc/avr/4.8.2/../../../avr/lib/avr51/libm.a(round.o)
 .bss           0x000000000080030f        0x0 /usr/lib/gcc/avr/4.8.2/../../../avr/lib/avr51/libm.a(exp.o)
 .bss           0x000000000080030f        0x0 /usr/lib/gcc/avr/4.8.2/../../../avr/lib/avr51/libm.a(fp_powser.o)
 .bss           0x000000000080030f        0x0 /usr/lib/gcc/avr/4.8.2/../../../avr/lib/avr51/libm.a(inverse.o)
 .bss           0x000000000080030f        0x0 /usr/lib/gcc/avr/4.8.2/../../../avr/lib/avr51/libm.a(ldexp.o)
 .bss           0x000000000080030f        0x0 /usr/lib/gcc/avr/4.8.2/../../../avr/lib/avr51/libm.a(divsf3.o)
 .bss           0x000000000080030f        0x0 /usr/lib/gcc/avr/4.8.2/../../../avr/lib/avr51/libm.a(divsf3x.o)
 .bss           0x000000000080030f        0x0 /usr/lib/gcc/avr/4.8.2/avr51/libgcc.a(_exit.o)
 .bss           0x000000000080030f        0x0 /usr/lib/gcc/avr/4.8.2/avr51/libgcc.a(_copy_data.o)
 .bss           0x000000000080030f        0x0 /usr/lib/gcc/avr/4.8.2/avr51/libgcc.a(_clear_bss.o)
 .bss           0x000000000080030f        0x0 /usr/lib/gcc/avr/4.8.2/../../../avr/lib/avr51/libc.a(malloc.o)
 .bss           0x000000000080030f        0x0 /usr/lib/gcc/avr/4.8.2/../../../avr/lib/avr51/libc.a(atoi.o)
 .bss           0x000000000080030f        0x0 /usr/lib/gcc/avr/4.8.2/../../../avr/lib/avr51/libc.a(mul10.o)
 .bss           0x000000000080030f        0x0 /usr/lib/gcc/avr/4.8.2/../../../avr/lib/avr51/libc.a(sprintf.o)
 .bss           0x000000000080030f        0x0 /usr/lib/gcc/avr/4.8.2/../../../avr/lib/avr51/libc.a(vfprintf_std.o)
 .bss           0x000000000080030f        0x0 /usr/lib/gcc/avr/4.8.2/../../../avr/lib/avr51/libc.a(eerd_block_atmega1284p.o)
 .bss           0x000000000080030f        0x0 /usr/lib/gcc/avr/4.8.2/../../../avr/lib/avr51/libc.a(eerd_byte_atmega1284p.o)
 .bss           0x000000000080030f        0x0 /usr/lib/gcc/avr/4.8.2/../../../avr/lib/avr51/libc.a(eerd_dword_atmega1284p.o)
 .bss           0x000000000080030f        0x0 /usr/lib/gcc/avr/4.8.2/../../../avr/lib/avr51/libc.a(eewr_byte_atmega1284p.o)
 .bss           0x000000000080030f        0x0 /usr/lib/gcc/avr/4.8.2/../../../avr/lib/avr51/libc.a(strnlen_P.o)
 .bss           0x000000000080030f        0x0 /usr/lib/gcc/avr/4.8.2/../../../avr/lib/avr51/libc.a(strnlen.o)
 .bss           0x000000000080030f        0x0 /usr/lib/gcc/avr/4.8.2/../../../avr/lib/avr51/libc.a(fputc.o)
 .bss           0x000000000080030f        0x0 /usr/lib/gcc/avr/4.8.2/../../../avr/lib/avr51/libc.a(ultoa_invert.o)
 *(.bss*)
 *(COMMON)
 COMMON         0x000000000080030f       0x82 main.o
                0x000000000080030f                all_stations
                0x0000000000800311                rxBuffer
 COMMON         0x0000000000800391        0x4 /usr/lib/gcc/avr/4.8.2/../../../avr/lib/avr51/libc.a(malloc.o)
                0x0000000000800391                __brkval
                0x0000000000800393                __flp
                0x0000000000800395                PROVIDE (__bss_end, .)
                0x0000000000001e46                __data_load_start = LOADADDR (.data)
                0x0000000000001eb2                __data_load_end = (__data_load_start + SIZEOF (.data))

.noinit         0x0000000000800395        0x0
                0x0000000000800395                PROVIDE (__noinit_start, .)
 *(.noinit*)
                0x0000000000800395                PROVIDE (__noinit_end, .)
                0x0000000000800395                _end = .
                0x0000000000800395                PROVIDE (__heap_start, .)

.eeprom         0x0000000000810000        0x0
 *(.eeprom*)
                0x0000000000810000                __eeprom_end = .

.fuse
 *(.fuse)
 *(.lfuse)
 *(.hfuse)
 *(.efuse)

.lock
 *(.lock*)

.signature
 *(.signature*)

.user_signatures
 *(.user_signatures*)

.stab           0x0000000000000000     0x87a8
 *(.stab)
 .stab          0x0000000000000000      0x6cc /usr/lib/gcc/avr/4.8.2/../../../avr/lib/avr51/crtm1284p.o
 .stab          0x00000000000006cc     0x1788 main.o
                                       0x1794 (size before relaxing)
 .stab          0x0000000000001e54     0x10e0 display.o
                                       0x1314 (size before relaxing)
 .stab          0x0000000000002f34       0x78 /usr/lib/gcc/avr/4.8.2/../../../avr/lib/avr51/libm.a(addsf3.o)
                                         0x84 (size before relaxing)
 .stab          0x0000000000002fac      0x4bc /usr/lib/gcc/avr/4.8.2/../../../avr/lib/avr51/libm.a(addsf3x.o)
                                        0x4c8 (size before relaxing)
 .stab          0x0000000000003468       0x6c /usr/lib/gcc/avr/4.8.2/../../../avr/lib/avr51/libm.a(fixsfsi.o)
                                         0x78 (size before relaxing)
 .stab          0x00000000000034d4      0x240 /usr/lib/gcc/avr/4.8.2/../../../avr/lib/avr51/libm.a(fixunssfsi.o)
                                        0x24c (size before relaxing)
 .stab          0x0000000000003714      0x318 /usr/lib/gcc/avr/4.8.2/../../../avr/lib/avr51/libm.a(floatsisf.o)
                                        0x324 (size before relaxing)
 .stab          0x0000000000003a2c      0x114 /usr/lib/gcc/avr/4.8.2/../../../avr/lib/avr51/libm.a(floor.o)
                                        0x120 (size before relaxing)
 .stab          0x0000000000003b40       0x78 /usr/lib/gcc/avr/4.8.2/../../../avr/lib/avr51/libm.a(fp_inf.o)
                                         0x84 (size before relaxing)
 .stab          0x0000000000003bb8      0x174 /usr/lib/gcc/avr/4.8.2/../../../avr/lib/avr51/libm.a(fp_mintl.o)
                                        0x180 (size before relaxing)
 .stab          0x0000000000003d2c       0xe4 /usr/lib/gcc/avr/4.8.2/../../../avr/lib/avr51/libm.a(fp_mpack.o)
                                         0xf0 (size before relaxing)
 .stab          0x0000000000003e10       0x54 /usr/lib/gcc/avr/4.8.2/../../../avr/lib/avr51/libm.a(fp_nan.o)
                                         0x60 (size before relaxing)
 .stab          0x0000000000003e64       0x84 /usr/lib/gcc/avr/4.8.2/../../../avr/lib/avr51/libm.a(fp_pscA.o)
                                         0x90 (size before relaxing)
 .stab          0x0000000000003ee8       0x84 /usr/lib/gcc/avr/4.8.2/../../../avr/lib/avr51/libm.a(fp_pscB.o)
                                         0x90 (size before relaxing)
 .stab          0x0000000000003f6c       0xfc /usr/lib/gcc/avr/4.8.2/../../../avr/lib/avr51/libm.a(fp_round.o)
                                        0x108 (size before relaxing)
 .stab          0x0000000000004068      0x1d4 /usr/lib/gcc/avr/4.8.2/../../../avr/lib/avr51/libm.a(fp_split3.o)
                                        0x1e0 (size before relaxing)
 .stab          0x000000000000423c      0x144 /usr/lib/gcc/avr/4.8.2/../../../avr/lib/avr51/libm.a(fp_trunc.o)
                                        0x150 (size before relaxing)
 .stab          0x0000000000004380       0x90 /usr/lib/gcc/avr/4.8.2/../../../avr/lib/avr51/libm.a(fp_zero.o)
                                         0x9c (size before relaxing)
 .stab          0x0000000000004410       0x78 /usr/lib/gcc/avr/4.8.2/../../../avr/lib/avr51/libm.a(log10.o)
                                         0x84 (size before relaxing)
 .stab          0x0000000000004488      0x378 /usr/lib/gcc/avr/4.8.2/../../../avr/lib/avr51/libm.a(log.o)
                                        0x384 (size before relaxing)
 .stab          0x0000000000004800      0x2a0 /usr/lib/gcc/avr/4.8.2/../../../avr/lib/avr51/libm.a(modf.o)
                                        0x2ac (size before relaxing)
 .stab          0x0000000000004aa0       0x48 /usr/lib/gcc/avr/4.8.2/../../../avr/lib/avr51/libm.a(mulsf3.o)
                                         0x54 (size before relaxing)
 .stab          0x0000000000004ae8      0x4d4 /usr/lib/gcc/avr/4.8.2/../../../avr/lib/avr51/libm.a(mulsf3x.o)
                                        0x4e0 (size before relaxing)
 .stab          0x0000000000004fbc      0x3c0 /usr/lib/gcc/avr/4.8.2/../../../avr/lib/avr51/libm.a(pow.o)
                                        0x3cc (size before relaxing)
 .stab          0x000000000000537c      0x1b0 /usr/lib/gcc/avr/4.8.2/../../../avr/lib/avr51/libm.a(round.o)
                                        0x1bc (size before relaxing)
 .stab          0x000000000000552c      0x288 /usr/lib/gcc/avr/4.8.2/../../../avr/lib/avr51/libm.a(exp.o)
                                        0x294 (size before relaxing)
 .stab          0x00000000000057b4      0x1ec /usr/lib/gcc/avr/4.8.2/../../../avr/lib/avr51/libm.a(fp_powser.o)
                                        0x1f8 (size before relaxing)
 .stab          0x00000000000059a0       0x84 /usr/lib/gcc/avr/4.8.2/../../../avr/lib/avr51/libm.a(inverse.o)
                                         0x90 (size before relaxing)
 .stab          0x0000000000005a24      0x2c4 /usr/lib/gcc/avr/4.8.2/../../../avr/lib/avr51/libm.a(ldexp.o)
                                        0x2d0 (size before relaxing)
 .stab          0x0000000000005ce8       0x48 /usr/lib/gcc/avr/4.8.2/../../../avr/lib/avr51/libm.a(divsf3.o)
                                         0x54 (size before relaxing)
 .stab          0x0000000000005d30      0x510 /usr/lib/gcc/avr/4.8.2/../../../avr/lib/avr51/libm.a(divsf3x.o)
                                        0x51c (size before relaxing)
 .stab          0x0000000000006240      0x8b8 /usr/lib/gcc/avr/4.8.2/../../../avr/lib/avr51/libc.a(malloc.o)
                                        0x8e8 (size before relaxing)
 .stab          0x0000000000006af8      0x174 /usr/lib/gcc/avr/4.8.2/../../../avr/lib/avr51/libc.a(atoi.o)
                                        0x180 (size before relaxing)
 .stab          0x0000000000006c6c       0x78 /usr/lib/gcc/avr/4.8.2/../../../avr/lib/avr51/libc.a(mul10.o)
                                         0x84 (size before relaxing)
 .stab          0x0000000000006ce4      0x384 /usr/lib/gcc/avr/4.8.2/../../../avr/lib/avr51/libc.a(sprintf.o)
                                        0x54c (size before relaxing)
 .stab          0x0000000000007068      0xb40 /usr/lib/gcc/avr/4.8.2/../../../avr/lib/avr51/libc.a(vfprintf_std.o)
                                        0xd80 (size before relaxing)
 .stab          0x0000000000007ba8      0x108 /usr/lib/gcc/avr/4.8.2/../../../avr/lib/avr51/libc.a(eerd_block_atmega1284p.o)
                                        0x114 (size before relaxing)
 .stab          0x0000000000007cb0       0x90 /usr/lib/gcc/avr/4.8.2/../../../avr/lib/avr51/libc.a(eerd_byte_atmega1284p.o)
                                         0x9c (size before relaxing)
 .stab          0x0000000000007d40       0x78 /usr/lib/gcc/avr/4.8.2/../../../avr/lib/avr51/libc.a(eerd_dword_atmega1284p.o)
                                         0x84 (size before relaxing)
 .stab          0x0000000000007db8       0xe4 /usr/lib/gcc/avr/4.8.2/../../../avr/lib/avr51/libc.a(eewr_byte_atmega1284p.o)
                                         0xf0 (size before relaxing)
 .stab          0x0000000000007e9c       0x9c /usr/lib/gcc/avr/4.8.2/../../../avr/lib/avr51/libc.a(strnlen_P.o)
                                         0xa8 (size before relaxing)
 .stab          0x0000000000007f38       0x9c /usr/lib/gcc/avr/4.8.2/../../../avr/lib/avr51/libc.a(strnlen.o)
                                         0xa8 (size before relaxing)
 .stab          0x0000000000007fd4      0x354 /usr/lib/gcc/avr/4.8.2/../../../avr/lib/avr51/libc.a(fputc.o)
                                        0x534 (size before relaxing)
 .stab          0x0000000000008328      0x480 /usr/lib/gcc/avr/4.8.2/../../../avr/lib/avr51/libc.a(ultoa_invert.o)
                                        0x48c (size before relaxing)

.stabstr        0x0000000000000000     0x21fb
 *(.stabstr)
 .stabstr       0x0000000000000000     0x21fb /usr/lib/gcc/avr/4.8.2/../../../avr/lib/avr51/crtm1284p.o

.stab.excl
 *(.stab.excl)

.stab.exclstr
 *(.stab.exclstr)

.stab.index
 *(.stab.index)

.stab.indexstr
 *(.stab.indexstr)

.comment        0x0000000000000000       0x11
 *(.comment)
 .comment       0x0000000000000000       0x11 main.o
                                         0x12 (size before relaxing)
 .comment       0x0000000000000000       0x12 display.o
 .comment       0x0000000000000000       0x12 /usr/lib/gcc/avr/4.8.2/../../../avr/lib/avr51/libc.a(malloc.o)
 .comment       0x0000000000000000       0x12 /usr/lib/gcc/avr/4.8.2/../../../avr/lib/avr51/libc.a(sprintf.o)
 .comment       0x0000000000000000       0x12 /usr/lib/gcc/avr/4.8.2/../../../avr/lib/avr51/libc.a(vfprintf_std.o)
 .comment       0x0000000000000000       0x12 /usr/lib/gcc/avr/4.8.2/../../../avr/lib/avr51/libc.a(fputc.o)

.debug
 *(.debug)

.line
 *(.line)

.debug_srcinfo
 *(.debug_srcinfo)

.debug_sfnames
 *(.debug_sfnames)

.debug_aranges
 *(.debug_aranges)

.debug_pubnames
 *(.debug_pubnames)

.debug_info
 *(.debug_info)
 *(.gnu.linkonce.wi.*)

.debug_abbrev
 *(.debug_abbrev)

.debug_line
 *(.debug_line)

.debug_frame
 *(.debug_frame)

.debug_str
 *(.debug_str)

.debug_loc
 *(.debug_loc)

.debug_macinfo
 *(.debug_macinfo)

.debug_pubtypes
 *(.debug_pubtypes)

.debug_ranges
 *(.debug_ranges)

.debug_macro
 *(.debug_macro)
OUTPUT(dat_lcd.elf elf32-avr)
LOAD linker stubs
