Archive member included because of file (symbol)

/usr/lib/gcc/avr/4.7.2/../../../avr/lib/avr51/libm.a(addsf3.o)
                              geolocation.o (__subsf3)
/usr/lib/gcc/avr/4.7.2/../../../avr/lib/avr51/libm.a(addsf3x.o)
                              /usr/lib/gcc/avr/4.7.2/../../../avr/lib/avr51/libm.a(addsf3.o) (__addsf3x)
/usr/lib/gcc/avr/4.7.2/../../../avr/lib/avr51/libm.a(atan2.o)
                              geolocation.o (atan2)
/usr/lib/gcc/avr/4.7.2/../../../avr/lib/avr51/libm.a(atan.o)
                              /usr/lib/gcc/avr/4.7.2/../../../avr/lib/avr51/libm.a(atan2.o) (atan)
/usr/lib/gcc/avr/4.7.2/../../../avr/lib/avr51/libm.a(cmpsf2.o)
                              geolocation.o (__eqsf2)
/usr/lib/gcc/avr/4.7.2/../../../avr/lib/avr51/libm.a(cos.o)
                              geolocation.o (cos)
/usr/lib/gcc/avr/4.7.2/../../../avr/lib/avr51/libm.a(divsf3.o)
                              geolocation.o (__divsf3)
/usr/lib/gcc/avr/4.7.2/../../../avr/lib/avr51/libm.a(divsf3x.o)
                              /usr/lib/gcc/avr/4.7.2/../../../avr/lib/avr51/libm.a(divsf3.o) (__divsf3x)
/usr/lib/gcc/avr/4.7.2/../../../avr/lib/avr51/libm.a(fixsfsi.o)
                              lcd.o (__fixsfsi)
/usr/lib/gcc/avr/4.7.2/../../../avr/lib/avr51/libm.a(fixunssfsi.o)
                              /usr/lib/gcc/avr/4.7.2/../../../avr/lib/avr51/libm.a(fixsfsi.o) (__fixunssfsi)
/usr/lib/gcc/avr/4.7.2/../../../avr/lib/avr51/libm.a(floatsisf.o)
                              lcd.o (__floatsisf)
/usr/lib/gcc/avr/4.7.2/../../../avr/lib/avr51/libm.a(floor.o)
                              lcd.o (floor)
/usr/lib/gcc/avr/4.7.2/../../../avr/lib/avr51/libm.a(fp_cmp.o)
                              /usr/lib/gcc/avr/4.7.2/../../../avr/lib/avr51/libm.a(cmpsf2.o) (__fp_cmp)
/usr/lib/gcc/avr/4.7.2/../../../avr/lib/avr51/libm.a(fp_inf.o)
                              /usr/lib/gcc/avr/4.7.2/../../../avr/lib/avr51/libm.a(addsf3x.o) (__fp_inf)
/usr/lib/gcc/avr/4.7.2/../../../avr/lib/avr51/libm.a(fp_mintl.o)
                              /usr/lib/gcc/avr/4.7.2/../../../avr/lib/avr51/libm.a(floor.o) (__fp_mintl)
/usr/lib/gcc/avr/4.7.2/../../../avr/lib/avr51/libm.a(fp_mpack.o)
                              /usr/lib/gcc/avr/4.7.2/../../../avr/lib/avr51/libm.a(floor.o) (__fp_mpack)
/usr/lib/gcc/avr/4.7.2/../../../avr/lib/avr51/libm.a(fp_nan.o)
                              /usr/lib/gcc/avr/4.7.2/../../../avr/lib/avr51/libm.a(addsf3x.o) (__fp_nan)
/usr/lib/gcc/avr/4.7.2/../../../avr/lib/avr51/libm.a(fp_powser.o)
                              /usr/lib/gcc/avr/4.7.2/../../../avr/lib/avr51/libm.a(atan.o) (__fp_powser)
/usr/lib/gcc/avr/4.7.2/../../../avr/lib/avr51/libm.a(fp_pscA.o)
                              /usr/lib/gcc/avr/4.7.2/../../../avr/lib/avr51/libm.a(addsf3x.o) (__fp_pscA)
/usr/lib/gcc/avr/4.7.2/../../../avr/lib/avr51/libm.a(fp_pscB.o)
                              /usr/lib/gcc/avr/4.7.2/../../../avr/lib/avr51/libm.a(addsf3x.o) (__fp_pscB)
/usr/lib/gcc/avr/4.7.2/../../../avr/lib/avr51/libm.a(fp_rempio2.o)
                              /usr/lib/gcc/avr/4.7.2/../../../avr/lib/avr51/libm.a(cos.o) (__fp_rempio2)
/usr/lib/gcc/avr/4.7.2/../../../avr/lib/avr51/libm.a(fp_round.o)
                              /usr/lib/gcc/avr/4.7.2/../../../avr/lib/avr51/libm.a(addsf3.o) (__fp_round)
/usr/lib/gcc/avr/4.7.2/../../../avr/lib/avr51/libm.a(fp_sinus.o)
                              /usr/lib/gcc/avr/4.7.2/../../../avr/lib/avr51/libm.a(cos.o) (__fp_sinus)
/usr/lib/gcc/avr/4.7.2/../../../avr/lib/avr51/libm.a(fp_split3.o)
                              /usr/lib/gcc/avr/4.7.2/../../../avr/lib/avr51/libm.a(addsf3x.o) (__fp_split3)
/usr/lib/gcc/avr/4.7.2/../../../avr/lib/avr51/libm.a(fp_trunc.o)
                              /usr/lib/gcc/avr/4.7.2/../../../avr/lib/avr51/libm.a(floor.o) (__fp_trunc)
/usr/lib/gcc/avr/4.7.2/../../../avr/lib/avr51/libm.a(fp_zero.o)
                              /usr/lib/gcc/avr/4.7.2/../../../avr/lib/avr51/libm.a(addsf3x.o) (__fp_zero)
/usr/lib/gcc/avr/4.7.2/../../../avr/lib/avr51/libm.a(gesf2.o)
                              geolocation.o (__gesf2)
/usr/lib/gcc/avr/4.7.2/../../../avr/lib/avr51/libm.a(inverse.o)
                              /usr/lib/gcc/avr/4.7.2/../../../avr/lib/avr51/libm.a(atan.o) (inverse)
/usr/lib/gcc/avr/4.7.2/../../../avr/lib/avr51/libm.a(log10.o)
                              lcd.o (log10)
/usr/lib/gcc/avr/4.7.2/../../../avr/lib/avr51/libm.a(log.o)
                              /usr/lib/gcc/avr/4.7.2/../../../avr/lib/avr51/libm.a(log10.o) (log)
/usr/lib/gcc/avr/4.7.2/../../../avr/lib/avr51/libm.a(modf.o)
                              lcd.o (modf)
/usr/lib/gcc/avr/4.7.2/../../../avr/lib/avr51/libm.a(mulsf3.o)
                              lcd.o (__mulsf3)
/usr/lib/gcc/avr/4.7.2/../../../avr/lib/avr51/libm.a(mulsf3x.o)
                              /usr/lib/gcc/avr/4.7.2/../../../avr/lib/avr51/libm.a(atan.o) (__mulsf3x)
/usr/lib/gcc/avr/4.7.2/../../../avr/lib/avr51/libm.a(pow.o)
                              lcd.o (pow)
/usr/lib/gcc/avr/4.7.2/../../../avr/lib/avr51/libm.a(round.o)
                              lcd.o (round)
/usr/lib/gcc/avr/4.7.2/../../../avr/lib/avr51/libm.a(sin.o)
                              geolocation.o (sin)
/usr/lib/gcc/avr/4.7.2/../../../avr/lib/avr51/libm.a(sqrt.o)
                              geolocation.o (sqrt)
/usr/lib/gcc/avr/4.7.2/../../../avr/lib/avr51/libm.a(square.o)
                              /usr/lib/gcc/avr/4.7.2/../../../avr/lib/avr51/libm.a(atan.o) (square)
/usr/lib/gcc/avr/4.7.2/../../../avr/lib/avr51/libm.a(exp.o)
                              /usr/lib/gcc/avr/4.7.2/../../../avr/lib/avr51/libm.a(pow.o) (exp)
/usr/lib/gcc/avr/4.7.2/../../../avr/lib/avr51/libm.a(fp_norm2.o)
                              /usr/lib/gcc/avr/4.7.2/../../../avr/lib/avr51/libm.a(sqrt.o) (__fp_norm2)
/usr/lib/gcc/avr/4.7.2/../../../avr/lib/avr51/libm.a(fp_powsodd.o)
                              /usr/lib/gcc/avr/4.7.2/../../../avr/lib/avr51/libm.a(fp_sinus.o) (__fp_powsodd)
/usr/lib/gcc/avr/4.7.2/../../../avr/lib/avr51/libm.a(ldexp.o)
                              /usr/lib/gcc/avr/4.7.2/../../../avr/lib/avr51/libm.a(exp.o) (ldexp)
/usr/lib/gcc/avr/4.7.2/avr51/libgcc.a(_exit.o)
                              /usr/lib/gcc/avr/4.7.2/../../../avr/lib/avr51/crtm1284p.o (exit)
/usr/lib/gcc/avr/4.7.2/avr51/libgcc.a(_copy_data.o)
                              fmFirmware.o (__do_copy_data)
/usr/lib/gcc/avr/4.7.2/avr51/libgcc.a(_clear_bss.o)
                              fmFirmware.o (__do_clear_bss)
/usr/lib/gcc/avr/4.7.2/../../../avr/lib/avr51/libc.a(malloc.o)
                              fmFirmware.o (malloc)
/usr/lib/gcc/avr/4.7.2/../../../avr/lib/avr51/libc.a(strtod.o)
                              geolocation.o (strtod)
/usr/lib/gcc/avr/4.7.2/../../../avr/lib/avr51/libc.a(isspace.o)
                              /usr/lib/gcc/avr/4.7.2/../../../avr/lib/avr51/libc.a(strtod.o) (isspace)
/usr/lib/gcc/avr/4.7.2/../../../avr/lib/avr51/libc.a(strncasecmp_P.o)
                              /usr/lib/gcc/avr/4.7.2/../../../avr/lib/avr51/libc.a(strtod.o) (strncasecmp_P)
/usr/lib/gcc/avr/4.7.2/../../../avr/lib/avr51/libc.a(strcmp.o)
                              geolocation.o (strcmp)
/usr/lib/gcc/avr/4.7.2/../../../avr/lib/avr51/libc.a(strcpy.o)
                              geolocation.o (strcpy)
/usr/lib/gcc/avr/4.7.2/../../../avr/lib/avr51/libc.a(strncpy.o)
                              geolocation.o (strncpy)
/usr/lib/gcc/avr/4.7.2/../../../avr/lib/avr51/libc.a(strpbrk.o)
                              geolocation.o (strpbrk)
/usr/lib/gcc/avr/4.7.2/../../../avr/lib/avr51/libc.a(sprintf.o)
                              lcd.o (sprintf)
/usr/lib/gcc/avr/4.7.2/../../../avr/lib/avr51/libc.a(vfprintf_std.o)
                              /usr/lib/gcc/avr/4.7.2/../../../avr/lib/avr51/libc.a(sprintf.o) (vfprintf)
/usr/lib/gcc/avr/4.7.2/../../../avr/lib/avr51/libc.a(eerd_block_atmega1284p.o)
                              database.o (__eerd_block_m1284p)
/usr/lib/gcc/avr/4.7.2/../../../avr/lib/avr51/libc.a(eerd_byte_atmega1284p.o)
                              database.o (__eerd_byte_m1284p)
/usr/lib/gcc/avr/4.7.2/../../../avr/lib/avr51/libc.a(eerd_dword_atmega1284p.o)
                              database.o (__eerd_float_m1284p)
/usr/lib/gcc/avr/4.7.2/../../../avr/lib/avr51/libc.a(eewr_byte_atmega1284p.o)
                              fmFirmware.o (__eewr_byte_m1284p)
/usr/lib/gcc/avr/4.7.2/../../../avr/lib/avr51/libc.a(errno.o)
                              /usr/lib/gcc/avr/4.7.2/../../../avr/lib/avr51/libc.a(strtod.o) (errno)
/usr/lib/gcc/avr/4.7.2/../../../avr/lib/avr51/libc.a(cty_isfalse.o)
                              /usr/lib/gcc/avr/4.7.2/../../../avr/lib/avr51/libc.a(isspace.o) (__ctype_isfalse)
/usr/lib/gcc/avr/4.7.2/../../../avr/lib/avr51/libc.a(strnlen_P.o)
                              /usr/lib/gcc/avr/4.7.2/../../../avr/lib/avr51/libc.a(vfprintf_std.o) (strnlen_P)
/usr/lib/gcc/avr/4.7.2/../../../avr/lib/avr51/libc.a(strnlen.o)
                              /usr/lib/gcc/avr/4.7.2/../../../avr/lib/avr51/libc.a(vfprintf_std.o) (strnlen)
/usr/lib/gcc/avr/4.7.2/../../../avr/lib/avr51/libc.a(fputc.o)
                              /usr/lib/gcc/avr/4.7.2/../../../avr/lib/avr51/libc.a(vfprintf_std.o) (fputc)
/usr/lib/gcc/avr/4.7.2/../../../avr/lib/avr51/libc.a(ultoa_invert.o)
                              /usr/lib/gcc/avr/4.7.2/../../../avr/lib/avr51/libc.a(vfprintf_std.o) (__ultoa_invert)
/usr/lib/gcc/avr/4.7.2/avr51/libgcc.a(_muluhisi3.o)
                              /usr/lib/gcc/avr/4.7.2/../../../avr/lib/avr51/libc.a(strtod.o) (__muluhisi3)
/usr/lib/gcc/avr/4.7.2/avr51/libgcc.a(_umulhisi3.o)
                              /usr/lib/gcc/avr/4.7.2/avr51/libgcc.a(_muluhisi3.o) (__umulhisi3)

Allocating common symbols
Common symbol       size              file

errno               0x2               /usr/lib/gcc/avr/4.7.2/../../../avr/lib/avr51/libc.a(errno.o)
__brkval            0x2               /usr/lib/gcc/avr/4.7.2/../../../avr/lib/avr51/libc.a(malloc.o)
__flp               0x2               /usr/lib/gcc/avr/4.7.2/../../../avr/lib/avr51/libc.a(malloc.o)
device              0x2               fmFirmware.o

Memory Configuration

Name             Origin             Length             Attributes
text             0x0000000000000000 0x0000000000020000 xr
data             0x0000000000800100 0x000000000000ff00 rw !x
eeprom           0x0000000000810000 0x0000000000010000 rw !x
fuse             0x0000000000820000 0x0000000000000400 rw !x
lock             0x0000000000830000 0x0000000000000400 rw !x
signature        0x0000000000840000 0x0000000000000400 rw !x
*default*        0x0000000000000000 0xffffffffffffffff

Linker script and memory map

Address of section .data set to 0x800100
LOAD /usr/lib/gcc/avr/4.7.2/../../../avr/lib/avr51/crtm1284p.o
LOAD fmFirmware.o
LOAD lcd.o
LOAD geolocation.o
LOAD database.o
LOAD dev_ops.o
LOAD /usr/lib/gcc/avr/4.7.2/../../../avr/lib/avr51/libm.a
LOAD /usr/lib/gcc/avr/4.7.2/avr51/libgcc.a
LOAD /usr/lib/gcc/avr/4.7.2/../../../avr/lib/avr51/libc.a
LOAD /usr/lib/gcc/avr/4.7.2/avr51/libgcc.a

.hash
 *(.hash)

.dynsym
 *(.dynsym)

.dynstr
 *(.dynstr)

.gnu.version
 *(.gnu.version)

.gnu.version_d
 *(.gnu.version_d)

.gnu.version_r
 *(.gnu.version_r)

.rel.init
 *(.rel.init)

.rela.init
 *(.rela.init)

.rel.text
 *(.rel.text)
 *(.rel.text.*)
 *(.rel.gnu.linkonce.t*)

.rela.text
 *(.rela.text)
 *(.rela.text.*)
 *(.rela.gnu.linkonce.t*)

.rel.fini
 *(.rel.fini)

.rela.fini
 *(.rela.fini)

.rel.rodata
 *(.rel.rodata)
 *(.rel.rodata.*)
 *(.rel.gnu.linkonce.r*)

.rela.rodata
 *(.rela.rodata)
 *(.rela.rodata.*)
 *(.rela.gnu.linkonce.r*)

.rel.data
 *(.rel.data)
 *(.rel.data.*)
 *(.rel.gnu.linkonce.d*)

.rela.data
 *(.rela.data)
 *(.rela.data.*)
 *(.rela.gnu.linkonce.d*)

.rel.ctors
 *(.rel.ctors)

.rela.ctors
 *(.rela.ctors)

.rel.dtors
 *(.rel.dtors)

.rela.dtors
 *(.rela.dtors)

.rel.got
 *(.rel.got)

.rela.got
 *(.rela.got)

.rel.bss
 *(.rel.bss)

.rela.bss
 *(.rela.bss)

.rel.plt
 *(.rel.plt)

.rela.plt
 *(.rela.plt)

.text           0x0000000000000000     0x4042
 *(.vectors)
 .vectors       0x0000000000000000       0x8c /usr/lib/gcc/avr/4.7.2/../../../avr/lib/avr51/crtm1284p.o
                0x0000000000000000                __vectors
                0x0000000000000000                __vector_default
 *(.vectors)
 *(.progmem.gcc*)
 .progmem.gcc_fplib
                0x000000000000008c       0x2d /usr/lib/gcc/avr/4.7.2/../../../avr/lib/avr51/libm.a(atan.o)
 .progmem.gcc_fplib
                0x00000000000000b9       0x1e /usr/lib/gcc/avr/4.7.2/../../../avr/lib/avr51/libm.a(fp_sinus.o)
 .progmem.gcc_fplib
                0x00000000000000d7       0x5a /usr/lib/gcc/avr/4.7.2/../../../avr/lib/avr51/libm.a(log.o)
 .progmem.gcc_fplib
                0x0000000000000131       0x28 /usr/lib/gcc/avr/4.7.2/../../../avr/lib/avr51/libm.a(exp.o)
 *(.progmem*)
 .progmem.data  0x0000000000000159       0x3b /usr/lib/gcc/avr/4.7.2/../../../avr/lib/avr51/libc.a(strtod.o)
                0x0000000000000194                . = ALIGN (0x2)
                0x0000000000000194                __trampolines_start = .
 *(.trampolines)
 .trampolines   0x0000000000000194        0x0 linker stubs
 *(.trampolines*)
                0x0000000000000194                __trampolines_end = .
 *(.jumptables)
 *(.jumptables*)
 *(.lowtext)
 *(.lowtext*)
                0x0000000000000194                __ctors_start = .
 *(.ctors)
                0x0000000000000194                __ctors_end = .
                0x0000000000000194                __dtors_start = .
 *(.dtors)
                0x0000000000000194                __dtors_end = .
 SORT(*)(.ctors)
 SORT(*)(.dtors)
 *(.init0)
 .init0         0x0000000000000194        0x0 /usr/lib/gcc/avr/4.7.2/../../../avr/lib/avr51/crtm1284p.o
                0x0000000000000194                __init
 *(.init0)
 *(.init1)
 *(.init1)
 *(.init2)
 .init2         0x0000000000000194        0xc /usr/lib/gcc/avr/4.7.2/../../../avr/lib/avr51/crtm1284p.o
 *(.init2)
 *(.init3)
 *(.init3)
 *(.init4)
 .init4         0x00000000000001a0       0x1a /usr/lib/gcc/avr/4.7.2/avr51/libgcc.a(_copy_data.o)
                0x00000000000001a0                __do_copy_data
 .init4         0x00000000000001ba       0x10 /usr/lib/gcc/avr/4.7.2/avr51/libgcc.a(_clear_bss.o)
                0x00000000000001ba                __do_clear_bss
 *(.init4)
 *(.init5)
 *(.init5)
 *(.init6)
 *(.init6)
 *(.init7)
 *(.init7)
 *(.init8)
 *(.init8)
 *(.init9)
 .init9         0x00000000000001ca        0x8 /usr/lib/gcc/avr/4.7.2/../../../avr/lib/avr51/crtm1284p.o
 *(.init9)
 *(.text)
 .text          0x00000000000001d2        0x4 /usr/lib/gcc/avr/4.7.2/../../../avr/lib/avr51/crtm1284p.o
                0x00000000000001d2                __vector_22
                0x00000000000001d2                __vector_1
                0x00000000000001d2                __vector_32
                0x00000000000001d2                __vector_34
                0x00000000000001d2                __vector_24
                0x00000000000001d2                __vector_12
                0x00000000000001d2                __bad_interrupt
                0x00000000000001d2                __vector_6
                0x00000000000001d2                __vector_31
                0x00000000000001d2                __vector_3
                0x00000000000001d2                __vector_23
                0x00000000000001d2                __vector_30
                0x00000000000001d2                __vector_25
                0x00000000000001d2                __vector_11
                0x00000000000001d2                __vector_13
                0x00000000000001d2                __vector_17
                0x00000000000001d2                __vector_19
                0x00000000000001d2                __vector_7
                0x00000000000001d2                __vector_27
                0x00000000000001d2                __vector_5
                0x00000000000001d2                __vector_33
                0x00000000000001d2                __vector_4
                0x00000000000001d2                __vector_9
                0x00000000000001d2                __vector_2
                0x00000000000001d2                __vector_21
                0x00000000000001d2                __vector_15
                0x00000000000001d2                __vector_29
                0x00000000000001d2                __vector_8
                0x00000000000001d2                __vector_26
                0x00000000000001d2                __vector_14
                0x00000000000001d2                __vector_10
                0x00000000000001d2                __vector_16
                0x00000000000001d2                __vector_18
 .text          0x00000000000001d6      0x238 fmFirmware.o
                0x00000000000001d6                __vector_28
                0x0000000000000290                __vector_20
 .text          0x000000000000040e      0x604 lcd.o
                0x000000000000040e                datarw
                0x0000000000000420                letterwrite
                0x0000000000000460                lcd_init
                0x00000000000005d2                instruction_read
                0x00000000000006ac                get_current_address
                0x00000000000006be                write_db74
                0x00000000000006e8                data_write
                0x0000000000000740                set_ddram_address
                0x0000000000000798                char_write
                0x0000000000000800                string_write
                0x0000000000000850                string_write_int
                0x00000000000008b4                string_write_float
                0x00000000000009b0                string_write_numchars
 .text          0x0000000000000a12      0xcc0 geolocation.o
                0x0000000000000a12                tag_check
                0x0000000000000a7a                strtok_single
                0x0000000000000aba                parse_nmea
                0x0000000000000b9a                wipe_chars
                0x0000000000000bb0                lat2dec
                0x0000000000000c7a                lon2dec
                0x0000000000000d52                update_user_gps_data
                0x0000000000000f8e                calculate_bearings
                0x00000000000012e6                earth_distance
                0x00000000000014b2                my_distance_to_station
                0x000000000000150c                get_nearest_station
                0x000000000000162a                to_radians
                0x0000000000001644                to_degrees
                0x000000000000165e                gps_locked
 .text          0x00000000000016d2      0x17c database.o
                0x00000000000016d2                my_eeprom_read_int
                0x00000000000016da                my_eeprom_read_char
                0x00000000000016de                my_eeprom_read_float
                0x00000000000016e2                my_eeprom_read_string
                0x00000000000016e6                database_load
                0x0000000000001832                database_free
 .text          0x000000000000184e      0xeb4 dev_ops.o
                0x000000000000184e                InitUSART
                0x000000000000189e                prepare_device
                0x00000000000019be                disable_gps
                0x00000000000019ca                enable_gps
                0x00000000000019d6                detectSerialStart
                0x0000000000001a0e                detectSerialEnd
                0x0000000000001a46                getChar
                0x0000000000001a66                peekChar
                0x0000000000001a8a                terminate_serial
                0x0000000000001b02                print_eeprom_contents
                0x0000000000001b94                print_eeprom_station_contents
                0x0000000000001bfe                wait_for_update
                0x0000000000001c1e                print_gps_data
                0x0000000000001df6                print_raw_gps_data
                0x0000000000001f2e                wipe_eeprom
                0x0000000000001f6e                print_callsign
                0x0000000000001fb6                print_station
                0x000000000000215a                print_all_known_stations
                0x00000000000021ec                show_nearest_station
                0x00000000000023b4                print_all_callsigns
                0x0000000000002478                test_earth_distance
                0x000000000000256c                wait_for_gps_lock
                0x00000000000025dc                check_database_integrity
 .text          0x0000000000002702        0x0 /usr/lib/gcc/avr/4.7.2/../../../avr/lib/avr51/libm.a(addsf3.o)
 .text          0x0000000000002702        0x0 /usr/lib/gcc/avr/4.7.2/../../../avr/lib/avr51/libm.a(addsf3x.o)
 .text          0x0000000000002702        0x0 /usr/lib/gcc/avr/4.7.2/../../../avr/lib/avr51/libm.a(atan2.o)
 .text          0x0000000000002702        0x0 /usr/lib/gcc/avr/4.7.2/../../../avr/lib/avr51/libm.a(atan.o)
 .text          0x0000000000002702        0x0 /usr/lib/gcc/avr/4.7.2/../../../avr/lib/avr51/libm.a(cmpsf2.o)
 .text          0x0000000000002702        0x0 /usr/lib/gcc/avr/4.7.2/../../../avr/lib/avr51/libm.a(cos.o)
 .text          0x0000000000002702        0x0 /usr/lib/gcc/avr/4.7.2/../../../avr/lib/avr51/libm.a(divsf3.o)
 .text          0x0000000000002702        0x0 /usr/lib/gcc/avr/4.7.2/../../../avr/lib/avr51/libm.a(divsf3x.o)
 .text          0x0000000000002702        0x0 /usr/lib/gcc/avr/4.7.2/../../../avr/lib/avr51/libm.a(fixsfsi.o)
 .text          0x0000000000002702        0x0 /usr/lib/gcc/avr/4.7.2/../../../avr/lib/avr51/libm.a(fixunssfsi.o)
 .text          0x0000000000002702        0x0 /usr/lib/gcc/avr/4.7.2/../../../avr/lib/avr51/libm.a(floatsisf.o)
 .text          0x0000000000002702        0x0 /usr/lib/gcc/avr/4.7.2/../../../avr/lib/avr51/libm.a(floor.o)
 .text          0x0000000000002702        0x0 /usr/lib/gcc/avr/4.7.2/../../../avr/lib/avr51/libm.a(fp_cmp.o)
 .text          0x0000000000002702        0x0 /usr/lib/gcc/avr/4.7.2/../../../avr/lib/avr51/libm.a(fp_inf.o)
 .text          0x0000000000002702        0x0 /usr/lib/gcc/avr/4.7.2/../../../avr/lib/avr51/libm.a(fp_mintl.o)
 .text          0x0000000000002702        0x0 /usr/lib/gcc/avr/4.7.2/../../../avr/lib/avr51/libm.a(fp_mpack.o)
 .text          0x0000000000002702        0x0 /usr/lib/gcc/avr/4.7.2/../../../avr/lib/avr51/libm.a(fp_nan.o)
 .text          0x0000000000002702        0x0 /usr/lib/gcc/avr/4.7.2/../../../avr/lib/avr51/libm.a(fp_powser.o)
 .text          0x0000000000002702        0x0 /usr/lib/gcc/avr/4.7.2/../../../avr/lib/avr51/libm.a(fp_pscA.o)
 .text          0x0000000000002702        0x0 /usr/lib/gcc/avr/4.7.2/../../../avr/lib/avr51/libm.a(fp_pscB.o)
 .text          0x0000000000002702        0x0 /usr/lib/gcc/avr/4.7.2/../../../avr/lib/avr51/libm.a(fp_rempio2.o)
 .text          0x0000000000002702        0x0 /usr/lib/gcc/avr/4.7.2/../../../avr/lib/avr51/libm.a(fp_round.o)
 .text          0x0000000000002702        0x0 /usr/lib/gcc/avr/4.7.2/../../../avr/lib/avr51/libm.a(fp_sinus.o)
 .text          0x0000000000002702        0x0 /usr/lib/gcc/avr/4.7.2/../../../avr/lib/avr51/libm.a(fp_split3.o)
 .text          0x0000000000002702        0x0 /usr/lib/gcc/avr/4.7.2/../../../avr/lib/avr51/libm.a(fp_trunc.o)
 .text          0x0000000000002702        0x0 /usr/lib/gcc/avr/4.7.2/../../../avr/lib/avr51/libm.a(fp_zero.o)
 .text          0x0000000000002702        0x0 /usr/lib/gcc/avr/4.7.2/../../../avr/lib/avr51/libm.a(gesf2.o)
 .text          0x0000000000002702        0x0 /usr/lib/gcc/avr/4.7.2/../../../avr/lib/avr51/libm.a(inverse.o)
 .text          0x0000000000002702        0x0 /usr/lib/gcc/avr/4.7.2/../../../avr/lib/avr51/libm.a(log10.o)
 .text          0x0000000000002702        0x0 /usr/lib/gcc/avr/4.7.2/../../../avr/lib/avr51/libm.a(log.o)
 .text          0x0000000000002702        0x0 /usr/lib/gcc/avr/4.7.2/../../../avr/lib/avr51/libm.a(modf.o)
 .text          0x0000000000002702        0x0 /usr/lib/gcc/avr/4.7.2/../../../avr/lib/avr51/libm.a(mulsf3.o)
 .text          0x0000000000002702        0x0 /usr/lib/gcc/avr/4.7.2/../../../avr/lib/avr51/libm.a(mulsf3x.o)
 .text          0x0000000000002702        0x0 /usr/lib/gcc/avr/4.7.2/../../../avr/lib/avr51/libm.a(pow.o)
 .text          0x0000000000002702        0x0 /usr/lib/gcc/avr/4.7.2/../../../avr/lib/avr51/libm.a(round.o)
 .text          0x0000000000002702        0x0 /usr/lib/gcc/avr/4.7.2/../../../avr/lib/avr51/libm.a(sin.o)
 .text          0x0000000000002702        0x0 /usr/lib/gcc/avr/4.7.2/../../../avr/lib/avr51/libm.a(sqrt.o)
 .text          0x0000000000002702        0x0 /usr/lib/gcc/avr/4.7.2/../../../avr/lib/avr51/libm.a(square.o)
 .text          0x0000000000002702        0x0 /usr/lib/gcc/avr/4.7.2/../../../avr/lib/avr51/libm.a(exp.o)
 .text          0x0000000000002702        0x0 /usr/lib/gcc/avr/4.7.2/../../../avr/lib/avr51/libm.a(fp_norm2.o)
 .text          0x0000000000002702        0x0 /usr/lib/gcc/avr/4.7.2/../../../avr/lib/avr51/libm.a(fp_powsodd.o)
 .text          0x0000000000002702        0x0 /usr/lib/gcc/avr/4.7.2/../../../avr/lib/avr51/libm.a(ldexp.o)
 .text          0x0000000000002702        0x0 /usr/lib/gcc/avr/4.7.2/avr51/libgcc.a(_exit.o)
 .text          0x0000000000002702        0x0 /usr/lib/gcc/avr/4.7.2/avr51/libgcc.a(_copy_data.o)
 .text          0x0000000000002702        0x0 /usr/lib/gcc/avr/4.7.2/avr51/libgcc.a(_clear_bss.o)
 .text          0x0000000000002702        0x0 /usr/lib/gcc/avr/4.7.2/../../../avr/lib/avr51/libc.a(malloc.o)
 .text          0x0000000000002702        0x0 /usr/lib/gcc/avr/4.7.2/../../../avr/lib/avr51/libc.a(strtod.o)
 .text          0x0000000000002702        0x0 /usr/lib/gcc/avr/4.7.2/../../../avr/lib/avr51/libc.a(isspace.o)
 .text          0x0000000000002702        0x0 /usr/lib/gcc/avr/4.7.2/../../../avr/lib/avr51/libc.a(strncasecmp_P.o)
 .text          0x0000000000002702        0x0 /usr/lib/gcc/avr/4.7.2/../../../avr/lib/avr51/libc.a(strcmp.o)
 .text          0x0000000000002702        0x0 /usr/lib/gcc/avr/4.7.2/../../../avr/lib/avr51/libc.a(strcpy.o)
 .text          0x0000000000002702        0x0 /usr/lib/gcc/avr/4.7.2/../../../avr/lib/avr51/libc.a(strncpy.o)
 .text          0x0000000000002702        0x0 /usr/lib/gcc/avr/4.7.2/../../../avr/lib/avr51/libc.a(strpbrk.o)
 .text          0x0000000000002702        0x0 /usr/lib/gcc/avr/4.7.2/../../../avr/lib/avr51/libc.a(sprintf.o)
 .text          0x0000000000002702        0x0 /usr/lib/gcc/avr/4.7.2/../../../avr/lib/avr51/libc.a(vfprintf_std.o)
 .text          0x0000000000002702        0x0 /usr/lib/gcc/avr/4.7.2/../../../avr/lib/avr51/libc.a(eerd_block_atmega1284p.o)
 .text          0x0000000000002702        0x0 /usr/lib/gcc/avr/4.7.2/../../../avr/lib/avr51/libc.a(eerd_byte_atmega1284p.o)
 .text          0x0000000000002702        0x0 /usr/lib/gcc/avr/4.7.2/../../../avr/lib/avr51/libc.a(eerd_dword_atmega1284p.o)
 .text          0x0000000000002702        0x0 /usr/lib/gcc/avr/4.7.2/../../../avr/lib/avr51/libc.a(eewr_byte_atmega1284p.o)
 .text          0x0000000000002702        0x0 /usr/lib/gcc/avr/4.7.2/../../../avr/lib/avr51/libc.a(errno.o)
 .text          0x0000000000002702        0x0 /usr/lib/gcc/avr/4.7.2/../../../avr/lib/avr51/libc.a(cty_isfalse.o)
 .text          0x0000000000002702        0x0 /usr/lib/gcc/avr/4.7.2/../../../avr/lib/avr51/libc.a(strnlen_P.o)
 .text          0x0000000000002702        0x0 /usr/lib/gcc/avr/4.7.2/../../../avr/lib/avr51/libc.a(strnlen.o)
 .text          0x0000000000002702        0x0 /usr/lib/gcc/avr/4.7.2/../../../avr/lib/avr51/libc.a(fputc.o)
 .text          0x0000000000002702        0x0 /usr/lib/gcc/avr/4.7.2/../../../avr/lib/avr51/libc.a(ultoa_invert.o)
 .text          0x0000000000002702        0x0 /usr/lib/gcc/avr/4.7.2/avr51/libgcc.a(_muluhisi3.o)
 .text          0x0000000000002702        0x0 /usr/lib/gcc/avr/4.7.2/avr51/libgcc.a(_umulhisi3.o)
                0x0000000000002702                . = ALIGN (0x2)
 *(.text.*)
 .text.startup  0x0000000000002702      0x354 fmFirmware.o
                0x0000000000002702                main
 .text.avr-libc.fplib
                0x0000000000002a56        0xa /usr/lib/gcc/avr/4.7.2/../../../avr/lib/avr51/libm.a(addsf3.o)
                0x0000000000002a56                __subsf3
                0x0000000000002a58                __addsf3
 .text.avr-libc.fplib
                0x0000000000002a60       0xc0 /usr/lib/gcc/avr/4.7.2/../../../avr/lib/avr51/libm.a(addsf3x.o)
                0x0000000000002a7a                __addsf3x
 .text.avr-libc.fplib
                0x0000000000002b20       0x74 /usr/lib/gcc/avr/4.7.2/../../../avr/lib/avr51/libm.a(atan2.o)
                0x0000000000002b3e                atan2
 .text.avr-libc.fplib
                0x0000000000002b94       0x50 /usr/lib/gcc/avr/4.7.2/../../../avr/lib/avr51/libm.a(atan.o)
                0x0000000000002b94                atan
 .text.avr-libc.fplib
                0x0000000000002be4        0x8 /usr/lib/gcc/avr/4.7.2/../../../avr/lib/avr51/libm.a(cmpsf2.o)
                0x0000000000002be4                __lesf2
                0x0000000000002be4                __nesf2
                0x0000000000002be4                __eqsf2
                0x0000000000002be4                __cmpsf2
                0x0000000000002be4                __ltsf2
 .text.avr-libc.fplib
                0x0000000000002bec        0x6 /usr/lib/gcc/avr/4.7.2/../../../avr/lib/avr51/libm.a(cos.o)
                0x0000000000002bec                cos
 .text.avr-libc.fplib
                0x0000000000002bf2        0x4 /usr/lib/gcc/avr/4.7.2/../../../avr/lib/avr51/libm.a(divsf3.o)
                0x0000000000002bf2                __divsf3
 .text.avr-libc.fplib
                0x0000000000002bf6       0xcc /usr/lib/gcc/avr/4.7.2/../../../avr/lib/avr51/libm.a(divsf3x.o)
                0x0000000000002c0c                __divsf3x
                0x0000000000002c10                __divsf3_pse
 .text.avr-libc.fplib
                0x0000000000002cc2        0xa /usr/lib/gcc/avr/4.7.2/../../../avr/lib/avr51/libm.a(fixsfsi.o)
                0x0000000000002cc2                __fixsfsi
 .text.avr-libc.fplib
                0x0000000000002ccc       0x58 /usr/lib/gcc/avr/4.7.2/../../../avr/lib/avr51/libm.a(fixunssfsi.o)
                0x0000000000002ccc                __fixunssfsi
 .text.avr-libc.fplib
                0x0000000000002d24       0x7a /usr/lib/gcc/avr/4.7.2/../../../avr/lib/avr51/libm.a(floatsisf.o)
                0x0000000000002d24                __floatunsisf
                0x0000000000002d28                __floatsisf
 .text.avr-libc.fplib
                0x0000000000002d9e       0x26 /usr/lib/gcc/avr/4.7.2/../../../avr/lib/avr51/libm.a(floor.o)
                0x0000000000002d9e                floor
 .text.avr-libc.fplib
                0x0000000000002dc4       0x48 /usr/lib/gcc/avr/4.7.2/../../../avr/lib/avr51/libm.a(fp_cmp.o)
                0x0000000000002dc4                __fp_cmp
 .text.avr-libc.fplib
                0x0000000000002e0c        0xc /usr/lib/gcc/avr/4.7.2/../../../avr/lib/avr51/libm.a(fp_inf.o)
                0x0000000000002e0c                __fp_inf
 .text.avr-libc.fplib
                0x0000000000002e18       0x36 /usr/lib/gcc/avr/4.7.2/../../../avr/lib/avr51/libm.a(fp_mintl.o)
                0x0000000000002e18                __fp_mintl
 .text.avr-libc.fplib
                0x0000000000002e4e       0x1c /usr/lib/gcc/avr/4.7.2/../../../avr/lib/avr51/libm.a(fp_mpack.o)
                0x0000000000002e4e                __fp_mpack
                0x0000000000002e52                __fp_mpack_finite
 .text.avr-libc.fplib
                0x0000000000002e6a        0x6 /usr/lib/gcc/avr/4.7.2/../../../avr/lib/avr51/libm.a(fp_nan.o)
                0x0000000000002e6a                __fp_nan
 .text.avr-libc.fplib
                0x0000000000002e70       0x4a /usr/lib/gcc/avr/4.7.2/../../../avr/lib/avr51/libm.a(fp_powser.o)
                0x0000000000002e70                __fp_powser
 .text.avr-libc.fplib
                0x0000000000002eba        0xe /usr/lib/gcc/avr/4.7.2/../../../avr/lib/avr51/libm.a(fp_pscA.o)
                0x0000000000002eba                __fp_pscA
 .text.avr-libc.fplib
                0x0000000000002ec8        0xe /usr/lib/gcc/avr/4.7.2/../../../avr/lib/avr51/libm.a(fp_pscB.o)
                0x0000000000002ec8                __fp_pscB
 .text.avr-libc.fplib
                0x0000000000002ed6       0x50 /usr/lib/gcc/avr/4.7.2/../../../avr/lib/avr51/libm.a(fp_rempio2.o)
                0x0000000000002ed8                __fp_rempio2
 .text.avr-libc.fplib
                0x0000000000002f26       0x22 /usr/lib/gcc/avr/4.7.2/../../../avr/lib/avr51/libm.a(fp_round.o)
                0x0000000000002f26                __fp_round
 .text.avr-libc.fplib
                0x0000000000002f48       0x22 /usr/lib/gcc/avr/4.7.2/../../../avr/lib/avr51/libm.a(fp_sinus.o)
                0x0000000000002f48                __fp_sinus
 .text.avr-libc.fplib
                0x0000000000002f6a       0x44 /usr/lib/gcc/avr/4.7.2/../../../avr/lib/avr51/libm.a(fp_split3.o)
                0x0000000000002f6a                __fp_split3
                0x0000000000002f7a                __fp_splitA
 .text.avr-libc.fplib
                0x0000000000002fae       0x2e /usr/lib/gcc/avr/4.7.2/../../../avr/lib/avr51/libm.a(fp_trunc.o)
                0x0000000000002fae                __fp_trunc
 .text.avr-libc.fplib
                0x0000000000002fdc        0xe /usr/lib/gcc/avr/4.7.2/../../../avr/lib/avr51/libm.a(fp_zero.o)
                0x0000000000002fdc                __fp_zero
                0x0000000000002fde                __fp_szero
 .text.avr-libc.fplib
                0x0000000000002fea        0x8 /usr/lib/gcc/avr/4.7.2/../../../avr/lib/avr51/libm.a(gesf2.o)
                0x0000000000002fea                __gtsf2
                0x0000000000002fea                __gesf2
 .text.avr-libc.fplib
                0x0000000000002ff2        0xe /usr/lib/gcc/avr/4.7.2/../../../avr/lib/avr51/libm.a(inverse.o)
                0x0000000000002ff2                inverse
 .text.avr-libc.fplib
                0x0000000000003000        0xc /usr/lib/gcc/avr/4.7.2/../../../avr/lib/avr51/libm.a(log10.o)
                0x0000000000003000                log10
 .text.avr-libc.fplib
                0x000000000000300c       0x8a /usr/lib/gcc/avr/4.7.2/../../../avr/lib/avr51/libm.a(log.o)
                0x0000000000003016                log
 .text.avr-libc.fplib
                0x0000000000003096       0x66 /usr/lib/gcc/avr/4.7.2/../../../avr/lib/avr51/libm.a(modf.o)
                0x0000000000003096                modff
                0x0000000000003096                modf
 .text.avr-libc.fplib
                0x00000000000030fc        0x4 /usr/lib/gcc/avr/4.7.2/../../../avr/lib/avr51/libm.a(mulsf3.o)
                0x00000000000030fc                __mulsf3
 .text.avr-libc.fplib
                0x0000000000003100       0xc2 /usr/lib/gcc/avr/4.7.2/../../../avr/lib/avr51/libm.a(mulsf3x.o)
                0x0000000000003114                __mulsf3x
                0x0000000000003118                __mulsf3_pse
 .text.avr-libc.fplib
                0x00000000000031c2       0x98 /usr/lib/gcc/avr/4.7.2/../../../avr/lib/avr51/libm.a(pow.o)
                0x00000000000031c2                pow
 .text.avr-libc.fplib
                0x000000000000325a       0x40 /usr/lib/gcc/avr/4.7.2/../../../avr/lib/avr51/libm.a(round.o)
                0x000000000000325a                round
 .text.avr-libc.fplib
                0x000000000000329a        0xc /usr/lib/gcc/avr/4.7.2/../../../avr/lib/avr51/libm.a(sin.o)
                0x000000000000329a                sin
 .text.avr-libc.fplib
                0x00000000000032a6       0x84 /usr/lib/gcc/avr/4.7.2/../../../avr/lib/avr51/libm.a(sqrt.o)
                0x00000000000032ae                sqrt
 .text.avr-libc.fplib
                0x000000000000332a        0x6 /usr/lib/gcc/avr/4.7.2/../../../avr/lib/avr51/libm.a(square.o)
                0x000000000000332a                square
 .text.avr-libc.fplib
                0x0000000000003330       0x62 /usr/lib/gcc/avr/4.7.2/../../../avr/lib/avr51/libm.a(exp.o)
                0x000000000000333a                exp
 .text.avr-libc.fplib
                0x0000000000003392        0xe /usr/lib/gcc/avr/4.7.2/../../../avr/lib/avr51/libm.a(fp_norm2.o)
                0x0000000000003392                __fp_norm2
 .text.avr-libc.fplib
                0x00000000000033a0       0x22 /usr/lib/gcc/avr/4.7.2/../../../avr/lib/avr51/libm.a(fp_powsodd.o)
                0x00000000000033a0                __fp_powsodd
 .text.avr-libc.fplib
                0x00000000000033c2       0x6c /usr/lib/gcc/avr/4.7.2/../../../avr/lib/avr51/libm.a(ldexp.o)
                0x00000000000033c6                ldexp
 .text.libgcc.mul
                0x000000000000342e        0x0 /usr/lib/gcc/avr/4.7.2/avr51/libgcc.a(_exit.o)
 .text.libgcc.div
                0x000000000000342e        0x0 /usr/lib/gcc/avr/4.7.2/avr51/libgcc.a(_exit.o)
 .text.libgcc   0x000000000000342e        0x0 /usr/lib/gcc/avr/4.7.2/avr51/libgcc.a(_exit.o)
 .text.libgcc.prologue
                0x000000000000342e        0x0 /usr/lib/gcc/avr/4.7.2/avr51/libgcc.a(_exit.o)
 .text.libgcc.builtins
                0x000000000000342e        0x0 /usr/lib/gcc/avr/4.7.2/avr51/libgcc.a(_exit.o)
 .text.libgcc.fmul
                0x000000000000342e        0x0 /usr/lib/gcc/avr/4.7.2/avr51/libgcc.a(_exit.o)
 .text.libgcc.mul
                0x000000000000342e        0x0 /usr/lib/gcc/avr/4.7.2/avr51/libgcc.a(_copy_data.o)
 .text.libgcc.div
                0x000000000000342e        0x0 /usr/lib/gcc/avr/4.7.2/avr51/libgcc.a(_copy_data.o)
 .text.libgcc   0x000000000000342e        0x0 /usr/lib/gcc/avr/4.7.2/avr51/libgcc.a(_copy_data.o)
 .text.libgcc.prologue
                0x000000000000342e        0x0 /usr/lib/gcc/avr/4.7.2/avr51/libgcc.a(_copy_data.o)
 .text.libgcc.builtins
                0x000000000000342e        0x0 /usr/lib/gcc/avr/4.7.2/avr51/libgcc.a(_copy_data.o)
 .text.libgcc.fmul
                0x000000000000342e        0x0 /usr/lib/gcc/avr/4.7.2/avr51/libgcc.a(_copy_data.o)
 .text.libgcc.mul
                0x000000000000342e        0x0 /usr/lib/gcc/avr/4.7.2/avr51/libgcc.a(_clear_bss.o)
 .text.libgcc.div
                0x000000000000342e        0x0 /usr/lib/gcc/avr/4.7.2/avr51/libgcc.a(_clear_bss.o)
 .text.libgcc   0x000000000000342e        0x0 /usr/lib/gcc/avr/4.7.2/avr51/libgcc.a(_clear_bss.o)
 .text.libgcc.prologue
                0x000000000000342e        0x0 /usr/lib/gcc/avr/4.7.2/avr51/libgcc.a(_clear_bss.o)
 .text.libgcc.builtins
                0x000000000000342e        0x0 /usr/lib/gcc/avr/4.7.2/avr51/libgcc.a(_clear_bss.o)
 .text.libgcc.fmul
                0x000000000000342e        0x0 /usr/lib/gcc/avr/4.7.2/avr51/libgcc.a(_clear_bss.o)
 .text.avr-libc
                0x000000000000342e      0x272 /usr/lib/gcc/avr/4.7.2/../../../avr/lib/avr51/libc.a(malloc.o)
                0x000000000000342e                malloc
                0x0000000000003564                free
 .text.avr-libc
                0x00000000000036a0      0x2ca /usr/lib/gcc/avr/4.7.2/../../../avr/lib/avr51/libc.a(strtod.o)
                0x00000000000036a0                strtod
 .text.avr-libc
                0x000000000000396a       0x10 /usr/lib/gcc/avr/4.7.2/../../../avr/lib/avr51/libc.a(isspace.o)
                0x000000000000396a                isspace
 .text.avr-libc
                0x000000000000397a       0x30 /usr/lib/gcc/avr/4.7.2/../../../avr/lib/avr51/libc.a(strncasecmp_P.o)
                0x000000000000397a                strncasecmp_P
 .text.avr-libc
                0x00000000000039aa       0x12 /usr/lib/gcc/avr/4.7.2/../../../avr/lib/avr51/libc.a(strcmp.o)
                0x00000000000039aa                strcmp
 .text.avr-libc
                0x00000000000039bc        0xe /usr/lib/gcc/avr/4.7.2/../../../avr/lib/avr51/libc.a(strcpy.o)
                0x00000000000039bc                strcpy
 .text.avr-libc
                0x00000000000039ca       0x1e /usr/lib/gcc/avr/4.7.2/../../../avr/lib/avr51/libc.a(strncpy.o)
                0x00000000000039ca                strncpy
 .text.avr-libc
                0x00000000000039e8       0x1c /usr/lib/gcc/avr/4.7.2/../../../avr/lib/avr51/libc.a(strpbrk.o)
                0x00000000000039e8                strpbrk
 .text.avr-libc
                0x0000000000003a04       0x62 /usr/lib/gcc/avr/4.7.2/../../../avr/lib/avr51/libc.a(sprintf.o)
                0x0000000000003a04                sprintf
 .text.avr-libc
                0x0000000000003a66      0x40c /usr/lib/gcc/avr/4.7.2/../../../avr/lib/avr51/libc.a(vfprintf_std.o)
                0x0000000000003a66                vfprintf
 .text.avr-libc
                0x0000000000003e72       0x20 /usr/lib/gcc/avr/4.7.2/../../../avr/lib/avr51/libc.a(eerd_block_atmega1284p.o)
                0x0000000000003e72                __eerd_block_m1284p
                0x0000000000003e76                __eerd_blraw_m1284p
 .text.avr-libc
                0x0000000000003e92       0x10 /usr/lib/gcc/avr/4.7.2/../../../avr/lib/avr51/libc.a(eerd_byte_atmega1284p.o)
                0x0000000000003e92                __eerd_byte_m1284p
 .text.avr-libc
                0x0000000000003ea2        0xc /usr/lib/gcc/avr/4.7.2/../../../avr/lib/avr51/libc.a(eerd_dword_atmega1284p.o)
                0x0000000000003ea2                __eerd_dword_m1284p
                0x0000000000003ea2                __eerd_float_m1284p
 .text.avr-libc
                0x0000000000003eae       0x1c /usr/lib/gcc/avr/4.7.2/../../../avr/lib/avr51/libc.a(eewr_byte_atmega1284p.o)
                0x0000000000003eae                __eewr_byte_m1284p
                0x0000000000003eb0                __eewr_r18_m1284p
 .text.avr-libc
                0x0000000000003eca        0x6 /usr/lib/gcc/avr/4.7.2/../../../avr/lib/avr51/libc.a(cty_isfalse.o)
                0x0000000000003eca                __ctype_isfalse
                0x0000000000003ece                __ctype_istrue
 .text.avr-libc
                0x0000000000003ed0       0x16 /usr/lib/gcc/avr/4.7.2/../../../avr/lib/avr51/libc.a(strnlen_P.o)
                0x0000000000003ed0                strnlen_P
 .text.avr-libc
                0x0000000000003ee6       0x16 /usr/lib/gcc/avr/4.7.2/../../../avr/lib/avr51/libc.a(strnlen.o)
                0x0000000000003ee6                strnlen
 .text.avr-libc
                0x0000000000003efc       0x58 /usr/lib/gcc/avr/4.7.2/../../../avr/lib/avr51/libc.a(fputc.o)
                0x0000000000003efc                fputc
 .text.avr-libc
                0x0000000000003f54       0xbc /usr/lib/gcc/avr/4.7.2/../../../avr/lib/avr51/libc.a(ultoa_invert.o)
                0x0000000000003f54                __ultoa_invert
 .text.libgcc.mul
                0x0000000000004010       0x16 /usr/lib/gcc/avr/4.7.2/avr51/libgcc.a(_muluhisi3.o)
                0x0000000000004010                __muluhisi3
 .text.libgcc.div
                0x0000000000004026        0x0 /usr/lib/gcc/avr/4.7.2/avr51/libgcc.a(_muluhisi3.o)
 .text.libgcc   0x0000000000004026        0x0 /usr/lib/gcc/avr/4.7.2/avr51/libgcc.a(_muluhisi3.o)
 .text.libgcc.prologue
                0x0000000000004026        0x0 /usr/lib/gcc/avr/4.7.2/avr51/libgcc.a(_muluhisi3.o)
 .text.libgcc.builtins
                0x0000000000004026        0x0 /usr/lib/gcc/avr/4.7.2/avr51/libgcc.a(_muluhisi3.o)
 .text.libgcc.fmul
                0x0000000000004026        0x0 /usr/lib/gcc/avr/4.7.2/avr51/libgcc.a(_muluhisi3.o)
 .text.libgcc.mul
                0x0000000000004026       0x18 /usr/lib/gcc/avr/4.7.2/avr51/libgcc.a(_umulhisi3.o)
                0x0000000000004026                __umulhisi3
 .text.libgcc.div
                0x000000000000403e        0x0 /usr/lib/gcc/avr/4.7.2/avr51/libgcc.a(_umulhisi3.o)
 .text.libgcc   0x000000000000403e        0x0 /usr/lib/gcc/avr/4.7.2/avr51/libgcc.a(_umulhisi3.o)
 .text.libgcc.prologue
                0x000000000000403e        0x0 /usr/lib/gcc/avr/4.7.2/avr51/libgcc.a(_umulhisi3.o)
 .text.libgcc.builtins
                0x000000000000403e        0x0 /usr/lib/gcc/avr/4.7.2/avr51/libgcc.a(_umulhisi3.o)
 .text.libgcc.fmul
                0x000000000000403e        0x0 /usr/lib/gcc/avr/4.7.2/avr51/libgcc.a(_umulhisi3.o)
                0x000000000000403e                . = ALIGN (0x2)
 *(.fini9)
 .fini9         0x000000000000403e        0x0 /usr/lib/gcc/avr/4.7.2/avr51/libgcc.a(_exit.o)
                0x000000000000403e                exit
                0x000000000000403e                _exit
 *(.fini9)
 *(.fini8)
 *(.fini8)
 *(.fini7)
 *(.fini7)
 *(.fini6)
 *(.fini6)
 *(.fini5)
 *(.fini5)
 *(.fini4)
 *(.fini4)
 *(.fini3)
 *(.fini3)
 *(.fini2)
 *(.fini2)
 *(.fini1)
 *(.fini1)
 *(.fini0)
 .fini0         0x000000000000403e        0x4 /usr/lib/gcc/avr/4.7.2/avr51/libgcc.a(_exit.o)
 *(.fini0)
                0x0000000000004042                _etext = .

.data           0x0000000000800100      0x31e load address 0x0000000000004042
                0x0000000000800100                PROVIDE (__data_start, .)
 *(.data)
 .data          0x0000000000800100        0x0 /usr/lib/gcc/avr/4.7.2/../../../avr/lib/avr51/crtm1284p.o
 .data          0x0000000000800100        0x0 fmFirmware.o
 .data          0x0000000000800100        0x2 lcd.o
                0x0000000000800100                line_num
 .data          0x0000000000800102        0x0 geolocation.o
 .data          0x0000000000800102        0x0 database.o
 .data          0x0000000000800102        0x0 dev_ops.o
 .data          0x0000000000800102        0x0 /usr/lib/gcc/avr/4.7.2/../../../avr/lib/avr51/libm.a(addsf3.o)
 .data          0x0000000000800102        0x0 /usr/lib/gcc/avr/4.7.2/../../../avr/lib/avr51/libm.a(addsf3x.o)
 .data          0x0000000000800102        0x0 /usr/lib/gcc/avr/4.7.2/../../../avr/lib/avr51/libm.a(atan2.o)
 .data          0x0000000000800102        0x0 /usr/lib/gcc/avr/4.7.2/../../../avr/lib/avr51/libm.a(atan.o)
 .data          0x0000000000800102        0x0 /usr/lib/gcc/avr/4.7.2/../../../avr/lib/avr51/libm.a(cmpsf2.o)
 .data          0x0000000000800102        0x0 /usr/lib/gcc/avr/4.7.2/../../../avr/lib/avr51/libm.a(cos.o)
 .data          0x0000000000800102        0x0 /usr/lib/gcc/avr/4.7.2/../../../avr/lib/avr51/libm.a(divsf3.o)
 .data          0x0000000000800102        0x0 /usr/lib/gcc/avr/4.7.2/../../../avr/lib/avr51/libm.a(divsf3x.o)
 .data          0x0000000000800102        0x0 /usr/lib/gcc/avr/4.7.2/../../../avr/lib/avr51/libm.a(fixsfsi.o)
 .data          0x0000000000800102        0x0 /usr/lib/gcc/avr/4.7.2/../../../avr/lib/avr51/libm.a(fixunssfsi.o)
 .data          0x0000000000800102        0x0 /usr/lib/gcc/avr/4.7.2/../../../avr/lib/avr51/libm.a(floatsisf.o)
 .data          0x0000000000800102        0x0 /usr/lib/gcc/avr/4.7.2/../../../avr/lib/avr51/libm.a(floor.o)
 .data          0x0000000000800102        0x0 /usr/lib/gcc/avr/4.7.2/../../../avr/lib/avr51/libm.a(fp_cmp.o)
 .data          0x0000000000800102        0x0 /usr/lib/gcc/avr/4.7.2/../../../avr/lib/avr51/libm.a(fp_inf.o)
 .data          0x0000000000800102        0x0 /usr/lib/gcc/avr/4.7.2/../../../avr/lib/avr51/libm.a(fp_mintl.o)
 .data          0x0000000000800102        0x0 /usr/lib/gcc/avr/4.7.2/../../../avr/lib/avr51/libm.a(fp_mpack.o)
 .data          0x0000000000800102        0x0 /usr/lib/gcc/avr/4.7.2/../../../avr/lib/avr51/libm.a(fp_nan.o)
 .data          0x0000000000800102        0x0 /usr/lib/gcc/avr/4.7.2/../../../avr/lib/avr51/libm.a(fp_powser.o)
 .data          0x0000000000800102        0x0 /usr/lib/gcc/avr/4.7.2/../../../avr/lib/avr51/libm.a(fp_pscA.o)
 .data          0x0000000000800102        0x0 /usr/lib/gcc/avr/4.7.2/../../../avr/lib/avr51/libm.a(fp_pscB.o)
 .data          0x0000000000800102        0x0 /usr/lib/gcc/avr/4.7.2/../../../avr/lib/avr51/libm.a(fp_rempio2.o)
 .data          0x0000000000800102        0x0 /usr/lib/gcc/avr/4.7.2/../../../avr/lib/avr51/libm.a(fp_round.o)
 .data          0x0000000000800102        0x0 /usr/lib/gcc/avr/4.7.2/../../../avr/lib/avr51/libm.a(fp_sinus.o)
 .data          0x0000000000800102        0x0 /usr/lib/gcc/avr/4.7.2/../../../avr/lib/avr51/libm.a(fp_split3.o)
 .data          0x0000000000800102        0x0 /usr/lib/gcc/avr/4.7.2/../../../avr/lib/avr51/libm.a(fp_trunc.o)
 .data          0x0000000000800102        0x0 /usr/lib/gcc/avr/4.7.2/../../../avr/lib/avr51/libm.a(fp_zero.o)
 .data          0x0000000000800102        0x0 /usr/lib/gcc/avr/4.7.2/../../../avr/lib/avr51/libm.a(gesf2.o)
 .data          0x0000000000800102        0x0 /usr/lib/gcc/avr/4.7.2/../../../avr/lib/avr51/libm.a(inverse.o)
 .data          0x0000000000800102        0x0 /usr/lib/gcc/avr/4.7.2/../../../avr/lib/avr51/libm.a(log10.o)
 .data          0x0000000000800102        0x0 /usr/lib/gcc/avr/4.7.2/../../../avr/lib/avr51/libm.a(log.o)
 .data          0x0000000000800102        0x0 /usr/lib/gcc/avr/4.7.2/../../../avr/lib/avr51/libm.a(modf.o)
 .data          0x0000000000800102        0x0 /usr/lib/gcc/avr/4.7.2/../../../avr/lib/avr51/libm.a(mulsf3.o)
 .data          0x0000000000800102        0x0 /usr/lib/gcc/avr/4.7.2/../../../avr/lib/avr51/libm.a(mulsf3x.o)
 .data          0x0000000000800102        0x0 /usr/lib/gcc/avr/4.7.2/../../../avr/lib/avr51/libm.a(pow.o)
 .data          0x0000000000800102        0x0 /usr/lib/gcc/avr/4.7.2/../../../avr/lib/avr51/libm.a(round.o)
 .data          0x0000000000800102        0x0 /usr/lib/gcc/avr/4.7.2/../../../avr/lib/avr51/libm.a(sin.o)
 .data          0x0000000000800102        0x0 /usr/lib/gcc/avr/4.7.2/../../../avr/lib/avr51/libm.a(sqrt.o)
 .data          0x0000000000800102        0x0 /usr/lib/gcc/avr/4.7.2/../../../avr/lib/avr51/libm.a(square.o)
 .data          0x0000000000800102        0x0 /usr/lib/gcc/avr/4.7.2/../../../avr/lib/avr51/libm.a(exp.o)
 .data          0x0000000000800102        0x0 /usr/lib/gcc/avr/4.7.2/../../../avr/lib/avr51/libm.a(fp_norm2.o)
 .data          0x0000000000800102        0x0 /usr/lib/gcc/avr/4.7.2/../../../avr/lib/avr51/libm.a(fp_powsodd.o)
 .data          0x0000000000800102        0x0 /usr/lib/gcc/avr/4.7.2/../../../avr/lib/avr51/libm.a(ldexp.o)
 .data          0x0000000000800102        0x0 /usr/lib/gcc/avr/4.7.2/avr51/libgcc.a(_exit.o)
 .data          0x0000000000800102        0x0 /usr/lib/gcc/avr/4.7.2/avr51/libgcc.a(_copy_data.o)
 .data          0x0000000000800102        0x0 /usr/lib/gcc/avr/4.7.2/avr51/libgcc.a(_clear_bss.o)
 .data          0x0000000000800102        0x6 /usr/lib/gcc/avr/4.7.2/../../../avr/lib/avr51/libc.a(malloc.o)
                0x0000000000800102                __malloc_heap_end
                0x0000000000800104                __malloc_heap_start
                0x0000000000800106                __malloc_margin
 .data          0x0000000000800108        0x0 /usr/lib/gcc/avr/4.7.2/../../../avr/lib/avr51/libc.a(strtod.o)
 .data          0x0000000000800108        0x0 /usr/lib/gcc/avr/4.7.2/../../../avr/lib/avr51/libc.a(isspace.o)
 .data          0x0000000000800108        0x0 /usr/lib/gcc/avr/4.7.2/../../../avr/lib/avr51/libc.a(strncasecmp_P.o)
 .data          0x0000000000800108        0x0 /usr/lib/gcc/avr/4.7.2/../../../avr/lib/avr51/libc.a(strcmp.o)
 .data          0x0000000000800108        0x0 /usr/lib/gcc/avr/4.7.2/../../../avr/lib/avr51/libc.a(strcpy.o)
 .data          0x0000000000800108        0x0 /usr/lib/gcc/avr/4.7.2/../../../avr/lib/avr51/libc.a(strncpy.o)
 .data          0x0000000000800108        0x0 /usr/lib/gcc/avr/4.7.2/../../../avr/lib/avr51/libc.a(strpbrk.o)
 .data          0x0000000000800108        0x0 /usr/lib/gcc/avr/4.7.2/../../../avr/lib/avr51/libc.a(sprintf.o)
 .data          0x0000000000800108        0x0 /usr/lib/gcc/avr/4.7.2/../../../avr/lib/avr51/libc.a(vfprintf_std.o)
 .data          0x0000000000800108        0x0 /usr/lib/gcc/avr/4.7.2/../../../avr/lib/avr51/libc.a(eerd_block_atmega1284p.o)
 .data          0x0000000000800108        0x0 /usr/lib/gcc/avr/4.7.2/../../../avr/lib/avr51/libc.a(eerd_byte_atmega1284p.o)
 .data          0x0000000000800108        0x0 /usr/lib/gcc/avr/4.7.2/../../../avr/lib/avr51/libc.a(eerd_dword_atmega1284p.o)
 .data          0x0000000000800108        0x0 /usr/lib/gcc/avr/4.7.2/../../../avr/lib/avr51/libc.a(eewr_byte_atmega1284p.o)
 .data          0x0000000000800108        0x0 /usr/lib/gcc/avr/4.7.2/../../../avr/lib/avr51/libc.a(errno.o)
 .data          0x0000000000800108        0x0 /usr/lib/gcc/avr/4.7.2/../../../avr/lib/avr51/libc.a(cty_isfalse.o)
 .data          0x0000000000800108        0x0 /usr/lib/gcc/avr/4.7.2/../../../avr/lib/avr51/libc.a(strnlen_P.o)
 .data          0x0000000000800108        0x0 /usr/lib/gcc/avr/4.7.2/../../../avr/lib/avr51/libc.a(strnlen.o)
 .data          0x0000000000800108        0x0 /usr/lib/gcc/avr/4.7.2/../../../avr/lib/avr51/libc.a(fputc.o)
 .data          0x0000000000800108        0x0 /usr/lib/gcc/avr/4.7.2/../../../avr/lib/avr51/libc.a(ultoa_invert.o)
 .data          0x0000000000800108        0x0 /usr/lib/gcc/avr/4.7.2/avr51/libgcc.a(_muluhisi3.o)
 .data          0x0000000000800108        0x0 /usr/lib/gcc/avr/4.7.2/avr51/libgcc.a(_umulhisi3.o)
 *(.data*)
 *(.rodata)
 .rodata        0x0000000000800108       0x27 geolocation.o
 *(.rodata*)
 .rodata.str1.1
                0x000000000080012f       0x6f fmFirmware.o
                                         0x72 (size before relaxing)
 .rodata.str1.1
                0x000000000080019e        0x5 lcd.o
                                         0x12 (size before relaxing)
 .rodata.str1.1
                0x00000000008001a3       0x49 geolocation.o
 .rodata.str1.1
                0x00000000008001ec       0x18 database.o
                                         0x23 (size before relaxing)
 .rodata.str1.1
                0x0000000000800204      0x219 dev_ops.o
                                        0x229 (size before relaxing)
 *(.gnu.linkonce.d*)
                0x000000000080041e                . = ALIGN (0x2)
 *fill*         0x000000000080041d        0x1 00
                0x000000000080041e                _edata = .
                0x000000000080041e                PROVIDE (__data_end, .)

.bss            0x000000000080041e        0xc
                0x000000000080041e                PROVIDE (__bss_start, .)
 *(.bss)
 .bss           0x000000000080041e        0x0 /usr/lib/gcc/avr/4.7.2/../../../avr/lib/avr51/crtm1284p.o
 .bss           0x000000000080041e        0x0 fmFirmware.o
 .bss           0x000000000080041e        0x2 lcd.o
                0x000000000080041e                chars_written
 .bss           0x0000000000800420        0x2 geolocation.o
 .bss           0x0000000000800422        0x0 database.o
 .bss           0x0000000000800422        0x0 dev_ops.o
 .bss           0x0000000000800422        0x0 /usr/lib/gcc/avr/4.7.2/../../../avr/lib/avr51/libm.a(addsf3.o)
 .bss           0x0000000000800422        0x0 /usr/lib/gcc/avr/4.7.2/../../../avr/lib/avr51/libm.a(addsf3x.o)
 .bss           0x0000000000800422        0x0 /usr/lib/gcc/avr/4.7.2/../../../avr/lib/avr51/libm.a(atan2.o)
 .bss           0x0000000000800422        0x0 /usr/lib/gcc/avr/4.7.2/../../../avr/lib/avr51/libm.a(atan.o)
 .bss           0x0000000000800422        0x0 /usr/lib/gcc/avr/4.7.2/../../../avr/lib/avr51/libm.a(cmpsf2.o)
 .bss           0x0000000000800422        0x0 /usr/lib/gcc/avr/4.7.2/../../../avr/lib/avr51/libm.a(cos.o)
 .bss           0x0000000000800422        0x0 /usr/lib/gcc/avr/4.7.2/../../../avr/lib/avr51/libm.a(divsf3.o)
 .bss           0x0000000000800422        0x0 /usr/lib/gcc/avr/4.7.2/../../../avr/lib/avr51/libm.a(divsf3x.o)
 .bss           0x0000000000800422        0x0 /usr/lib/gcc/avr/4.7.2/../../../avr/lib/avr51/libm.a(fixsfsi.o)
 .bss           0x0000000000800422        0x0 /usr/lib/gcc/avr/4.7.2/../../../avr/lib/avr51/libm.a(fixunssfsi.o)
 .bss           0x0000000000800422        0x0 /usr/lib/gcc/avr/4.7.2/../../../avr/lib/avr51/libm.a(floatsisf.o)
 .bss           0x0000000000800422        0x0 /usr/lib/gcc/avr/4.7.2/../../../avr/lib/avr51/libm.a(floor.o)
 .bss           0x0000000000800422        0x0 /usr/lib/gcc/avr/4.7.2/../../../avr/lib/avr51/libm.a(fp_cmp.o)
 .bss           0x0000000000800422        0x0 /usr/lib/gcc/avr/4.7.2/../../../avr/lib/avr51/libm.a(fp_inf.o)
 .bss           0x0000000000800422        0x0 /usr/lib/gcc/avr/4.7.2/../../../avr/lib/avr51/libm.a(fp_mintl.o)
 .bss           0x0000000000800422        0x0 /usr/lib/gcc/avr/4.7.2/../../../avr/lib/avr51/libm.a(fp_mpack.o)
 .bss           0x0000000000800422        0x0 /usr/lib/gcc/avr/4.7.2/../../../avr/lib/avr51/libm.a(fp_nan.o)
 .bss           0x0000000000800422        0x0 /usr/lib/gcc/avr/4.7.2/../../../avr/lib/avr51/libm.a(fp_powser.o)
 .bss           0x0000000000800422        0x0 /usr/lib/gcc/avr/4.7.2/../../../avr/lib/avr51/libm.a(fp_pscA.o)
 .bss           0x0000000000800422        0x0 /usr/lib/gcc/avr/4.7.2/../../../avr/lib/avr51/libm.a(fp_pscB.o)
 .bss           0x0000000000800422        0x0 /usr/lib/gcc/avr/4.7.2/../../../avr/lib/avr51/libm.a(fp_rempio2.o)
 .bss           0x0000000000800422        0x0 /usr/lib/gcc/avr/4.7.2/../../../avr/lib/avr51/libm.a(fp_round.o)
 .bss           0x0000000000800422        0x0 /usr/lib/gcc/avr/4.7.2/../../../avr/lib/avr51/libm.a(fp_sinus.o)
 .bss           0x0000000000800422        0x0 /usr/lib/gcc/avr/4.7.2/../../../avr/lib/avr51/libm.a(fp_split3.o)
 .bss           0x0000000000800422        0x0 /usr/lib/gcc/avr/4.7.2/../../../avr/lib/avr51/libm.a(fp_trunc.o)
 .bss           0x0000000000800422        0x0 /usr/lib/gcc/avr/4.7.2/../../../avr/lib/avr51/libm.a(fp_zero.o)
 .bss           0x0000000000800422        0x0 /usr/lib/gcc/avr/4.7.2/../../../avr/lib/avr51/libm.a(gesf2.o)
 .bss           0x0000000000800422        0x0 /usr/lib/gcc/avr/4.7.2/../../../avr/lib/avr51/libm.a(inverse.o)
 .bss           0x0000000000800422        0x0 /usr/lib/gcc/avr/4.7.2/../../../avr/lib/avr51/libm.a(log10.o)
 .bss           0x0000000000800422        0x0 /usr/lib/gcc/avr/4.7.2/../../../avr/lib/avr51/libm.a(log.o)
 .bss           0x0000000000800422        0x0 /usr/lib/gcc/avr/4.7.2/../../../avr/lib/avr51/libm.a(modf.o)
 .bss           0x0000000000800422        0x0 /usr/lib/gcc/avr/4.7.2/../../../avr/lib/avr51/libm.a(mulsf3.o)
 .bss           0x0000000000800422        0x0 /usr/lib/gcc/avr/4.7.2/../../../avr/lib/avr51/libm.a(mulsf3x.o)
 .bss           0x0000000000800422        0x0 /usr/lib/gcc/avr/4.7.2/../../../avr/lib/avr51/libm.a(pow.o)
 .bss           0x0000000000800422        0x0 /usr/lib/gcc/avr/4.7.2/../../../avr/lib/avr51/libm.a(round.o)
 .bss           0x0000000000800422        0x0 /usr/lib/gcc/avr/4.7.2/../../../avr/lib/avr51/libm.a(sin.o)
 .bss           0x0000000000800422        0x0 /usr/lib/gcc/avr/4.7.2/../../../avr/lib/avr51/libm.a(sqrt.o)
 .bss           0x0000000000800422        0x0 /usr/lib/gcc/avr/4.7.2/../../../avr/lib/avr51/libm.a(square.o)
 .bss           0x0000000000800422        0x0 /usr/lib/gcc/avr/4.7.2/../../../avr/lib/avr51/libm.a(exp.o)
 .bss           0x0000000000800422        0x0 /usr/lib/gcc/avr/4.7.2/../../../avr/lib/avr51/libm.a(fp_norm2.o)
 .bss           0x0000000000800422        0x0 /usr/lib/gcc/avr/4.7.2/../../../avr/lib/avr51/libm.a(fp_powsodd.o)
 .bss           0x0000000000800422        0x0 /usr/lib/gcc/avr/4.7.2/../../../avr/lib/avr51/libm.a(ldexp.o)
 .bss           0x0000000000800422        0x0 /usr/lib/gcc/avr/4.7.2/avr51/libgcc.a(_exit.o)
 .bss           0x0000000000800422        0x0 /usr/lib/gcc/avr/4.7.2/avr51/libgcc.a(_copy_data.o)
 .bss           0x0000000000800422        0x0 /usr/lib/gcc/avr/4.7.2/avr51/libgcc.a(_clear_bss.o)
 .bss           0x0000000000800422        0x0 /usr/lib/gcc/avr/4.7.2/../../../avr/lib/avr51/libc.a(malloc.o)
 .bss           0x0000000000800422        0x0 /usr/lib/gcc/avr/4.7.2/../../../avr/lib/avr51/libc.a(strtod.o)
 .bss           0x0000000000800422        0x0 /usr/lib/gcc/avr/4.7.2/../../../avr/lib/avr51/libc.a(isspace.o)
 .bss           0x0000000000800422        0x0 /usr/lib/gcc/avr/4.7.2/../../../avr/lib/avr51/libc.a(strncasecmp_P.o)
 .bss           0x0000000000800422        0x0 /usr/lib/gcc/avr/4.7.2/../../../avr/lib/avr51/libc.a(strcmp.o)
 .bss           0x0000000000800422        0x0 /usr/lib/gcc/avr/4.7.2/../../../avr/lib/avr51/libc.a(strcpy.o)
 .bss           0x0000000000800422        0x0 /usr/lib/gcc/avr/4.7.2/../../../avr/lib/avr51/libc.a(strncpy.o)
 .bss           0x0000000000800422        0x0 /usr/lib/gcc/avr/4.7.2/../../../avr/lib/avr51/libc.a(strpbrk.o)
 .bss           0x0000000000800422        0x0 /usr/lib/gcc/avr/4.7.2/../../../avr/lib/avr51/libc.a(sprintf.o)
 .bss           0x0000000000800422        0x0 /usr/lib/gcc/avr/4.7.2/../../../avr/lib/avr51/libc.a(vfprintf_std.o)
 .bss           0x0000000000800422        0x0 /usr/lib/gcc/avr/4.7.2/../../../avr/lib/avr51/libc.a(eerd_block_atmega1284p.o)
 .bss           0x0000000000800422        0x0 /usr/lib/gcc/avr/4.7.2/../../../avr/lib/avr51/libc.a(eerd_byte_atmega1284p.o)
 .bss           0x0000000000800422        0x0 /usr/lib/gcc/avr/4.7.2/../../../avr/lib/avr51/libc.a(eerd_dword_atmega1284p.o)
 .bss           0x0000000000800422        0x0 /usr/lib/gcc/avr/4.7.2/../../../avr/lib/avr51/libc.a(eewr_byte_atmega1284p.o)
 .bss           0x0000000000800422        0x0 /usr/lib/gcc/avr/4.7.2/../../../avr/lib/avr51/libc.a(errno.o)
 .bss           0x0000000000800422        0x0 /usr/lib/gcc/avr/4.7.2/../../../avr/lib/avr51/libc.a(cty_isfalse.o)
 .bss           0x0000000000800422        0x0 /usr/lib/gcc/avr/4.7.2/../../../avr/lib/avr51/libc.a(strnlen_P.o)
 .bss           0x0000000000800422        0x0 /usr/lib/gcc/avr/4.7.2/../../../avr/lib/avr51/libc.a(strnlen.o)
 .bss           0x0000000000800422        0x0 /usr/lib/gcc/avr/4.7.2/../../../avr/lib/avr51/libc.a(fputc.o)
 .bss           0x0000000000800422        0x0 /usr/lib/gcc/avr/4.7.2/../../../avr/lib/avr51/libc.a(ultoa_invert.o)
 .bss           0x0000000000800422        0x0 /usr/lib/gcc/avr/4.7.2/avr51/libgcc.a(_muluhisi3.o)
 .bss           0x0000000000800422        0x0 /usr/lib/gcc/avr/4.7.2/avr51/libgcc.a(_umulhisi3.o)
 *(.bss*)
 *(COMMON)
 COMMON         0x0000000000800422        0x2 fmFirmware.o
                0x0000000000800422                device
 COMMON         0x0000000000800424        0x4 /usr/lib/gcc/avr/4.7.2/../../../avr/lib/avr51/libc.a(malloc.o)
                0x0000000000800424                __brkval
                0x0000000000800426                __flp
 COMMON         0x0000000000800428        0x2 /usr/lib/gcc/avr/4.7.2/../../../avr/lib/avr51/libc.a(errno.o)
                0x0000000000800428                errno
                0x000000000080042a                PROVIDE (__bss_end, .)
                0x0000000000004042                __data_load_start = LOADADDR (.data)
                0x0000000000004360                __data_load_end = (__data_load_start + SIZEOF (.data))

.noinit         0x000000000080042a        0x0
                0x000000000080042a                PROVIDE (__noinit_start, .)
 *(.noinit*)
                0x000000000080042a                PROVIDE (__noinit_end, .)
                0x000000000080042a                _end = .
                0x000000000080042a                PROVIDE (__heap_start, .)

.eeprom         0x0000000000810000        0x0
 *(.eeprom*)
                0x0000000000810000                __eeprom_end = .

.fuse
 *(.fuse)
 *(.lfuse)
 *(.hfuse)
 *(.efuse)

.lock
 *(.lock*)

.signature
 *(.signature*)

.stab           0x0000000000000000     0xc354
 *(.stab)
 .stab          0x0000000000000000      0x6cc /usr/lib/gcc/avr/4.7.2/../../../avr/lib/avr51/crtm1284p.o
 .stab          0x00000000000006cc      0xb04 fmFirmware.o
                                        0xb10 (size before relaxing)
 .stab          0x00000000000011d0     0x126c lcd.o
                                       0x14a0 (size before relaxing)
 .stab          0x000000000000243c      0xf00 geolocation.o
                                       0x1200 (size before relaxing)
 .stab          0x000000000000333c      0x5c4 database.o
                                        0x8b8 (size before relaxing)
 .stab          0x0000000000003900     0x1c50 dev_ops.o
                                       0x1f44 (size before relaxing)
 .stab          0x0000000000005550       0x78 /usr/lib/gcc/avr/4.7.2/../../../avr/lib/avr51/libm.a(addsf3.o)
                                         0x84 (size before relaxing)
 .stab          0x00000000000055c8      0x4bc /usr/lib/gcc/avr/4.7.2/../../../avr/lib/avr51/libm.a(addsf3x.o)
                                        0x4c8 (size before relaxing)
 .stab          0x0000000000005a84      0x2f4 /usr/lib/gcc/avr/4.7.2/../../../avr/lib/avr51/libm.a(atan2.o)
                                        0x300 (size before relaxing)
 .stab          0x0000000000005d78      0x210 /usr/lib/gcc/avr/4.7.2/../../../avr/lib/avr51/libm.a(atan.o)
                                        0x21c (size before relaxing)
 .stab          0x0000000000005f88       0x90 /usr/lib/gcc/avr/4.7.2/../../../avr/lib/avr51/libm.a(cmpsf2.o)
                                         0x9c (size before relaxing)
 .stab          0x0000000000006018       0x54 /usr/lib/gcc/avr/4.7.2/../../../avr/lib/avr51/libm.a(cos.o)
                                         0x60 (size before relaxing)
 .stab          0x000000000000606c       0x48 /usr/lib/gcc/avr/4.7.2/../../../avr/lib/avr51/libm.a(divsf3.o)
                                         0x54 (size before relaxing)
 .stab          0x00000000000060b4      0x510 /usr/lib/gcc/avr/4.7.2/../../../avr/lib/avr51/libm.a(divsf3x.o)
                                        0x51c (size before relaxing)
 .stab          0x00000000000065c4       0x6c /usr/lib/gcc/avr/4.7.2/../../../avr/lib/avr51/libm.a(fixsfsi.o)
                                         0x78 (size before relaxing)
 .stab          0x0000000000006630      0x240 /usr/lib/gcc/avr/4.7.2/../../../avr/lib/avr51/libm.a(fixunssfsi.o)
                                        0x24c (size before relaxing)
 .stab          0x0000000000006870      0x318 /usr/lib/gcc/avr/4.7.2/../../../avr/lib/avr51/libm.a(floatsisf.o)
                                        0x324 (size before relaxing)
 .stab          0x0000000000006b88      0x114 /usr/lib/gcc/avr/4.7.2/../../../avr/lib/avr51/libm.a(floor.o)
                                        0x120 (size before relaxing)
 .stab          0x0000000000006c9c      0x1e0 /usr/lib/gcc/avr/4.7.2/../../../avr/lib/avr51/libm.a(fp_cmp.o)
                                        0x1ec (size before relaxing)
 .stab          0x0000000000006e7c       0x78 /usr/lib/gcc/avr/4.7.2/../../../avr/lib/avr51/libm.a(fp_inf.o)
                                         0x84 (size before relaxing)
 .stab          0x0000000000006ef4      0x174 /usr/lib/gcc/avr/4.7.2/../../../avr/lib/avr51/libm.a(fp_mintl.o)
                                        0x180 (size before relaxing)
 .stab          0x0000000000007068       0xe4 /usr/lib/gcc/avr/4.7.2/../../../avr/lib/avr51/libm.a(fp_mpack.o)
                                         0xf0 (size before relaxing)
 .stab          0x000000000000714c       0x54 /usr/lib/gcc/avr/4.7.2/../../../avr/lib/avr51/libm.a(fp_nan.o)
                                         0x60 (size before relaxing)
 .stab          0x00000000000071a0      0x1ec /usr/lib/gcc/avr/4.7.2/../../../avr/lib/avr51/libm.a(fp_powser.o)
                                        0x1f8 (size before relaxing)
 .stab          0x000000000000738c       0x84 /usr/lib/gcc/avr/4.7.2/../../../avr/lib/avr51/libm.a(fp_pscA.o)
                                         0x90 (size before relaxing)
 .stab          0x0000000000007410       0x84 /usr/lib/gcc/avr/4.7.2/../../../avr/lib/avr51/libm.a(fp_pscB.o)
                                         0x90 (size before relaxing)
 .stab          0x0000000000007494      0x21c /usr/lib/gcc/avr/4.7.2/../../../avr/lib/avr51/libm.a(fp_rempio2.o)
                                        0x228 (size before relaxing)
 .stab          0x00000000000076b0       0xfc /usr/lib/gcc/avr/4.7.2/../../../avr/lib/avr51/libm.a(fp_round.o)
                                        0x108 (size before relaxing)
 .stab          0x00000000000077ac       0xfc /usr/lib/gcc/avr/4.7.2/../../../avr/lib/avr51/libm.a(fp_sinus.o)
                                        0x108 (size before relaxing)
 .stab          0x00000000000078a8      0x1d4 /usr/lib/gcc/avr/4.7.2/../../../avr/lib/avr51/libm.a(fp_split3.o)
                                        0x1e0 (size before relaxing)
 .stab          0x0000000000007a7c      0x144 /usr/lib/gcc/avr/4.7.2/../../../avr/lib/avr51/libm.a(fp_trunc.o)
                                        0x150 (size before relaxing)
 .stab          0x0000000000007bc0       0x90 /usr/lib/gcc/avr/4.7.2/../../../avr/lib/avr51/libm.a(fp_zero.o)
                                         0x9c (size before relaxing)
 .stab          0x0000000000007c50       0x6c /usr/lib/gcc/avr/4.7.2/../../../avr/lib/avr51/libm.a(gesf2.o)
                                         0x78 (size before relaxing)
 .stab          0x0000000000007cbc       0x84 /usr/lib/gcc/avr/4.7.2/../../../avr/lib/avr51/libm.a(inverse.o)
                                         0x90 (size before relaxing)
 .stab          0x0000000000007d40       0x78 /usr/lib/gcc/avr/4.7.2/../../../avr/lib/avr51/libm.a(log10.o)
                                         0x84 (size before relaxing)
 .stab          0x0000000000007db8      0x378 /usr/lib/gcc/avr/4.7.2/../../../avr/lib/avr51/libm.a(log.o)
                                        0x384 (size before relaxing)
 .stab          0x0000000000008130      0x2a0 /usr/lib/gcc/avr/4.7.2/../../../avr/lib/avr51/libm.a(modf.o)
                                        0x2ac (size before relaxing)
 .stab          0x00000000000083d0       0x48 /usr/lib/gcc/avr/4.7.2/../../../avr/lib/avr51/libm.a(mulsf3.o)
                                         0x54 (size before relaxing)
 .stab          0x0000000000008418      0x4d4 /usr/lib/gcc/avr/4.7.2/../../../avr/lib/avr51/libm.a(mulsf3x.o)
                                        0x4e0 (size before relaxing)
 .stab          0x00000000000088ec      0x3c0 /usr/lib/gcc/avr/4.7.2/../../../avr/lib/avr51/libm.a(pow.o)
                                        0x3cc (size before relaxing)
 .stab          0x0000000000008cac      0x1b0 /usr/lib/gcc/avr/4.7.2/../../../avr/lib/avr51/libm.a(round.o)
                                        0x1bc (size before relaxing)
 .stab          0x0000000000008e5c       0x78 /usr/lib/gcc/avr/4.7.2/../../../avr/lib/avr51/libm.a(sin.o)
                                         0x84 (size before relaxing)
 .stab          0x0000000000008ed4      0x354 /usr/lib/gcc/avr/4.7.2/../../../avr/lib/avr51/libm.a(sqrt.o)
                                        0x360 (size before relaxing)
 .stab          0x0000000000009228       0x54 /usr/lib/gcc/avr/4.7.2/../../../avr/lib/avr51/libm.a(square.o)
                                         0x60 (size before relaxing)
 .stab          0x000000000000927c      0x288 /usr/lib/gcc/avr/4.7.2/../../../avr/lib/avr51/libm.a(exp.o)
                                        0x294 (size before relaxing)
 .stab          0x0000000000009504       0x84 /usr/lib/gcc/avr/4.7.2/../../../avr/lib/avr51/libm.a(fp_norm2.o)
                                         0x90 (size before relaxing)
 .stab          0x0000000000009588       0xfc /usr/lib/gcc/avr/4.7.2/../../../avr/lib/avr51/libm.a(fp_powsodd.o)
                                        0x108 (size before relaxing)
 .stab          0x0000000000009684      0x2c4 /usr/lib/gcc/avr/4.7.2/../../../avr/lib/avr51/libm.a(ldexp.o)
                                        0x2d0 (size before relaxing)
 .stab          0x0000000000009948      0x78c /usr/lib/gcc/avr/4.7.2/../../../avr/lib/avr51/libc.a(malloc.o)
                                        0x798 (size before relaxing)
 .stab          0x000000000000a0d4      0x630 /usr/lib/gcc/avr/4.7.2/../../../avr/lib/avr51/libc.a(strtod.o)
                                        0x7ec (size before relaxing)
 .stab          0x000000000000a704       0x9c /usr/lib/gcc/avr/4.7.2/../../../avr/lib/avr51/libc.a(isspace.o)
                                         0xa8 (size before relaxing)
 .stab          0x000000000000a7a0      0x138 /usr/lib/gcc/avr/4.7.2/../../../avr/lib/avr51/libc.a(strncasecmp_P.o)
                                        0x144 (size before relaxing)
 .stab          0x000000000000a8d8       0x84 /usr/lib/gcc/avr/4.7.2/../../../avr/lib/avr51/libc.a(strcmp.o)
                                         0x90 (size before relaxing)
 .stab          0x000000000000a95c       0x6c /usr/lib/gcc/avr/4.7.2/../../../avr/lib/avr51/libc.a(strcpy.o)
                                         0x78 (size before relaxing)
 .stab          0x000000000000a9c8       0xcc /usr/lib/gcc/avr/4.7.2/../../../avr/lib/avr51/libc.a(strncpy.o)
                                         0xd8 (size before relaxing)
 .stab          0x000000000000aa94       0xc0 /usr/lib/gcc/avr/4.7.2/../../../avr/lib/avr51/libc.a(strpbrk.o)
                                         0xcc (size before relaxing)
 .stab          0x000000000000ab54      0x240 /usr/lib/gcc/avr/4.7.2/../../../avr/lib/avr51/libc.a(sprintf.o)
                                        0x3e4 (size before relaxing)
 .stab          0x000000000000ad94      0x9f0 /usr/lib/gcc/avr/4.7.2/../../../avr/lib/avr51/libc.a(vfprintf_std.o)
                                        0xc24 (size before relaxing)
 .stab          0x000000000000b784      0x108 /usr/lib/gcc/avr/4.7.2/../../../avr/lib/avr51/libc.a(eerd_block_atmega1284p.o)
                                        0x114 (size before relaxing)
 .stab          0x000000000000b88c       0x90 /usr/lib/gcc/avr/4.7.2/../../../avr/lib/avr51/libc.a(eerd_byte_atmega1284p.o)
                                         0x9c (size before relaxing)
 .stab          0x000000000000b91c       0x78 /usr/lib/gcc/avr/4.7.2/../../../avr/lib/avr51/libc.a(eerd_dword_atmega1284p.o)
                                         0x84 (size before relaxing)
 .stab          0x000000000000b994       0xe4 /usr/lib/gcc/avr/4.7.2/../../../avr/lib/avr51/libc.a(eewr_byte_atmega1284p.o)
                                         0xf0 (size before relaxing)
 .stab          0x000000000000ba78       0xf0 /usr/lib/gcc/avr/4.7.2/../../../avr/lib/avr51/libc.a(errno.o)
                                         0xfc (size before relaxing)
 .stab          0x000000000000bb68       0x60 /usr/lib/gcc/avr/4.7.2/../../../avr/lib/avr51/libc.a(cty_isfalse.o)
                                         0x6c (size before relaxing)
 .stab          0x000000000000bbc8       0x9c /usr/lib/gcc/avr/4.7.2/../../../avr/lib/avr51/libc.a(strnlen_P.o)
                                         0xa8 (size before relaxing)
 .stab          0x000000000000bc64       0x9c /usr/lib/gcc/avr/4.7.2/../../../avr/lib/avr51/libc.a(strnlen.o)
                                         0xa8 (size before relaxing)
 .stab          0x000000000000bd00      0x1d4 /usr/lib/gcc/avr/4.7.2/../../../avr/lib/avr51/libc.a(fputc.o)
                                        0x3b4 (size before relaxing)
 .stab          0x000000000000bed4      0x480 /usr/lib/gcc/avr/4.7.2/../../../avr/lib/avr51/libc.a(ultoa_invert.o)
                                        0x48c (size before relaxing)

.stabstr        0x0000000000000000     0x2c5d
 *(.stabstr)
 .stabstr       0x0000000000000000     0x2c5d /usr/lib/gcc/avr/4.7.2/../../../avr/lib/avr51/crtm1284p.o

.stab.excl
 *(.stab.excl)

.stab.exclstr
 *(.stab.exclstr)

.stab.index
 *(.stab.index)

.stab.indexstr
 *(.stab.indexstr)

.comment        0x0000000000000000       0x22
 *(.comment)
 .comment       0x0000000000000000       0x11 fmFirmware.o
                                         0x12 (size before relaxing)
 .comment       0x0000000000000000       0x12 lcd.o
 .comment       0x0000000000000000       0x12 geolocation.o
 .comment       0x0000000000000000       0x12 database.o
 .comment       0x0000000000000000       0x12 dev_ops.o
 .comment       0x0000000000000011       0x11 /usr/lib/gcc/avr/4.7.2/../../../avr/lib/avr51/libc.a(malloc.o)
                                         0x12 (size before relaxing)
 .comment       0x0000000000000000       0x12 /usr/lib/gcc/avr/4.7.2/../../../avr/lib/avr51/libc.a(strtod.o)
 .comment       0x0000000000000000       0x12 /usr/lib/gcc/avr/4.7.2/../../../avr/lib/avr51/libc.a(sprintf.o)
 .comment       0x0000000000000000       0x12 /usr/lib/gcc/avr/4.7.2/../../../avr/lib/avr51/libc.a(vfprintf_std.o)
 .comment       0x0000000000000000       0x12 /usr/lib/gcc/avr/4.7.2/../../../avr/lib/avr51/libc.a(errno.o)
 .comment       0x0000000000000000       0x12 /usr/lib/gcc/avr/4.7.2/../../../avr/lib/avr51/libc.a(fputc.o)

.debug
 *(.debug)

.line
 *(.line)

.debug_srcinfo
 *(.debug_srcinfo)

.debug_sfnames
 *(.debug_sfnames)

.debug_aranges
 *(.debug_aranges)

.debug_pubnames
 *(.debug_pubnames)

.debug_info
 *(.debug_info)
 *(.gnu.linkonce.wi.*)

.debug_abbrev
 *(.debug_abbrev)

.debug_line
 *(.debug_line)

.debug_frame
 *(.debug_frame)

.debug_str
 *(.debug_str)

.debug_loc
 *(.debug_loc)

.debug_macinfo
 *(.debug_macinfo)
OUTPUT(dat_lcd.elf elf32-avr)
LOAD linker stubs
