Archive member included because of file (symbol)

/usr/lib/gcc/avr/4.7.2/../../../avr/lib/avr51/libm.a(addsf3.o)
                              geolocation.o (__subsf3)
/usr/lib/gcc/avr/4.7.2/../../../avr/lib/avr51/libm.a(addsf3x.o)
                              /usr/lib/gcc/avr/4.7.2/../../../avr/lib/avr51/libm.a(addsf3.o) (__addsf3x)
/usr/lib/gcc/avr/4.7.2/../../../avr/lib/avr51/libm.a(atan2.o)
                              geolocation.o (atan2)
/usr/lib/gcc/avr/4.7.2/../../../avr/lib/avr51/libm.a(atan.o)
                              /usr/lib/gcc/avr/4.7.2/../../../avr/lib/avr51/libm.a(atan2.o) (atan)
/usr/lib/gcc/avr/4.7.2/../../../avr/lib/avr51/libm.a(cmpsf2.o)
                              geolocation.o (__eqsf2)
/usr/lib/gcc/avr/4.7.2/../../../avr/lib/avr51/libm.a(cos.o)
                              geolocation.o (cos)
/usr/lib/gcc/avr/4.7.2/../../../avr/lib/avr51/libm.a(divsf3.o)
                              geolocation.o (__divsf3)
/usr/lib/gcc/avr/4.7.2/../../../avr/lib/avr51/libm.a(divsf3x.o)
                              /usr/lib/gcc/avr/4.7.2/../../../avr/lib/avr51/libm.a(divsf3.o) (__divsf3x)
/usr/lib/gcc/avr/4.7.2/../../../avr/lib/avr51/libm.a(fixsfsi.o)
                              lcd.o (__fixsfsi)
/usr/lib/gcc/avr/4.7.2/../../../avr/lib/avr51/libm.a(fixunssfsi.o)
                              /usr/lib/gcc/avr/4.7.2/../../../avr/lib/avr51/libm.a(fixsfsi.o) (__fixunssfsi)
/usr/lib/gcc/avr/4.7.2/../../../avr/lib/avr51/libm.a(floatsisf.o)
                              lcd.o (__floatsisf)
/usr/lib/gcc/avr/4.7.2/../../../avr/lib/avr51/libm.a(floor.o)
                              lcd.o (floor)
/usr/lib/gcc/avr/4.7.2/../../../avr/lib/avr51/libm.a(fp_cmp.o)
                              /usr/lib/gcc/avr/4.7.2/../../../avr/lib/avr51/libm.a(cmpsf2.o) (__fp_cmp)
/usr/lib/gcc/avr/4.7.2/../../../avr/lib/avr51/libm.a(fp_inf.o)
                              /usr/lib/gcc/avr/4.7.2/../../../avr/lib/avr51/libm.a(addsf3x.o) (__fp_inf)
/usr/lib/gcc/avr/4.7.2/../../../avr/lib/avr51/libm.a(fp_mintl.o)
                              /usr/lib/gcc/avr/4.7.2/../../../avr/lib/avr51/libm.a(floor.o) (__fp_mintl)
/usr/lib/gcc/avr/4.7.2/../../../avr/lib/avr51/libm.a(fp_mpack.o)
                              /usr/lib/gcc/avr/4.7.2/../../../avr/lib/avr51/libm.a(floor.o) (__fp_mpack)
/usr/lib/gcc/avr/4.7.2/../../../avr/lib/avr51/libm.a(fp_nan.o)
                              /usr/lib/gcc/avr/4.7.2/../../../avr/lib/avr51/libm.a(addsf3x.o) (__fp_nan)
/usr/lib/gcc/avr/4.7.2/../../../avr/lib/avr51/libm.a(fp_powser.o)
                              /usr/lib/gcc/avr/4.7.2/../../../avr/lib/avr51/libm.a(atan.o) (__fp_powser)
/usr/lib/gcc/avr/4.7.2/../../../avr/lib/avr51/libm.a(fp_pscA.o)
                              /usr/lib/gcc/avr/4.7.2/../../../avr/lib/avr51/libm.a(addsf3x.o) (__fp_pscA)
/usr/lib/gcc/avr/4.7.2/../../../avr/lib/avr51/libm.a(fp_pscB.o)
                              /usr/lib/gcc/avr/4.7.2/../../../avr/lib/avr51/libm.a(addsf3x.o) (__fp_pscB)
/usr/lib/gcc/avr/4.7.2/../../../avr/lib/avr51/libm.a(fp_rempio2.o)
                              /usr/lib/gcc/avr/4.7.2/../../../avr/lib/avr51/libm.a(cos.o) (__fp_rempio2)
/usr/lib/gcc/avr/4.7.2/../../../avr/lib/avr51/libm.a(fp_round.o)
                              /usr/lib/gcc/avr/4.7.2/../../../avr/lib/avr51/libm.a(addsf3.o) (__fp_round)
/usr/lib/gcc/avr/4.7.2/../../../avr/lib/avr51/libm.a(fp_sinus.o)
                              /usr/lib/gcc/avr/4.7.2/../../../avr/lib/avr51/libm.a(cos.o) (__fp_sinus)
/usr/lib/gcc/avr/4.7.2/../../../avr/lib/avr51/libm.a(fp_split3.o)
                              /usr/lib/gcc/avr/4.7.2/../../../avr/lib/avr51/libm.a(addsf3x.o) (__fp_split3)
/usr/lib/gcc/avr/4.7.2/../../../avr/lib/avr51/libm.a(fp_trunc.o)
                              /usr/lib/gcc/avr/4.7.2/../../../avr/lib/avr51/libm.a(floor.o) (__fp_trunc)
/usr/lib/gcc/avr/4.7.2/../../../avr/lib/avr51/libm.a(fp_zero.o)
                              /usr/lib/gcc/avr/4.7.2/../../../avr/lib/avr51/libm.a(addsf3x.o) (__fp_zero)
/usr/lib/gcc/avr/4.7.2/../../../avr/lib/avr51/libm.a(gesf2.o)
                              geolocation.o (__gesf2)
/usr/lib/gcc/avr/4.7.2/../../../avr/lib/avr51/libm.a(inverse.o)
                              /usr/lib/gcc/avr/4.7.2/../../../avr/lib/avr51/libm.a(atan.o) (inverse)
/usr/lib/gcc/avr/4.7.2/../../../avr/lib/avr51/libm.a(log10.o)
                              lcd.o (log10)
/usr/lib/gcc/avr/4.7.2/../../../avr/lib/avr51/libm.a(log.o)
                              /usr/lib/gcc/avr/4.7.2/../../../avr/lib/avr51/libm.a(log10.o) (log)
/usr/lib/gcc/avr/4.7.2/../../../avr/lib/avr51/libm.a(modf.o)
                              lcd.o (modf)
/usr/lib/gcc/avr/4.7.2/../../../avr/lib/avr51/libm.a(mulsf3.o)
                              lcd.o (__mulsf3)
/usr/lib/gcc/avr/4.7.2/../../../avr/lib/avr51/libm.a(mulsf3x.o)
                              /usr/lib/gcc/avr/4.7.2/../../../avr/lib/avr51/libm.a(atan.o) (__mulsf3x)
/usr/lib/gcc/avr/4.7.2/../../../avr/lib/avr51/libm.a(pow.o)
                              lcd.o (pow)
/usr/lib/gcc/avr/4.7.2/../../../avr/lib/avr51/libm.a(round.o)
                              lcd.o (round)
/usr/lib/gcc/avr/4.7.2/../../../avr/lib/avr51/libm.a(sin.o)
                              geolocation.o (sin)
/usr/lib/gcc/avr/4.7.2/../../../avr/lib/avr51/libm.a(sqrt.o)
                              geolocation.o (sqrt)
/usr/lib/gcc/avr/4.7.2/../../../avr/lib/avr51/libm.a(square.o)
                              /usr/lib/gcc/avr/4.7.2/../../../avr/lib/avr51/libm.a(atan.o) (square)
/usr/lib/gcc/avr/4.7.2/../../../avr/lib/avr51/libm.a(exp.o)
                              /usr/lib/gcc/avr/4.7.2/../../../avr/lib/avr51/libm.a(pow.o) (exp)
/usr/lib/gcc/avr/4.7.2/../../../avr/lib/avr51/libm.a(fp_norm2.o)
                              /usr/lib/gcc/avr/4.7.2/../../../avr/lib/avr51/libm.a(sqrt.o) (__fp_norm2)
/usr/lib/gcc/avr/4.7.2/../../../avr/lib/avr51/libm.a(fp_powsodd.o)
                              /usr/lib/gcc/avr/4.7.2/../../../avr/lib/avr51/libm.a(fp_sinus.o) (__fp_powsodd)
/usr/lib/gcc/avr/4.7.2/../../../avr/lib/avr51/libm.a(ldexp.o)
                              /usr/lib/gcc/avr/4.7.2/../../../avr/lib/avr51/libm.a(exp.o) (ldexp)
/usr/lib/gcc/avr/4.7.2/avr51/libgcc.a(_exit.o)
                              /usr/lib/gcc/avr/4.7.2/../../../avr/lib/avr51/crtm1284p.o (exit)
/usr/lib/gcc/avr/4.7.2/avr51/libgcc.a(_copy_data.o)
                              fmFirmware.o (__do_copy_data)
/usr/lib/gcc/avr/4.7.2/avr51/libgcc.a(_clear_bss.o)
                              fmFirmware.o (__do_clear_bss)
/usr/lib/gcc/avr/4.7.2/../../../avr/lib/avr51/libc.a(malloc.o)
                              fmFirmware.o (malloc)
/usr/lib/gcc/avr/4.7.2/../../../avr/lib/avr51/libc.a(strtod.o)
                              geolocation.o (strtod)
/usr/lib/gcc/avr/4.7.2/../../../avr/lib/avr51/libc.a(isspace.o)
                              /usr/lib/gcc/avr/4.7.2/../../../avr/lib/avr51/libc.a(strtod.o) (isspace)
/usr/lib/gcc/avr/4.7.2/../../../avr/lib/avr51/libc.a(strncasecmp_P.o)
                              /usr/lib/gcc/avr/4.7.2/../../../avr/lib/avr51/libc.a(strtod.o) (strncasecmp_P)
/usr/lib/gcc/avr/4.7.2/../../../avr/lib/avr51/libc.a(strcpy.o)
                              geolocation.o (strcpy)
/usr/lib/gcc/avr/4.7.2/../../../avr/lib/avr51/libc.a(strncpy.o)
                              geolocation.o (strncpy)
/usr/lib/gcc/avr/4.7.2/../../../avr/lib/avr51/libc.a(strpbrk.o)
                              geolocation.o (strpbrk)
/usr/lib/gcc/avr/4.7.2/../../../avr/lib/avr51/libc.a(sprintf.o)
                              lcd.o (sprintf)
/usr/lib/gcc/avr/4.7.2/../../../avr/lib/avr51/libc.a(vfprintf_std.o)
                              /usr/lib/gcc/avr/4.7.2/../../../avr/lib/avr51/libc.a(sprintf.o) (vfprintf)
/usr/lib/gcc/avr/4.7.2/../../../avr/lib/avr51/libc.a(eerd_block_atmega1284p.o)
                              database.o (__eerd_block_m1284p)
/usr/lib/gcc/avr/4.7.2/../../../avr/lib/avr51/libc.a(eerd_byte_atmega1284p.o)
                              database.o (__eerd_byte_m1284p)
/usr/lib/gcc/avr/4.7.2/../../../avr/lib/avr51/libc.a(eerd_dword_atmega1284p.o)
                              database.o (__eerd_float_m1284p)
/usr/lib/gcc/avr/4.7.2/../../../avr/lib/avr51/libc.a(eewr_byte_atmega1284p.o)
                              fmFirmware.o (__eewr_byte_m1284p)
/usr/lib/gcc/avr/4.7.2/../../../avr/lib/avr51/libc.a(errno.o)
                              /usr/lib/gcc/avr/4.7.2/../../../avr/lib/avr51/libc.a(strtod.o) (errno)
/usr/lib/gcc/avr/4.7.2/../../../avr/lib/avr51/libc.a(cty_isfalse.o)
                              /usr/lib/gcc/avr/4.7.2/../../../avr/lib/avr51/libc.a(isspace.o) (__ctype_isfalse)
/usr/lib/gcc/avr/4.7.2/../../../avr/lib/avr51/libc.a(strnlen_P.o)
                              /usr/lib/gcc/avr/4.7.2/../../../avr/lib/avr51/libc.a(vfprintf_std.o) (strnlen_P)
/usr/lib/gcc/avr/4.7.2/../../../avr/lib/avr51/libc.a(strnlen.o)
                              /usr/lib/gcc/avr/4.7.2/../../../avr/lib/avr51/libc.a(vfprintf_std.o) (strnlen)
/usr/lib/gcc/avr/4.7.2/../../../avr/lib/avr51/libc.a(fputc.o)
                              /usr/lib/gcc/avr/4.7.2/../../../avr/lib/avr51/libc.a(vfprintf_std.o) (fputc)
/usr/lib/gcc/avr/4.7.2/../../../avr/lib/avr51/libc.a(ultoa_invert.o)
                              /usr/lib/gcc/avr/4.7.2/../../../avr/lib/avr51/libc.a(vfprintf_std.o) (__ultoa_invert)
/usr/lib/gcc/avr/4.7.2/avr51/libgcc.a(_muluhisi3.o)
                              /usr/lib/gcc/avr/4.7.2/../../../avr/lib/avr51/libc.a(strtod.o) (__muluhisi3)
/usr/lib/gcc/avr/4.7.2/avr51/libgcc.a(_umulhisi3.o)
                              /usr/lib/gcc/avr/4.7.2/avr51/libgcc.a(_muluhisi3.o) (__umulhisi3)

Allocating common symbols
Common symbol       size              file

errno               0x2               /usr/lib/gcc/avr/4.7.2/../../../avr/lib/avr51/libc.a(errno.o)
__brkval            0x2               /usr/lib/gcc/avr/4.7.2/../../../avr/lib/avr51/libc.a(malloc.o)
__flp               0x2               /usr/lib/gcc/avr/4.7.2/../../../avr/lib/avr51/libc.a(malloc.o)
device              0x2               fmFirmware.o

Memory Configuration

Name             Origin             Length             Attributes
text             0x0000000000000000 0x0000000000020000 xr
data             0x0000000000800100 0x000000000000ff00 rw !x
eeprom           0x0000000000810000 0x0000000000010000 rw !x
fuse             0x0000000000820000 0x0000000000000400 rw !x
lock             0x0000000000830000 0x0000000000000400 rw !x
signature        0x0000000000840000 0x0000000000000400 rw !x
*default*        0x0000000000000000 0xffffffffffffffff

Linker script and memory map

Address of section .data set to 0x800100
LOAD /usr/lib/gcc/avr/4.7.2/../../../avr/lib/avr51/crtm1284p.o
LOAD fmFirmware.o
LOAD lcd.o
LOAD geolocation.o
LOAD database.o
LOAD dev_ops.o
LOAD /usr/lib/gcc/avr/4.7.2/../../../avr/lib/avr51/libm.a
LOAD /usr/lib/gcc/avr/4.7.2/avr51/libgcc.a
LOAD /usr/lib/gcc/avr/4.7.2/../../../avr/lib/avr51/libc.a
LOAD /usr/lib/gcc/avr/4.7.2/avr51/libgcc.a

.hash
 *(.hash)

.dynsym
 *(.dynsym)

.dynstr
 *(.dynstr)

.gnu.version
 *(.gnu.version)

.gnu.version_d
 *(.gnu.version_d)

.gnu.version_r
 *(.gnu.version_r)

.rel.init
 *(.rel.init)

.rela.init
 *(.rela.init)

.rel.text
 *(.rel.text)
 *(.rel.text.*)
 *(.rel.gnu.linkonce.t*)

.rela.text
 *(.rela.text)
 *(.rela.text.*)
 *(.rela.gnu.linkonce.t*)

.rel.fini
 *(.rel.fini)

.rela.fini
 *(.rela.fini)

.rel.rodata
 *(.rel.rodata)
 *(.rel.rodata.*)
 *(.rel.gnu.linkonce.r*)

.rela.rodata
 *(.rela.rodata)
 *(.rela.rodata.*)
 *(.rela.gnu.linkonce.r*)

.rel.data
 *(.rel.data)
 *(.rel.data.*)
 *(.rel.gnu.linkonce.d*)

.rela.data
 *(.rela.data)
 *(.rela.data.*)
 *(.rela.gnu.linkonce.d*)

.rel.ctors
 *(.rel.ctors)

.rela.ctors
 *(.rela.ctors)

.rel.dtors
 *(.rel.dtors)

.rela.dtors
 *(.rela.dtors)

.rel.got
 *(.rel.got)

.rela.got
 *(.rela.got)

.rel.bss
 *(.rel.bss)

.rela.bss
 *(.rela.bss)

.rel.plt
 *(.rel.plt)

.rela.plt
 *(.rela.plt)

.text           0x0000000000000000     0x4dc2
 *(.vectors)
 .vectors       0x0000000000000000       0x8c /usr/lib/gcc/avr/4.7.2/../../../avr/lib/avr51/crtm1284p.o
                0x0000000000000000                __vectors
                0x0000000000000000                __vector_default
 *(.vectors)
 *(.progmem.gcc*)
 .progmem.gcc_fplib
                0x000000000000008c       0x2d /usr/lib/gcc/avr/4.7.2/../../../avr/lib/avr51/libm.a(atan.o)
 .progmem.gcc_fplib
                0x00000000000000b9       0x1e /usr/lib/gcc/avr/4.7.2/../../../avr/lib/avr51/libm.a(fp_sinus.o)
 .progmem.gcc_fplib
                0x00000000000000d7       0x5a /usr/lib/gcc/avr/4.7.2/../../../avr/lib/avr51/libm.a(log.o)
 .progmem.gcc_fplib
                0x0000000000000131       0x28 /usr/lib/gcc/avr/4.7.2/../../../avr/lib/avr51/libm.a(exp.o)
 *(.progmem*)
 .progmem.data  0x0000000000000159       0x3b /usr/lib/gcc/avr/4.7.2/../../../avr/lib/avr51/libc.a(strtod.o)
                0x0000000000000194                . = ALIGN (0x2)
                0x0000000000000194                __trampolines_start = .
 *(.trampolines)
 .trampolines   0x0000000000000194        0x0 linker stubs
 *(.trampolines*)
                0x0000000000000194                __trampolines_end = .
 *(.jumptables)
 *(.jumptables*)
 *(.lowtext)
 *(.lowtext*)
                0x0000000000000194                __ctors_start = .
 *(.ctors)
                0x0000000000000194                __ctors_end = .
                0x0000000000000194                __dtors_start = .
 *(.dtors)
                0x0000000000000194                __dtors_end = .
 SORT(*)(.ctors)
 SORT(*)(.dtors)
 *(.init0)
 .init0         0x0000000000000194        0x0 /usr/lib/gcc/avr/4.7.2/../../../avr/lib/avr51/crtm1284p.o
                0x0000000000000194                __init
 *(.init0)
 *(.init1)
 *(.init1)
 *(.init2)
 .init2         0x0000000000000194        0xc /usr/lib/gcc/avr/4.7.2/../../../avr/lib/avr51/crtm1284p.o
 *(.init2)
 *(.init3)
 *(.init3)
 *(.init4)
 .init4         0x00000000000001a0       0x1a /usr/lib/gcc/avr/4.7.2/avr51/libgcc.a(_copy_data.o)
                0x00000000000001a0                __do_copy_data
 .init4         0x00000000000001ba       0x10 /usr/lib/gcc/avr/4.7.2/avr51/libgcc.a(_clear_bss.o)
                0x00000000000001ba                __do_clear_bss
 *(.init4)
 *(.init5)
 *(.init5)
 *(.init6)
 *(.init6)
 *(.init7)
 *(.init7)
 *(.init8)
 *(.init8)
 *(.init9)
 .init9         0x00000000000001ca        0x8 /usr/lib/gcc/avr/4.7.2/../../../avr/lib/avr51/crtm1284p.o
 *(.init9)
 *(.text)
 .text          0x00000000000001d2        0x4 /usr/lib/gcc/avr/4.7.2/../../../avr/lib/avr51/crtm1284p.o
                0x00000000000001d2                __vector_22
                0x00000000000001d2                __vector_1
                0x00000000000001d2                __vector_32
                0x00000000000001d2                __vector_34
                0x00000000000001d2                __vector_24
                0x00000000000001d2                __vector_12
                0x00000000000001d2                __bad_interrupt
                0x00000000000001d2                __vector_6
                0x00000000000001d2                __vector_31
                0x00000000000001d2                __vector_23
                0x00000000000001d2                __vector_30
                0x00000000000001d2                __vector_25
                0x00000000000001d2                __vector_11
                0x00000000000001d2                __vector_17
                0x00000000000001d2                __vector_19
                0x00000000000001d2                __vector_7
                0x00000000000001d2                __vector_27
                0x00000000000001d2                __vector_5
                0x00000000000001d2                __vector_33
                0x00000000000001d2                __vector_4
                0x00000000000001d2                __vector_9
                0x00000000000001d2                __vector_2
                0x00000000000001d2                __vector_21
                0x00000000000001d2                __vector_15
                0x00000000000001d2                __vector_29
                0x00000000000001d2                __vector_8
                0x00000000000001d2                __vector_26
                0x00000000000001d2                __vector_14
                0x00000000000001d2                __vector_10
                0x00000000000001d2                __vector_16
                0x00000000000001d2                __vector_18
 .text          0x00000000000001d6      0x38a fmFirmware.o
                0x00000000000001d6                __vector_3
                0x0000000000000284                __vector_13
                0x000000000000037e                __vector_28
                0x0000000000000438                __vector_20
 .text          0x0000000000000560      0x604 lcd.o
                0x0000000000000560                datarw
                0x0000000000000572                letterwrite
                0x00000000000005b2                lcd_init
                0x0000000000000724                instruction_read
                0x00000000000007fe                get_current_address
                0x0000000000000810                write_db74
                0x000000000000083a                data_write
                0x0000000000000892                set_ddram_address
                0x00000000000008ea                char_write
                0x0000000000000952                string_write
                0x00000000000009a2                string_write_int
                0x0000000000000a06                string_write_float
                0x0000000000000b02                string_write_numchars
 .text          0x0000000000000b64     0x110e geolocation.o
                0x0000000000000b64                tag_check
                0x0000000000000bc6                strtok_single
                0x0000000000000c06                parse_nmea
                0x0000000000000d18                wipe_chars
                0x0000000000000d2e                lat2dec
                0x0000000000000df8                lon2dec
                0x0000000000000ed0                update_user_gps_data
                0x0000000000001232                calculate_bearings
                0x0000000000001612                earth_distance
                0x00000000000017de                my_distance_to_station
                0x0000000000001838                get_nearest_stations
                0x0000000000001b84                to_radians
                0x0000000000001b9e                to_degrees
                0x0000000000001bb8                gps_locked
 .text          0x0000000000001c72      0x190 database.o
                0x0000000000001c72                my_eeprom_read_int
                0x0000000000001c7a                my_eeprom_read_char
                0x0000000000001c7e                my_eeprom_read_float
                0x0000000000001c82                my_eeprom_read_string
                0x0000000000001c86                database_load
                0x0000000000001de6                database_free
 .text          0x0000000000001e02     0x136a dev_ops.o
                0x0000000000001e02                sync_leds
                0x0000000000001e66                InitUSART
                0x0000000000001eb6                InitINT
                0x0000000000001f12                disable_gps
                0x0000000000001f1e                enable_gps
                0x0000000000001f2a                prepare_device
                0x0000000000002090                sync_gps_data
                0x00000000000020f0                detectSerialStart
                0x0000000000002128                detectSerialEnd
                0x0000000000002160                getChar
                0x0000000000002180                peekChar
                0x00000000000021a4                terminate_serial
                0x0000000000002230                wipe_eeprom
                0x0000000000002276                wait_for_update
                0x000000000000229c                print_eeprom_station_contents
                0x000000000000230c                print_eeprom_contents
                0x00000000000023a4                print_callsign
                0x00000000000023ec                print_all_callsigns
                0x00000000000024bc                list_nearest_stations
                0x000000000000269e                show_nearest_station
                0x0000000000002868                print_station
                0x0000000000002a0c                print_all_known_stations
                0x0000000000002ab0                print_gps_data
                0x0000000000002ca6                print_gps_data_concise
                0x0000000000002e0e                print_raw_gps_data
                0x0000000000002f52                test_earth_distance
                0x0000000000003046                check_database_integrity
 .text          0x000000000000316c        0x0 /usr/lib/gcc/avr/4.7.2/../../../avr/lib/avr51/libm.a(addsf3.o)
 .text          0x000000000000316c        0x0 /usr/lib/gcc/avr/4.7.2/../../../avr/lib/avr51/libm.a(addsf3x.o)
 .text          0x000000000000316c        0x0 /usr/lib/gcc/avr/4.7.2/../../../avr/lib/avr51/libm.a(atan2.o)
 .text          0x000000000000316c        0x0 /usr/lib/gcc/avr/4.7.2/../../../avr/lib/avr51/libm.a(atan.o)
 .text          0x000000000000316c        0x0 /usr/lib/gcc/avr/4.7.2/../../../avr/lib/avr51/libm.a(cmpsf2.o)
 .text          0x000000000000316c        0x0 /usr/lib/gcc/avr/4.7.2/../../../avr/lib/avr51/libm.a(cos.o)
 .text          0x000000000000316c        0x0 /usr/lib/gcc/avr/4.7.2/../../../avr/lib/avr51/libm.a(divsf3.o)
 .text          0x000000000000316c        0x0 /usr/lib/gcc/avr/4.7.2/../../../avr/lib/avr51/libm.a(divsf3x.o)
 .text          0x000000000000316c        0x0 /usr/lib/gcc/avr/4.7.2/../../../avr/lib/avr51/libm.a(fixsfsi.o)
 .text          0x000000000000316c        0x0 /usr/lib/gcc/avr/4.7.2/../../../avr/lib/avr51/libm.a(fixunssfsi.o)
 .text          0x000000000000316c        0x0 /usr/lib/gcc/avr/4.7.2/../../../avr/lib/avr51/libm.a(floatsisf.o)
 .text          0x000000000000316c        0x0 /usr/lib/gcc/avr/4.7.2/../../../avr/lib/avr51/libm.a(floor.o)
 .text          0x000000000000316c        0x0 /usr/lib/gcc/avr/4.7.2/../../../avr/lib/avr51/libm.a(fp_cmp.o)
 .text          0x000000000000316c        0x0 /usr/lib/gcc/avr/4.7.2/../../../avr/lib/avr51/libm.a(fp_inf.o)
 .text          0x000000000000316c        0x0 /usr/lib/gcc/avr/4.7.2/../../../avr/lib/avr51/libm.a(fp_mintl.o)
 .text          0x000000000000316c        0x0 /usr/lib/gcc/avr/4.7.2/../../../avr/lib/avr51/libm.a(fp_mpack.o)
 .text          0x000000000000316c        0x0 /usr/lib/gcc/avr/4.7.2/../../../avr/lib/avr51/libm.a(fp_nan.o)
 .text          0x000000000000316c        0x0 /usr/lib/gcc/avr/4.7.2/../../../avr/lib/avr51/libm.a(fp_powser.o)
 .text          0x000000000000316c        0x0 /usr/lib/gcc/avr/4.7.2/../../../avr/lib/avr51/libm.a(fp_pscA.o)
 .text          0x000000000000316c        0x0 /usr/lib/gcc/avr/4.7.2/../../../avr/lib/avr51/libm.a(fp_pscB.o)
 .text          0x000000000000316c        0x0 /usr/lib/gcc/avr/4.7.2/../../../avr/lib/avr51/libm.a(fp_rempio2.o)
 .text          0x000000000000316c        0x0 /usr/lib/gcc/avr/4.7.2/../../../avr/lib/avr51/libm.a(fp_round.o)
 .text          0x000000000000316c        0x0 /usr/lib/gcc/avr/4.7.2/../../../avr/lib/avr51/libm.a(fp_sinus.o)
 .text          0x000000000000316c        0x0 /usr/lib/gcc/avr/4.7.2/../../../avr/lib/avr51/libm.a(fp_split3.o)
 .text          0x000000000000316c        0x0 /usr/lib/gcc/avr/4.7.2/../../../avr/lib/avr51/libm.a(fp_trunc.o)
 .text          0x000000000000316c        0x0 /usr/lib/gcc/avr/4.7.2/../../../avr/lib/avr51/libm.a(fp_zero.o)
 .text          0x000000000000316c        0x0 /usr/lib/gcc/avr/4.7.2/../../../avr/lib/avr51/libm.a(gesf2.o)
 .text          0x000000000000316c        0x0 /usr/lib/gcc/avr/4.7.2/../../../avr/lib/avr51/libm.a(inverse.o)
 .text          0x000000000000316c        0x0 /usr/lib/gcc/avr/4.7.2/../../../avr/lib/avr51/libm.a(log10.o)
 .text          0x000000000000316c        0x0 /usr/lib/gcc/avr/4.7.2/../../../avr/lib/avr51/libm.a(log.o)
 .text          0x000000000000316c        0x0 /usr/lib/gcc/avr/4.7.2/../../../avr/lib/avr51/libm.a(modf.o)
 .text          0x000000000000316c        0x0 /usr/lib/gcc/avr/4.7.2/../../../avr/lib/avr51/libm.a(mulsf3.o)
 .text          0x000000000000316c        0x0 /usr/lib/gcc/avr/4.7.2/../../../avr/lib/avr51/libm.a(mulsf3x.o)
 .text          0x000000000000316c        0x0 /usr/lib/gcc/avr/4.7.2/../../../avr/lib/avr51/libm.a(pow.o)
 .text          0x000000000000316c        0x0 /usr/lib/gcc/avr/4.7.2/../../../avr/lib/avr51/libm.a(round.o)
 .text          0x000000000000316c        0x0 /usr/lib/gcc/avr/4.7.2/../../../avr/lib/avr51/libm.a(sin.o)
 .text          0x000000000000316c        0x0 /usr/lib/gcc/avr/4.7.2/../../../avr/lib/avr51/libm.a(sqrt.o)
 .text          0x000000000000316c        0x0 /usr/lib/gcc/avr/4.7.2/../../../avr/lib/avr51/libm.a(square.o)
 .text          0x000000000000316c        0x0 /usr/lib/gcc/avr/4.7.2/../../../avr/lib/avr51/libm.a(exp.o)
 .text          0x000000000000316c        0x0 /usr/lib/gcc/avr/4.7.2/../../../avr/lib/avr51/libm.a(fp_norm2.o)
 .text          0x000000000000316c        0x0 /usr/lib/gcc/avr/4.7.2/../../../avr/lib/avr51/libm.a(fp_powsodd.o)
 .text          0x000000000000316c        0x0 /usr/lib/gcc/avr/4.7.2/../../../avr/lib/avr51/libm.a(ldexp.o)
 .text          0x000000000000316c        0x0 /usr/lib/gcc/avr/4.7.2/avr51/libgcc.a(_exit.o)
 .text          0x000000000000316c        0x0 /usr/lib/gcc/avr/4.7.2/avr51/libgcc.a(_copy_data.o)
 .text          0x000000000000316c        0x0 /usr/lib/gcc/avr/4.7.2/avr51/libgcc.a(_clear_bss.o)
 .text          0x000000000000316c        0x0 /usr/lib/gcc/avr/4.7.2/../../../avr/lib/avr51/libc.a(malloc.o)
 .text          0x000000000000316c        0x0 /usr/lib/gcc/avr/4.7.2/../../../avr/lib/avr51/libc.a(strtod.o)
 .text          0x000000000000316c        0x0 /usr/lib/gcc/avr/4.7.2/../../../avr/lib/avr51/libc.a(isspace.o)
 .text          0x000000000000316c        0x0 /usr/lib/gcc/avr/4.7.2/../../../avr/lib/avr51/libc.a(strncasecmp_P.o)
 .text          0x000000000000316c        0x0 /usr/lib/gcc/avr/4.7.2/../../../avr/lib/avr51/libc.a(strcpy.o)
 .text          0x000000000000316c        0x0 /usr/lib/gcc/avr/4.7.2/../../../avr/lib/avr51/libc.a(strncpy.o)
 .text          0x000000000000316c        0x0 /usr/lib/gcc/avr/4.7.2/../../../avr/lib/avr51/libc.a(strpbrk.o)
 .text          0x000000000000316c        0x0 /usr/lib/gcc/avr/4.7.2/../../../avr/lib/avr51/libc.a(sprintf.o)
 .text          0x000000000000316c        0x0 /usr/lib/gcc/avr/4.7.2/../../../avr/lib/avr51/libc.a(vfprintf_std.o)
 .text          0x000000000000316c        0x0 /usr/lib/gcc/avr/4.7.2/../../../avr/lib/avr51/libc.a(eerd_block_atmega1284p.o)
 .text          0x000000000000316c        0x0 /usr/lib/gcc/avr/4.7.2/../../../avr/lib/avr51/libc.a(eerd_byte_atmega1284p.o)
 .text          0x000000000000316c        0x0 /usr/lib/gcc/avr/4.7.2/../../../avr/lib/avr51/libc.a(eerd_dword_atmega1284p.o)
 .text          0x000000000000316c        0x0 /usr/lib/gcc/avr/4.7.2/../../../avr/lib/avr51/libc.a(eewr_byte_atmega1284p.o)
 .text          0x000000000000316c        0x0 /usr/lib/gcc/avr/4.7.2/../../../avr/lib/avr51/libc.a(errno.o)
 .text          0x000000000000316c        0x0 /usr/lib/gcc/avr/4.7.2/../../../avr/lib/avr51/libc.a(cty_isfalse.o)
 .text          0x000000000000316c        0x0 /usr/lib/gcc/avr/4.7.2/../../../avr/lib/avr51/libc.a(strnlen_P.o)
 .text          0x000000000000316c        0x0 /usr/lib/gcc/avr/4.7.2/../../../avr/lib/avr51/libc.a(strnlen.o)
 .text          0x000000000000316c        0x0 /usr/lib/gcc/avr/4.7.2/../../../avr/lib/avr51/libc.a(fputc.o)
 .text          0x000000000000316c        0x0 /usr/lib/gcc/avr/4.7.2/../../../avr/lib/avr51/libc.a(ultoa_invert.o)
 .text          0x000000000000316c        0x0 /usr/lib/gcc/avr/4.7.2/avr51/libgcc.a(_muluhisi3.o)
 .text          0x000000000000316c        0x0 /usr/lib/gcc/avr/4.7.2/avr51/libgcc.a(_umulhisi3.o)
                0x000000000000316c                . = ALIGN (0x2)
 *(.text.*)
 .text.startup  0x000000000000316c      0x67c fmFirmware.o
                0x000000000000316c                main
 .text.avr-libc.fplib
                0x00000000000037e8        0xa /usr/lib/gcc/avr/4.7.2/../../../avr/lib/avr51/libm.a(addsf3.o)
                0x00000000000037e8                __subsf3
                0x00000000000037ea                __addsf3
 .text.avr-libc.fplib
                0x00000000000037f2       0xc0 /usr/lib/gcc/avr/4.7.2/../../../avr/lib/avr51/libm.a(addsf3x.o)
                0x000000000000380c                __addsf3x
 .text.avr-libc.fplib
                0x00000000000038b2       0x74 /usr/lib/gcc/avr/4.7.2/../../../avr/lib/avr51/libm.a(atan2.o)
                0x00000000000038d0                atan2
 .text.avr-libc.fplib
                0x0000000000003926       0x50 /usr/lib/gcc/avr/4.7.2/../../../avr/lib/avr51/libm.a(atan.o)
                0x0000000000003926                atan
 .text.avr-libc.fplib
                0x0000000000003976        0x8 /usr/lib/gcc/avr/4.7.2/../../../avr/lib/avr51/libm.a(cmpsf2.o)
                0x0000000000003976                __lesf2
                0x0000000000003976                __nesf2
                0x0000000000003976                __eqsf2
                0x0000000000003976                __cmpsf2
                0x0000000000003976                __ltsf2
 .text.avr-libc.fplib
                0x000000000000397e        0x6 /usr/lib/gcc/avr/4.7.2/../../../avr/lib/avr51/libm.a(cos.o)
                0x000000000000397e                cos
 .text.avr-libc.fplib
                0x0000000000003984        0x4 /usr/lib/gcc/avr/4.7.2/../../../avr/lib/avr51/libm.a(divsf3.o)
                0x0000000000003984                __divsf3
 .text.avr-libc.fplib
                0x0000000000003988       0xcc /usr/lib/gcc/avr/4.7.2/../../../avr/lib/avr51/libm.a(divsf3x.o)
                0x000000000000399e                __divsf3x
                0x00000000000039a2                __divsf3_pse
 .text.avr-libc.fplib
                0x0000000000003a54        0xa /usr/lib/gcc/avr/4.7.2/../../../avr/lib/avr51/libm.a(fixsfsi.o)
                0x0000000000003a54                __fixsfsi
 .text.avr-libc.fplib
                0x0000000000003a5e       0x58 /usr/lib/gcc/avr/4.7.2/../../../avr/lib/avr51/libm.a(fixunssfsi.o)
                0x0000000000003a5e                __fixunssfsi
 .text.avr-libc.fplib
                0x0000000000003ab6       0x7a /usr/lib/gcc/avr/4.7.2/../../../avr/lib/avr51/libm.a(floatsisf.o)
                0x0000000000003ab6                __floatunsisf
                0x0000000000003aba                __floatsisf
 .text.avr-libc.fplib
                0x0000000000003b30       0x26 /usr/lib/gcc/avr/4.7.2/../../../avr/lib/avr51/libm.a(floor.o)
                0x0000000000003b30                floor
 .text.avr-libc.fplib
                0x0000000000003b56       0x48 /usr/lib/gcc/avr/4.7.2/../../../avr/lib/avr51/libm.a(fp_cmp.o)
                0x0000000000003b56                __fp_cmp
 .text.avr-libc.fplib
                0x0000000000003b9e        0xc /usr/lib/gcc/avr/4.7.2/../../../avr/lib/avr51/libm.a(fp_inf.o)
                0x0000000000003b9e                __fp_inf
 .text.avr-libc.fplib
                0x0000000000003baa       0x36 /usr/lib/gcc/avr/4.7.2/../../../avr/lib/avr51/libm.a(fp_mintl.o)
                0x0000000000003baa                __fp_mintl
 .text.avr-libc.fplib
                0x0000000000003be0       0x1c /usr/lib/gcc/avr/4.7.2/../../../avr/lib/avr51/libm.a(fp_mpack.o)
                0x0000000000003be0                __fp_mpack
                0x0000000000003be4                __fp_mpack_finite
 .text.avr-libc.fplib
                0x0000000000003bfc        0x6 /usr/lib/gcc/avr/4.7.2/../../../avr/lib/avr51/libm.a(fp_nan.o)
                0x0000000000003bfc                __fp_nan
 .text.avr-libc.fplib
                0x0000000000003c02       0x4a /usr/lib/gcc/avr/4.7.2/../../../avr/lib/avr51/libm.a(fp_powser.o)
                0x0000000000003c02                __fp_powser
 .text.avr-libc.fplib
                0x0000000000003c4c        0xe /usr/lib/gcc/avr/4.7.2/../../../avr/lib/avr51/libm.a(fp_pscA.o)
                0x0000000000003c4c                __fp_pscA
 .text.avr-libc.fplib
                0x0000000000003c5a        0xe /usr/lib/gcc/avr/4.7.2/../../../avr/lib/avr51/libm.a(fp_pscB.o)
                0x0000000000003c5a                __fp_pscB
 .text.avr-libc.fplib
                0x0000000000003c68       0x50 /usr/lib/gcc/avr/4.7.2/../../../avr/lib/avr51/libm.a(fp_rempio2.o)
                0x0000000000003c6a                __fp_rempio2
 .text.avr-libc.fplib
                0x0000000000003cb8       0x22 /usr/lib/gcc/avr/4.7.2/../../../avr/lib/avr51/libm.a(fp_round.o)
                0x0000000000003cb8                __fp_round
 .text.avr-libc.fplib
                0x0000000000003cda       0x22 /usr/lib/gcc/avr/4.7.2/../../../avr/lib/avr51/libm.a(fp_sinus.o)
                0x0000000000003cda                __fp_sinus
 .text.avr-libc.fplib
                0x0000000000003cfc       0x44 /usr/lib/gcc/avr/4.7.2/../../../avr/lib/avr51/libm.a(fp_split3.o)
                0x0000000000003cfc                __fp_split3
                0x0000000000003d0c                __fp_splitA
 .text.avr-libc.fplib
                0x0000000000003d40       0x2e /usr/lib/gcc/avr/4.7.2/../../../avr/lib/avr51/libm.a(fp_trunc.o)
                0x0000000000003d40                __fp_trunc
 .text.avr-libc.fplib
                0x0000000000003d6e        0xe /usr/lib/gcc/avr/4.7.2/../../../avr/lib/avr51/libm.a(fp_zero.o)
                0x0000000000003d6e                __fp_zero
                0x0000000000003d70                __fp_szero
 .text.avr-libc.fplib
                0x0000000000003d7c        0x8 /usr/lib/gcc/avr/4.7.2/../../../avr/lib/avr51/libm.a(gesf2.o)
                0x0000000000003d7c                __gtsf2
                0x0000000000003d7c                __gesf2
 .text.avr-libc.fplib
                0x0000000000003d84        0xe /usr/lib/gcc/avr/4.7.2/../../../avr/lib/avr51/libm.a(inverse.o)
                0x0000000000003d84                inverse
 .text.avr-libc.fplib
                0x0000000000003d92        0xc /usr/lib/gcc/avr/4.7.2/../../../avr/lib/avr51/libm.a(log10.o)
                0x0000000000003d92                log10
 .text.avr-libc.fplib
                0x0000000000003d9e       0x8a /usr/lib/gcc/avr/4.7.2/../../../avr/lib/avr51/libm.a(log.o)
                0x0000000000003da8                log
 .text.avr-libc.fplib
                0x0000000000003e28       0x66 /usr/lib/gcc/avr/4.7.2/../../../avr/lib/avr51/libm.a(modf.o)
                0x0000000000003e28                modff
                0x0000000000003e28                modf
 .text.avr-libc.fplib
                0x0000000000003e8e        0x4 /usr/lib/gcc/avr/4.7.2/../../../avr/lib/avr51/libm.a(mulsf3.o)
                0x0000000000003e8e                __mulsf3
 .text.avr-libc.fplib
                0x0000000000003e92       0xc2 /usr/lib/gcc/avr/4.7.2/../../../avr/lib/avr51/libm.a(mulsf3x.o)
                0x0000000000003ea6                __mulsf3x
                0x0000000000003eaa                __mulsf3_pse
 .text.avr-libc.fplib
                0x0000000000003f54       0x98 /usr/lib/gcc/avr/4.7.2/../../../avr/lib/avr51/libm.a(pow.o)
                0x0000000000003f54                pow
 .text.avr-libc.fplib
                0x0000000000003fec       0x40 /usr/lib/gcc/avr/4.7.2/../../../avr/lib/avr51/libm.a(round.o)
                0x0000000000003fec                round
 .text.avr-libc.fplib
                0x000000000000402c        0xc /usr/lib/gcc/avr/4.7.2/../../../avr/lib/avr51/libm.a(sin.o)
                0x000000000000402c                sin
 .text.avr-libc.fplib
                0x0000000000004038       0x84 /usr/lib/gcc/avr/4.7.2/../../../avr/lib/avr51/libm.a(sqrt.o)
                0x0000000000004040                sqrt
 .text.avr-libc.fplib
                0x00000000000040bc        0x6 /usr/lib/gcc/avr/4.7.2/../../../avr/lib/avr51/libm.a(square.o)
                0x00000000000040bc                square
 .text.avr-libc.fplib
                0x00000000000040c2       0x62 /usr/lib/gcc/avr/4.7.2/../../../avr/lib/avr51/libm.a(exp.o)
                0x00000000000040cc                exp
 .text.avr-libc.fplib
                0x0000000000004124        0xe /usr/lib/gcc/avr/4.7.2/../../../avr/lib/avr51/libm.a(fp_norm2.o)
                0x0000000000004124                __fp_norm2
 .text.avr-libc.fplib
                0x0000000000004132       0x22 /usr/lib/gcc/avr/4.7.2/../../../avr/lib/avr51/libm.a(fp_powsodd.o)
                0x0000000000004132                __fp_powsodd
 .text.avr-libc.fplib
                0x0000000000004154       0x6c /usr/lib/gcc/avr/4.7.2/../../../avr/lib/avr51/libm.a(ldexp.o)
                0x0000000000004158                ldexp
 .text.libgcc.mul
                0x00000000000041c0        0x0 /usr/lib/gcc/avr/4.7.2/avr51/libgcc.a(_exit.o)
 .text.libgcc.div
                0x00000000000041c0        0x0 /usr/lib/gcc/avr/4.7.2/avr51/libgcc.a(_exit.o)
 .text.libgcc   0x00000000000041c0        0x0 /usr/lib/gcc/avr/4.7.2/avr51/libgcc.a(_exit.o)
 .text.libgcc.prologue
                0x00000000000041c0        0x0 /usr/lib/gcc/avr/4.7.2/avr51/libgcc.a(_exit.o)
 .text.libgcc.builtins
                0x00000000000041c0        0x0 /usr/lib/gcc/avr/4.7.2/avr51/libgcc.a(_exit.o)
 .text.libgcc.fmul
                0x00000000000041c0        0x0 /usr/lib/gcc/avr/4.7.2/avr51/libgcc.a(_exit.o)
 .text.libgcc.mul
                0x00000000000041c0        0x0 /usr/lib/gcc/avr/4.7.2/avr51/libgcc.a(_copy_data.o)
 .text.libgcc.div
                0x00000000000041c0        0x0 /usr/lib/gcc/avr/4.7.2/avr51/libgcc.a(_copy_data.o)
 .text.libgcc   0x00000000000041c0        0x0 /usr/lib/gcc/avr/4.7.2/avr51/libgcc.a(_copy_data.o)
 .text.libgcc.prologue
                0x00000000000041c0        0x0 /usr/lib/gcc/avr/4.7.2/avr51/libgcc.a(_copy_data.o)
 .text.libgcc.builtins
                0x00000000000041c0        0x0 /usr/lib/gcc/avr/4.7.2/avr51/libgcc.a(_copy_data.o)
 .text.libgcc.fmul
                0x00000000000041c0        0x0 /usr/lib/gcc/avr/4.7.2/avr51/libgcc.a(_copy_data.o)
 .text.libgcc.mul
                0x00000000000041c0        0x0 /usr/lib/gcc/avr/4.7.2/avr51/libgcc.a(_clear_bss.o)
 .text.libgcc.div
                0x00000000000041c0        0x0 /usr/lib/gcc/avr/4.7.2/avr51/libgcc.a(_clear_bss.o)
 .text.libgcc   0x00000000000041c0        0x0 /usr/lib/gcc/avr/4.7.2/avr51/libgcc.a(_clear_bss.o)
 .text.libgcc.prologue
                0x00000000000041c0        0x0 /usr/lib/gcc/avr/4.7.2/avr51/libgcc.a(_clear_bss.o)
 .text.libgcc.builtins
                0x00000000000041c0        0x0 /usr/lib/gcc/avr/4.7.2/avr51/libgcc.a(_clear_bss.o)
 .text.libgcc.fmul
                0x00000000000041c0        0x0 /usr/lib/gcc/avr/4.7.2/avr51/libgcc.a(_clear_bss.o)
 .text.avr-libc
                0x00000000000041c0      0x272 /usr/lib/gcc/avr/4.7.2/../../../avr/lib/avr51/libc.a(malloc.o)
                0x00000000000041c0                malloc
                0x00000000000042f6                free
 .text.avr-libc
                0x0000000000004432      0x2ca /usr/lib/gcc/avr/4.7.2/../../../avr/lib/avr51/libc.a(strtod.o)
                0x0000000000004432                strtod
 .text.avr-libc
                0x00000000000046fc       0x10 /usr/lib/gcc/avr/4.7.2/../../../avr/lib/avr51/libc.a(isspace.o)
                0x00000000000046fc                isspace
 .text.avr-libc
                0x000000000000470c       0x30 /usr/lib/gcc/avr/4.7.2/../../../avr/lib/avr51/libc.a(strncasecmp_P.o)
                0x000000000000470c                strncasecmp_P
 .text.avr-libc
                0x000000000000473c        0xe /usr/lib/gcc/avr/4.7.2/../../../avr/lib/avr51/libc.a(strcpy.o)
                0x000000000000473c                strcpy
 .text.avr-libc
                0x000000000000474a       0x1e /usr/lib/gcc/avr/4.7.2/../../../avr/lib/avr51/libc.a(strncpy.o)
                0x000000000000474a                strncpy
 .text.avr-libc
                0x0000000000004768       0x1c /usr/lib/gcc/avr/4.7.2/../../../avr/lib/avr51/libc.a(strpbrk.o)
                0x0000000000004768                strpbrk
 .text.avr-libc
                0x0000000000004784       0x62 /usr/lib/gcc/avr/4.7.2/../../../avr/lib/avr51/libc.a(sprintf.o)
                0x0000000000004784                sprintf
 .text.avr-libc
                0x00000000000047e6      0x40c /usr/lib/gcc/avr/4.7.2/../../../avr/lib/avr51/libc.a(vfprintf_std.o)
                0x00000000000047e6                vfprintf
 .text.avr-libc
                0x0000000000004bf2       0x20 /usr/lib/gcc/avr/4.7.2/../../../avr/lib/avr51/libc.a(eerd_block_atmega1284p.o)
                0x0000000000004bf2                __eerd_block_m1284p
                0x0000000000004bf6                __eerd_blraw_m1284p
 .text.avr-libc
                0x0000000000004c12       0x10 /usr/lib/gcc/avr/4.7.2/../../../avr/lib/avr51/libc.a(eerd_byte_atmega1284p.o)
                0x0000000000004c12                __eerd_byte_m1284p
 .text.avr-libc
                0x0000000000004c22        0xc /usr/lib/gcc/avr/4.7.2/../../../avr/lib/avr51/libc.a(eerd_dword_atmega1284p.o)
                0x0000000000004c22                __eerd_dword_m1284p
                0x0000000000004c22                __eerd_float_m1284p
 .text.avr-libc
                0x0000000000004c2e       0x1c /usr/lib/gcc/avr/4.7.2/../../../avr/lib/avr51/libc.a(eewr_byte_atmega1284p.o)
                0x0000000000004c2e                __eewr_byte_m1284p
                0x0000000000004c30                __eewr_r18_m1284p
 .text.avr-libc
                0x0000000000004c4a        0x6 /usr/lib/gcc/avr/4.7.2/../../../avr/lib/avr51/libc.a(cty_isfalse.o)
                0x0000000000004c4a                __ctype_isfalse
                0x0000000000004c4e                __ctype_istrue
 .text.avr-libc
                0x0000000000004c50       0x16 /usr/lib/gcc/avr/4.7.2/../../../avr/lib/avr51/libc.a(strnlen_P.o)
                0x0000000000004c50                strnlen_P
 .text.avr-libc
                0x0000000000004c66       0x16 /usr/lib/gcc/avr/4.7.2/../../../avr/lib/avr51/libc.a(strnlen.o)
                0x0000000000004c66                strnlen
 .text.avr-libc
                0x0000000000004c7c       0x58 /usr/lib/gcc/avr/4.7.2/../../../avr/lib/avr51/libc.a(fputc.o)
                0x0000000000004c7c                fputc
 .text.avr-libc
                0x0000000000004cd4       0xbc /usr/lib/gcc/avr/4.7.2/../../../avr/lib/avr51/libc.a(ultoa_invert.o)
                0x0000000000004cd4                __ultoa_invert
 .text.libgcc.mul
                0x0000000000004d90       0x16 /usr/lib/gcc/avr/4.7.2/avr51/libgcc.a(_muluhisi3.o)
                0x0000000000004d90                __muluhisi3
 .text.libgcc.div
                0x0000000000004da6        0x0 /usr/lib/gcc/avr/4.7.2/avr51/libgcc.a(_muluhisi3.o)
 .text.libgcc   0x0000000000004da6        0x0 /usr/lib/gcc/avr/4.7.2/avr51/libgcc.a(_muluhisi3.o)
 .text.libgcc.prologue
                0x0000000000004da6        0x0 /usr/lib/gcc/avr/4.7.2/avr51/libgcc.a(_muluhisi3.o)
 .text.libgcc.builtins
                0x0000000000004da6        0x0 /usr/lib/gcc/avr/4.7.2/avr51/libgcc.a(_muluhisi3.o)
 .text.libgcc.fmul
                0x0000000000004da6        0x0 /usr/lib/gcc/avr/4.7.2/avr51/libgcc.a(_muluhisi3.o)
 .text.libgcc.mul
                0x0000000000004da6       0x18 /usr/lib/gcc/avr/4.7.2/avr51/libgcc.a(_umulhisi3.o)
                0x0000000000004da6                __umulhisi3
 .text.libgcc.div
                0x0000000000004dbe        0x0 /usr/lib/gcc/avr/4.7.2/avr51/libgcc.a(_umulhisi3.o)
 .text.libgcc   0x0000000000004dbe        0x0 /usr/lib/gcc/avr/4.7.2/avr51/libgcc.a(_umulhisi3.o)
 .text.libgcc.prologue
                0x0000000000004dbe        0x0 /usr/lib/gcc/avr/4.7.2/avr51/libgcc.a(_umulhisi3.o)
 .text.libgcc.builtins
                0x0000000000004dbe        0x0 /usr/lib/gcc/avr/4.7.2/avr51/libgcc.a(_umulhisi3.o)
 .text.libgcc.fmul
                0x0000000000004dbe        0x0 /usr/lib/gcc/avr/4.7.2/avr51/libgcc.a(_umulhisi3.o)
                0x0000000000004dbe                . = ALIGN (0x2)
 *(.fini9)
 .fini9         0x0000000000004dbe        0x0 /usr/lib/gcc/avr/4.7.2/avr51/libgcc.a(_exit.o)
                0x0000000000004dbe                exit
                0x0000000000004dbe                _exit
 *(.fini9)
 *(.fini8)
 *(.fini8)
 *(.fini7)
 *(.fini7)
 *(.fini6)
 *(.fini6)
 *(.fini5)
 *(.fini5)
 *(.fini4)
 *(.fini4)
 *(.fini3)
 *(.fini3)
 *(.fini2)
 *(.fini2)
 *(.fini1)
 *(.fini1)
 *(.fini0)
 .fini0         0x0000000000004dbe        0x4 /usr/lib/gcc/avr/4.7.2/avr51/libgcc.a(_exit.o)
 *(.fini0)
                0x0000000000004dc2                _etext = .

.data           0x0000000000800100      0x35a load address 0x0000000000004dc2
                0x0000000000800100                PROVIDE (__data_start, .)
 *(.data)
 .data          0x0000000000800100        0x0 /usr/lib/gcc/avr/4.7.2/../../../avr/lib/avr51/crtm1284p.o
 .data          0x0000000000800100        0x0 fmFirmware.o
 .data          0x0000000000800100        0x2 lcd.o
                0x0000000000800100                line_num
 .data          0x0000000000800102        0x0 geolocation.o
 .data          0x0000000000800102        0x0 database.o
 .data          0x0000000000800102        0x0 dev_ops.o
 .data          0x0000000000800102        0x0 /usr/lib/gcc/avr/4.7.2/../../../avr/lib/avr51/libm.a(addsf3.o)
 .data          0x0000000000800102        0x0 /usr/lib/gcc/avr/4.7.2/../../../avr/lib/avr51/libm.a(addsf3x.o)
 .data          0x0000000000800102        0x0 /usr/lib/gcc/avr/4.7.2/../../../avr/lib/avr51/libm.a(atan2.o)
 .data          0x0000000000800102        0x0 /usr/lib/gcc/avr/4.7.2/../../../avr/lib/avr51/libm.a(atan.o)
 .data          0x0000000000800102        0x0 /usr/lib/gcc/avr/4.7.2/../../../avr/lib/avr51/libm.a(cmpsf2.o)
 .data          0x0000000000800102        0x0 /usr/lib/gcc/avr/4.7.2/../../../avr/lib/avr51/libm.a(cos.o)
 .data          0x0000000000800102        0x0 /usr/lib/gcc/avr/4.7.2/../../../avr/lib/avr51/libm.a(divsf3.o)
 .data          0x0000000000800102        0x0 /usr/lib/gcc/avr/4.7.2/../../../avr/lib/avr51/libm.a(divsf3x.o)
 .data          0x0000000000800102        0x0 /usr/lib/gcc/avr/4.7.2/../../../avr/lib/avr51/libm.a(fixsfsi.o)
 .data          0x0000000000800102        0x0 /usr/lib/gcc/avr/4.7.2/../../../avr/lib/avr51/libm.a(fixunssfsi.o)
 .data          0x0000000000800102        0x0 /usr/lib/gcc/avr/4.7.2/../../../avr/lib/avr51/libm.a(floatsisf.o)
 .data          0x0000000000800102        0x0 /usr/lib/gcc/avr/4.7.2/../../../avr/lib/avr51/libm.a(floor.o)
 .data          0x0000000000800102        0x0 /usr/lib/gcc/avr/4.7.2/../../../avr/lib/avr51/libm.a(fp_cmp.o)
 .data          0x0000000000800102        0x0 /usr/lib/gcc/avr/4.7.2/../../../avr/lib/avr51/libm.a(fp_inf.o)
 .data          0x0000000000800102        0x0 /usr/lib/gcc/avr/4.7.2/../../../avr/lib/avr51/libm.a(fp_mintl.o)
 .data          0x0000000000800102        0x0 /usr/lib/gcc/avr/4.7.2/../../../avr/lib/avr51/libm.a(fp_mpack.o)
 .data          0x0000000000800102        0x0 /usr/lib/gcc/avr/4.7.2/../../../avr/lib/avr51/libm.a(fp_nan.o)
 .data          0x0000000000800102        0x0 /usr/lib/gcc/avr/4.7.2/../../../avr/lib/avr51/libm.a(fp_powser.o)
 .data          0x0000000000800102        0x0 /usr/lib/gcc/avr/4.7.2/../../../avr/lib/avr51/libm.a(fp_pscA.o)
 .data          0x0000000000800102        0x0 /usr/lib/gcc/avr/4.7.2/../../../avr/lib/avr51/libm.a(fp_pscB.o)
 .data          0x0000000000800102        0x0 /usr/lib/gcc/avr/4.7.2/../../../avr/lib/avr51/libm.a(fp_rempio2.o)
 .data          0x0000000000800102        0x0 /usr/lib/gcc/avr/4.7.2/../../../avr/lib/avr51/libm.a(fp_round.o)
 .data          0x0000000000800102        0x0 /usr/lib/gcc/avr/4.7.2/../../../avr/lib/avr51/libm.a(fp_sinus.o)
 .data          0x0000000000800102        0x0 /usr/lib/gcc/avr/4.7.2/../../../avr/lib/avr51/libm.a(fp_split3.o)
 .data          0x0000000000800102        0x0 /usr/lib/gcc/avr/4.7.2/../../../avr/lib/avr51/libm.a(fp_trunc.o)
 .data          0x0000000000800102        0x0 /usr/lib/gcc/avr/4.7.2/../../../avr/lib/avr51/libm.a(fp_zero.o)
 .data          0x0000000000800102        0x0 /usr/lib/gcc/avr/4.7.2/../../../avr/lib/avr51/libm.a(gesf2.o)
 .data          0x0000000000800102        0x0 /usr/lib/gcc/avr/4.7.2/../../../avr/lib/avr51/libm.a(inverse.o)
 .data          0x0000000000800102        0x0 /usr/lib/gcc/avr/4.7.2/../../../avr/lib/avr51/libm.a(log10.o)
 .data          0x0000000000800102        0x0 /usr/lib/gcc/avr/4.7.2/../../../avr/lib/avr51/libm.a(log.o)
 .data          0x0000000000800102        0x0 /usr/lib/gcc/avr/4.7.2/../../../avr/lib/avr51/libm.a(modf.o)
 .data          0x0000000000800102        0x0 /usr/lib/gcc/avr/4.7.2/../../../avr/lib/avr51/libm.a(mulsf3.o)
 .data          0x0000000000800102        0x0 /usr/lib/gcc/avr/4.7.2/../../../avr/lib/avr51/libm.a(mulsf3x.o)
 .data          0x0000000000800102        0x0 /usr/lib/gcc/avr/4.7.2/../../../avr/lib/avr51/libm.a(pow.o)
 .data          0x0000000000800102        0x0 /usr/lib/gcc/avr/4.7.2/../../../avr/lib/avr51/libm.a(round.o)
 .data          0x0000000000800102        0x0 /usr/lib/gcc/avr/4.7.2/../../../avr/lib/avr51/libm.a(sin.o)
 .data          0x0000000000800102        0x0 /usr/lib/gcc/avr/4.7.2/../../../avr/lib/avr51/libm.a(sqrt.o)
 .data          0x0000000000800102        0x0 /usr/lib/gcc/avr/4.7.2/../../../avr/lib/avr51/libm.a(square.o)
 .data          0x0000000000800102        0x0 /usr/lib/gcc/avr/4.7.2/../../../avr/lib/avr51/libm.a(exp.o)
 .data          0x0000000000800102        0x0 /usr/lib/gcc/avr/4.7.2/../../../avr/lib/avr51/libm.a(fp_norm2.o)
 .data          0x0000000000800102        0x0 /usr/lib/gcc/avr/4.7.2/../../../avr/lib/avr51/libm.a(fp_powsodd.o)
 .data          0x0000000000800102        0x0 /usr/lib/gcc/avr/4.7.2/../../../avr/lib/avr51/libm.a(ldexp.o)
 .data          0x0000000000800102        0x0 /usr/lib/gcc/avr/4.7.2/avr51/libgcc.a(_exit.o)
 .data          0x0000000000800102        0x0 /usr/lib/gcc/avr/4.7.2/avr51/libgcc.a(_copy_data.o)
 .data          0x0000000000800102        0x0 /usr/lib/gcc/avr/4.7.2/avr51/libgcc.a(_clear_bss.o)
 .data          0x0000000000800102        0x6 /usr/lib/gcc/avr/4.7.2/../../../avr/lib/avr51/libc.a(malloc.o)
                0x0000000000800102                __malloc_heap_end
                0x0000000000800104                __malloc_heap_start
                0x0000000000800106                __malloc_margin
 .data          0x0000000000800108        0x0 /usr/lib/gcc/avr/4.7.2/../../../avr/lib/avr51/libc.a(strtod.o)
 .data          0x0000000000800108        0x0 /usr/lib/gcc/avr/4.7.2/../../../avr/lib/avr51/libc.a(isspace.o)
 .data          0x0000000000800108        0x0 /usr/lib/gcc/avr/4.7.2/../../../avr/lib/avr51/libc.a(strncasecmp_P.o)
 .data          0x0000000000800108        0x0 /usr/lib/gcc/avr/4.7.2/../../../avr/lib/avr51/libc.a(strcpy.o)
 .data          0x0000000000800108        0x0 /usr/lib/gcc/avr/4.7.2/../../../avr/lib/avr51/libc.a(strncpy.o)
 .data          0x0000000000800108        0x0 /usr/lib/gcc/avr/4.7.2/../../../avr/lib/avr51/libc.a(strpbrk.o)
 .data          0x0000000000800108        0x0 /usr/lib/gcc/avr/4.7.2/../../../avr/lib/avr51/libc.a(sprintf.o)
 .data          0x0000000000800108        0x0 /usr/lib/gcc/avr/4.7.2/../../../avr/lib/avr51/libc.a(vfprintf_std.o)
 .data          0x0000000000800108        0x0 /usr/lib/gcc/avr/4.7.2/../../../avr/lib/avr51/libc.a(eerd_block_atmega1284p.o)
 .data          0x0000000000800108        0x0 /usr/lib/gcc/avr/4.7.2/../../../avr/lib/avr51/libc.a(eerd_byte_atmega1284p.o)
 .data          0x0000000000800108        0x0 /usr/lib/gcc/avr/4.7.2/../../../avr/lib/avr51/libc.a(eerd_dword_atmega1284p.o)
 .data          0x0000000000800108        0x0 /usr/lib/gcc/avr/4.7.2/../../../avr/lib/avr51/libc.a(eewr_byte_atmega1284p.o)
 .data          0x0000000000800108        0x0 /usr/lib/gcc/avr/4.7.2/../../../avr/lib/avr51/libc.a(errno.o)
 .data          0x0000000000800108        0x0 /usr/lib/gcc/avr/4.7.2/../../../avr/lib/avr51/libc.a(cty_isfalse.o)
 .data          0x0000000000800108        0x0 /usr/lib/gcc/avr/4.7.2/../../../avr/lib/avr51/libc.a(strnlen_P.o)
 .data          0x0000000000800108        0x0 /usr/lib/gcc/avr/4.7.2/../../../avr/lib/avr51/libc.a(strnlen.o)
 .data          0x0000000000800108        0x0 /usr/lib/gcc/avr/4.7.2/../../../avr/lib/avr51/libc.a(fputc.o)
 .data          0x0000000000800108        0x0 /usr/lib/gcc/avr/4.7.2/../../../avr/lib/avr51/libc.a(ultoa_invert.o)
 .data          0x0000000000800108        0x0 /usr/lib/gcc/avr/4.7.2/avr51/libgcc.a(_muluhisi3.o)
 .data          0x0000000000800108        0x0 /usr/lib/gcc/avr/4.7.2/avr51/libgcc.a(_umulhisi3.o)
 *(.data*)
 *(.rodata)
 .rodata        0x0000000000800108       0x27 geolocation.o
 *(.rodata*)
 .rodata.str1.1
                0x000000000080012f       0xb4 fmFirmware.o
                                         0xb9 (size before relaxing)
 .rodata.str1.1
                0x00000000008001e3        0x5 lcd.o
                                         0x12 (size before relaxing)
 .rodata.str1.1
                0x00000000008001e8       0x42 geolocation.o
 .rodata.str1.1
                0x000000000080022a       0x18 database.o
                                         0x23 (size before relaxing)
 .rodata.str1.1
                0x0000000000800242      0x218 dev_ops.o
                                        0x247 (size before relaxing)
 *(.gnu.linkonce.d*)
                0x000000000080045a                . = ALIGN (0x2)
                0x000000000080045a                _edata = .
                0x000000000080045a                PROVIDE (__data_end, .)

.bss            0x000000000080045a        0xc
                0x000000000080045a                PROVIDE (__bss_start, .)
 *(.bss)
 .bss           0x000000000080045a        0x0 /usr/lib/gcc/avr/4.7.2/../../../avr/lib/avr51/crtm1284p.o
 .bss           0x000000000080045a        0x0 fmFirmware.o
 .bss           0x000000000080045a        0x2 lcd.o
                0x000000000080045a                chars_written
 .bss           0x000000000080045c        0x2 geolocation.o
 .bss           0x000000000080045e        0x0 database.o
 .bss           0x000000000080045e        0x0 dev_ops.o
 .bss           0x000000000080045e        0x0 /usr/lib/gcc/avr/4.7.2/../../../avr/lib/avr51/libm.a(addsf3.o)
 .bss           0x000000000080045e        0x0 /usr/lib/gcc/avr/4.7.2/../../../avr/lib/avr51/libm.a(addsf3x.o)
 .bss           0x000000000080045e        0x0 /usr/lib/gcc/avr/4.7.2/../../../avr/lib/avr51/libm.a(atan2.o)
 .bss           0x000000000080045e        0x0 /usr/lib/gcc/avr/4.7.2/../../../avr/lib/avr51/libm.a(atan.o)
 .bss           0x000000000080045e        0x0 /usr/lib/gcc/avr/4.7.2/../../../avr/lib/avr51/libm.a(cmpsf2.o)
 .bss           0x000000000080045e        0x0 /usr/lib/gcc/avr/4.7.2/../../../avr/lib/avr51/libm.a(cos.o)
 .bss           0x000000000080045e        0x0 /usr/lib/gcc/avr/4.7.2/../../../avr/lib/avr51/libm.a(divsf3.o)
 .bss           0x000000000080045e        0x0 /usr/lib/gcc/avr/4.7.2/../../../avr/lib/avr51/libm.a(divsf3x.o)
 .bss           0x000000000080045e        0x0 /usr/lib/gcc/avr/4.7.2/../../../avr/lib/avr51/libm.a(fixsfsi.o)
 .bss           0x000000000080045e        0x0 /usr/lib/gcc/avr/4.7.2/../../../avr/lib/avr51/libm.a(fixunssfsi.o)
 .bss           0x000000000080045e        0x0 /usr/lib/gcc/avr/4.7.2/../../../avr/lib/avr51/libm.a(floatsisf.o)
 .bss           0x000000000080045e        0x0 /usr/lib/gcc/avr/4.7.2/../../../avr/lib/avr51/libm.a(floor.o)
 .bss           0x000000000080045e        0x0 /usr/lib/gcc/avr/4.7.2/../../../avr/lib/avr51/libm.a(fp_cmp.o)
 .bss           0x000000000080045e        0x0 /usr/lib/gcc/avr/4.7.2/../../../avr/lib/avr51/libm.a(fp_inf.o)
 .bss           0x000000000080045e        0x0 /usr/lib/gcc/avr/4.7.2/../../../avr/lib/avr51/libm.a(fp_mintl.o)
 .bss           0x000000000080045e        0x0 /usr/lib/gcc/avr/4.7.2/../../../avr/lib/avr51/libm.a(fp_mpack.o)
 .bss           0x000000000080045e        0x0 /usr/lib/gcc/avr/4.7.2/../../../avr/lib/avr51/libm.a(fp_nan.o)
 .bss           0x000000000080045e        0x0 /usr/lib/gcc/avr/4.7.2/../../../avr/lib/avr51/libm.a(fp_powser.o)
 .bss           0x000000000080045e        0x0 /usr/lib/gcc/avr/4.7.2/../../../avr/lib/avr51/libm.a(fp_pscA.o)
 .bss           0x000000000080045e        0x0 /usr/lib/gcc/avr/4.7.2/../../../avr/lib/avr51/libm.a(fp_pscB.o)
 .bss           0x000000000080045e        0x0 /usr/lib/gcc/avr/4.7.2/../../../avr/lib/avr51/libm.a(fp_rempio2.o)
 .bss           0x000000000080045e        0x0 /usr/lib/gcc/avr/4.7.2/../../../avr/lib/avr51/libm.a(fp_round.o)
 .bss           0x000000000080045e        0x0 /usr/lib/gcc/avr/4.7.2/../../../avr/lib/avr51/libm.a(fp_sinus.o)
 .bss           0x000000000080045e        0x0 /usr/lib/gcc/avr/4.7.2/../../../avr/lib/avr51/libm.a(fp_split3.o)
 .bss           0x000000000080045e        0x0 /usr/lib/gcc/avr/4.7.2/../../../avr/lib/avr51/libm.a(fp_trunc.o)
 .bss           0x000000000080045e        0x0 /usr/lib/gcc/avr/4.7.2/../../../avr/lib/avr51/libm.a(fp_zero.o)
 .bss           0x000000000080045e        0x0 /usr/lib/gcc/avr/4.7.2/../../../avr/lib/avr51/libm.a(gesf2.o)
 .bss           0x000000000080045e        0x0 /usr/lib/gcc/avr/4.7.2/../../../avr/lib/avr51/libm.a(inverse.o)
 .bss           0x000000000080045e        0x0 /usr/lib/gcc/avr/4.7.2/../../../avr/lib/avr51/libm.a(log10.o)
 .bss           0x000000000080045e        0x0 /usr/lib/gcc/avr/4.7.2/../../../avr/lib/avr51/libm.a(log.o)
 .bss           0x000000000080045e        0x0 /usr/lib/gcc/avr/4.7.2/../../../avr/lib/avr51/libm.a(modf.o)
 .bss           0x000000000080045e        0x0 /usr/lib/gcc/avr/4.7.2/../../../avr/lib/avr51/libm.a(mulsf3.o)
 .bss           0x000000000080045e        0x0 /usr/lib/gcc/avr/4.7.2/../../../avr/lib/avr51/libm.a(mulsf3x.o)
 .bss           0x000000000080045e        0x0 /usr/lib/gcc/avr/4.7.2/../../../avr/lib/avr51/libm.a(pow.o)
 .bss           0x000000000080045e        0x0 /usr/lib/gcc/avr/4.7.2/../../../avr/lib/avr51/libm.a(round.o)
 .bss           0x000000000080045e        0x0 /usr/lib/gcc/avr/4.7.2/../../../avr/lib/avr51/libm.a(sin.o)
 .bss           0x000000000080045e        0x0 /usr/lib/gcc/avr/4.7.2/../../../avr/lib/avr51/libm.a(sqrt.o)
 .bss           0x000000000080045e        0x0 /usr/lib/gcc/avr/4.7.2/../../../avr/lib/avr51/libm.a(square.o)
 .bss           0x000000000080045e        0x0 /usr/lib/gcc/avr/4.7.2/../../../avr/lib/avr51/libm.a(exp.o)
 .bss           0x000000000080045e        0x0 /usr/lib/gcc/avr/4.7.2/../../../avr/lib/avr51/libm.a(fp_norm2.o)
 .bss           0x000000000080045e        0x0 /usr/lib/gcc/avr/4.7.2/../../../avr/lib/avr51/libm.a(fp_powsodd.o)
 .bss           0x000000000080045e        0x0 /usr/lib/gcc/avr/4.7.2/../../../avr/lib/avr51/libm.a(ldexp.o)
 .bss           0x000000000080045e        0x0 /usr/lib/gcc/avr/4.7.2/avr51/libgcc.a(_exit.o)
 .bss           0x000000000080045e        0x0 /usr/lib/gcc/avr/4.7.2/avr51/libgcc.a(_copy_data.o)
 .bss           0x000000000080045e        0x0 /usr/lib/gcc/avr/4.7.2/avr51/libgcc.a(_clear_bss.o)
 .bss           0x000000000080045e        0x0 /usr/lib/gcc/avr/4.7.2/../../../avr/lib/avr51/libc.a(malloc.o)
 .bss           0x000000000080045e        0x0 /usr/lib/gcc/avr/4.7.2/../../../avr/lib/avr51/libc.a(strtod.o)
 .bss           0x000000000080045e        0x0 /usr/lib/gcc/avr/4.7.2/../../../avr/lib/avr51/libc.a(isspace.o)
 .bss           0x000000000080045e        0x0 /usr/lib/gcc/avr/4.7.2/../../../avr/lib/avr51/libc.a(strncasecmp_P.o)
 .bss           0x000000000080045e        0x0 /usr/lib/gcc/avr/4.7.2/../../../avr/lib/avr51/libc.a(strcpy.o)
 .bss           0x000000000080045e        0x0 /usr/lib/gcc/avr/4.7.2/../../../avr/lib/avr51/libc.a(strncpy.o)
 .bss           0x000000000080045e        0x0 /usr/lib/gcc/avr/4.7.2/../../../avr/lib/avr51/libc.a(strpbrk.o)
 .bss           0x000000000080045e        0x0 /usr/lib/gcc/avr/4.7.2/../../../avr/lib/avr51/libc.a(sprintf.o)
 .bss           0x000000000080045e        0x0 /usr/lib/gcc/avr/4.7.2/../../../avr/lib/avr51/libc.a(vfprintf_std.o)
 .bss           0x000000000080045e        0x0 /usr/lib/gcc/avr/4.7.2/../../../avr/lib/avr51/libc.a(eerd_block_atmega1284p.o)
 .bss           0x000000000080045e        0x0 /usr/lib/gcc/avr/4.7.2/../../../avr/lib/avr51/libc.a(eerd_byte_atmega1284p.o)
 .bss           0x000000000080045e        0x0 /usr/lib/gcc/avr/4.7.2/../../../avr/lib/avr51/libc.a(eerd_dword_atmega1284p.o)
 .bss           0x000000000080045e        0x0 /usr/lib/gcc/avr/4.7.2/../../../avr/lib/avr51/libc.a(eewr_byte_atmega1284p.o)
 .bss           0x000000000080045e        0x0 /usr/lib/gcc/avr/4.7.2/../../../avr/lib/avr51/libc.a(errno.o)
 .bss           0x000000000080045e        0x0 /usr/lib/gcc/avr/4.7.2/../../../avr/lib/avr51/libc.a(cty_isfalse.o)
 .bss           0x000000000080045e        0x0 /usr/lib/gcc/avr/4.7.2/../../../avr/lib/avr51/libc.a(strnlen_P.o)
 .bss           0x000000000080045e        0x0 /usr/lib/gcc/avr/4.7.2/../../../avr/lib/avr51/libc.a(strnlen.o)
 .bss           0x000000000080045e        0x0 /usr/lib/gcc/avr/4.7.2/../../../avr/lib/avr51/libc.a(fputc.o)
 .bss           0x000000000080045e        0x0 /usr/lib/gcc/avr/4.7.2/../../../avr/lib/avr51/libc.a(ultoa_invert.o)
 .bss           0x000000000080045e        0x0 /usr/lib/gcc/avr/4.7.2/avr51/libgcc.a(_muluhisi3.o)
 .bss           0x000000000080045e        0x0 /usr/lib/gcc/avr/4.7.2/avr51/libgcc.a(_umulhisi3.o)
 *(.bss*)
 *(COMMON)
 COMMON         0x000000000080045e        0x2 fmFirmware.o
                0x000000000080045e                device
 COMMON         0x0000000000800460        0x4 /usr/lib/gcc/avr/4.7.2/../../../avr/lib/avr51/libc.a(malloc.o)
                0x0000000000800460                __brkval
                0x0000000000800462                __flp
 COMMON         0x0000000000800464        0x2 /usr/lib/gcc/avr/4.7.2/../../../avr/lib/avr51/libc.a(errno.o)
                0x0000000000800464                errno
                0x0000000000800466                PROVIDE (__bss_end, .)
                0x0000000000004dc2                __data_load_start = LOADADDR (.data)
                0x000000000000511c                __data_load_end = (__data_load_start + SIZEOF (.data))

.noinit         0x0000000000800466        0x0
                0x0000000000800466                PROVIDE (__noinit_start, .)
 *(.noinit*)
                0x0000000000800466                PROVIDE (__noinit_end, .)
                0x0000000000800466                _end = .
                0x0000000000800466                PROVIDE (__heap_start, .)

.eeprom         0x0000000000810000        0x0
 *(.eeprom*)
                0x0000000000810000                __eeprom_end = .

.fuse
 *(.fuse)
 *(.lfuse)
 *(.hfuse)
 *(.efuse)

.lock
 *(.lock*)

.signature
 *(.signature*)

.stab           0x0000000000000000     0xceb8
 *(.stab)
 .stab          0x0000000000000000      0x6cc /usr/lib/gcc/avr/4.7.2/../../../avr/lib/avr51/crtm1284p.o
 .stab          0x00000000000006cc      0xf0c fmFirmware.o
                                        0xf18 (size before relaxing)
 .stab          0x00000000000015d8     0x126c lcd.o
                                       0x14a0 (size before relaxing)
 .stab          0x0000000000002844     0x1134 geolocation.o
                                       0x1434 (size before relaxing)
 .stab          0x0000000000003978      0x60c database.o
                                        0x900 (size before relaxing)
 .stab          0x0000000000003f84     0x21b4 dev_ops.o
                                       0x24a8 (size before relaxing)
 .stab          0x0000000000006138       0x78 /usr/lib/gcc/avr/4.7.2/../../../avr/lib/avr51/libm.a(addsf3.o)
                                         0x84 (size before relaxing)
 .stab          0x00000000000061b0      0x4bc /usr/lib/gcc/avr/4.7.2/../../../avr/lib/avr51/libm.a(addsf3x.o)
                                        0x4c8 (size before relaxing)
 .stab          0x000000000000666c      0x2f4 /usr/lib/gcc/avr/4.7.2/../../../avr/lib/avr51/libm.a(atan2.o)
                                        0x300 (size before relaxing)
 .stab          0x0000000000006960      0x210 /usr/lib/gcc/avr/4.7.2/../../../avr/lib/avr51/libm.a(atan.o)
                                        0x21c (size before relaxing)
 .stab          0x0000000000006b70       0x90 /usr/lib/gcc/avr/4.7.2/../../../avr/lib/avr51/libm.a(cmpsf2.o)
                                         0x9c (size before relaxing)
 .stab          0x0000000000006c00       0x54 /usr/lib/gcc/avr/4.7.2/../../../avr/lib/avr51/libm.a(cos.o)
                                         0x60 (size before relaxing)
 .stab          0x0000000000006c54       0x48 /usr/lib/gcc/avr/4.7.2/../../../avr/lib/avr51/libm.a(divsf3.o)
                                         0x54 (size before relaxing)
 .stab          0x0000000000006c9c      0x510 /usr/lib/gcc/avr/4.7.2/../../../avr/lib/avr51/libm.a(divsf3x.o)
                                        0x51c (size before relaxing)
 .stab          0x00000000000071ac       0x6c /usr/lib/gcc/avr/4.7.2/../../../avr/lib/avr51/libm.a(fixsfsi.o)
                                         0x78 (size before relaxing)
 .stab          0x0000000000007218      0x240 /usr/lib/gcc/avr/4.7.2/../../../avr/lib/avr51/libm.a(fixunssfsi.o)
                                        0x24c (size before relaxing)
 .stab          0x0000000000007458      0x318 /usr/lib/gcc/avr/4.7.2/../../../avr/lib/avr51/libm.a(floatsisf.o)
                                        0x324 (size before relaxing)
 .stab          0x0000000000007770      0x114 /usr/lib/gcc/avr/4.7.2/../../../avr/lib/avr51/libm.a(floor.o)
                                        0x120 (size before relaxing)
 .stab          0x0000000000007884      0x1e0 /usr/lib/gcc/avr/4.7.2/../../../avr/lib/avr51/libm.a(fp_cmp.o)
                                        0x1ec (size before relaxing)
 .stab          0x0000000000007a64       0x78 /usr/lib/gcc/avr/4.7.2/../../../avr/lib/avr51/libm.a(fp_inf.o)
                                         0x84 (size before relaxing)
 .stab          0x0000000000007adc      0x174 /usr/lib/gcc/avr/4.7.2/../../../avr/lib/avr51/libm.a(fp_mintl.o)
                                        0x180 (size before relaxing)
 .stab          0x0000000000007c50       0xe4 /usr/lib/gcc/avr/4.7.2/../../../avr/lib/avr51/libm.a(fp_mpack.o)
                                         0xf0 (size before relaxing)
 .stab          0x0000000000007d34       0x54 /usr/lib/gcc/avr/4.7.2/../../../avr/lib/avr51/libm.a(fp_nan.o)
                                         0x60 (size before relaxing)
 .stab          0x0000000000007d88      0x1ec /usr/lib/gcc/avr/4.7.2/../../../avr/lib/avr51/libm.a(fp_powser.o)
                                        0x1f8 (size before relaxing)
 .stab          0x0000000000007f74       0x84 /usr/lib/gcc/avr/4.7.2/../../../avr/lib/avr51/libm.a(fp_pscA.o)
                                         0x90 (size before relaxing)
 .stab          0x0000000000007ff8       0x84 /usr/lib/gcc/avr/4.7.2/../../../avr/lib/avr51/libm.a(fp_pscB.o)
                                         0x90 (size before relaxing)
 .stab          0x000000000000807c      0x21c /usr/lib/gcc/avr/4.7.2/../../../avr/lib/avr51/libm.a(fp_rempio2.o)
                                        0x228 (size before relaxing)
 .stab          0x0000000000008298       0xfc /usr/lib/gcc/avr/4.7.2/../../../avr/lib/avr51/libm.a(fp_round.o)
                                        0x108 (size before relaxing)
 .stab          0x0000000000008394       0xfc /usr/lib/gcc/avr/4.7.2/../../../avr/lib/avr51/libm.a(fp_sinus.o)
                                        0x108 (size before relaxing)
 .stab          0x0000000000008490      0x1d4 /usr/lib/gcc/avr/4.7.2/../../../avr/lib/avr51/libm.a(fp_split3.o)
                                        0x1e0 (size before relaxing)
 .stab          0x0000000000008664      0x144 /usr/lib/gcc/avr/4.7.2/../../../avr/lib/avr51/libm.a(fp_trunc.o)
                                        0x150 (size before relaxing)
 .stab          0x00000000000087a8       0x90 /usr/lib/gcc/avr/4.7.2/../../../avr/lib/avr51/libm.a(fp_zero.o)
                                         0x9c (size before relaxing)
 .stab          0x0000000000008838       0x6c /usr/lib/gcc/avr/4.7.2/../../../avr/lib/avr51/libm.a(gesf2.o)
                                         0x78 (size before relaxing)
 .stab          0x00000000000088a4       0x84 /usr/lib/gcc/avr/4.7.2/../../../avr/lib/avr51/libm.a(inverse.o)
                                         0x90 (size before relaxing)
 .stab          0x0000000000008928       0x78 /usr/lib/gcc/avr/4.7.2/../../../avr/lib/avr51/libm.a(log10.o)
                                         0x84 (size before relaxing)
 .stab          0x00000000000089a0      0x378 /usr/lib/gcc/avr/4.7.2/../../../avr/lib/avr51/libm.a(log.o)
                                        0x384 (size before relaxing)
 .stab          0x0000000000008d18      0x2a0 /usr/lib/gcc/avr/4.7.2/../../../avr/lib/avr51/libm.a(modf.o)
                                        0x2ac (size before relaxing)
 .stab          0x0000000000008fb8       0x48 /usr/lib/gcc/avr/4.7.2/../../../avr/lib/avr51/libm.a(mulsf3.o)
                                         0x54 (size before relaxing)
 .stab          0x0000000000009000      0x4d4 /usr/lib/gcc/avr/4.7.2/../../../avr/lib/avr51/libm.a(mulsf3x.o)
                                        0x4e0 (size before relaxing)
 .stab          0x00000000000094d4      0x3c0 /usr/lib/gcc/avr/4.7.2/../../../avr/lib/avr51/libm.a(pow.o)
                                        0x3cc (size before relaxing)
 .stab          0x0000000000009894      0x1b0 /usr/lib/gcc/avr/4.7.2/../../../avr/lib/avr51/libm.a(round.o)
                                        0x1bc (size before relaxing)
 .stab          0x0000000000009a44       0x78 /usr/lib/gcc/avr/4.7.2/../../../avr/lib/avr51/libm.a(sin.o)
                                         0x84 (size before relaxing)
 .stab          0x0000000000009abc      0x354 /usr/lib/gcc/avr/4.7.2/../../../avr/lib/avr51/libm.a(sqrt.o)
                                        0x360 (size before relaxing)
 .stab          0x0000000000009e10       0x54 /usr/lib/gcc/avr/4.7.2/../../../avr/lib/avr51/libm.a(square.o)
                                         0x60 (size before relaxing)
 .stab          0x0000000000009e64      0x288 /usr/lib/gcc/avr/4.7.2/../../../avr/lib/avr51/libm.a(exp.o)
                                        0x294 (size before relaxing)
 .stab          0x000000000000a0ec       0x84 /usr/lib/gcc/avr/4.7.2/../../../avr/lib/avr51/libm.a(fp_norm2.o)
                                         0x90 (size before relaxing)
 .stab          0x000000000000a170       0xfc /usr/lib/gcc/avr/4.7.2/../../../avr/lib/avr51/libm.a(fp_powsodd.o)
                                        0x108 (size before relaxing)
 .stab          0x000000000000a26c      0x2c4 /usr/lib/gcc/avr/4.7.2/../../../avr/lib/avr51/libm.a(ldexp.o)
                                        0x2d0 (size before relaxing)
 .stab          0x000000000000a530      0x78c /usr/lib/gcc/avr/4.7.2/../../../avr/lib/avr51/libc.a(malloc.o)
                                        0x798 (size before relaxing)
 .stab          0x000000000000acbc      0x630 /usr/lib/gcc/avr/4.7.2/../../../avr/lib/avr51/libc.a(strtod.o)
                                        0x7ec (size before relaxing)
 .stab          0x000000000000b2ec       0x9c /usr/lib/gcc/avr/4.7.2/../../../avr/lib/avr51/libc.a(isspace.o)
                                         0xa8 (size before relaxing)
 .stab          0x000000000000b388      0x138 /usr/lib/gcc/avr/4.7.2/../../../avr/lib/avr51/libc.a(strncasecmp_P.o)
                                        0x144 (size before relaxing)
 .stab          0x000000000000b4c0       0x6c /usr/lib/gcc/avr/4.7.2/../../../avr/lib/avr51/libc.a(strcpy.o)
                                         0x78 (size before relaxing)
 .stab          0x000000000000b52c       0xcc /usr/lib/gcc/avr/4.7.2/../../../avr/lib/avr51/libc.a(strncpy.o)
                                         0xd8 (size before relaxing)
 .stab          0x000000000000b5f8       0xc0 /usr/lib/gcc/avr/4.7.2/../../../avr/lib/avr51/libc.a(strpbrk.o)
                                         0xcc (size before relaxing)
 .stab          0x000000000000b6b8      0x240 /usr/lib/gcc/avr/4.7.2/../../../avr/lib/avr51/libc.a(sprintf.o)
                                        0x3e4 (size before relaxing)
 .stab          0x000000000000b8f8      0x9f0 /usr/lib/gcc/avr/4.7.2/../../../avr/lib/avr51/libc.a(vfprintf_std.o)
                                        0xc24 (size before relaxing)
 .stab          0x000000000000c2e8      0x108 /usr/lib/gcc/avr/4.7.2/../../../avr/lib/avr51/libc.a(eerd_block_atmega1284p.o)
                                        0x114 (size before relaxing)
 .stab          0x000000000000c3f0       0x90 /usr/lib/gcc/avr/4.7.2/../../../avr/lib/avr51/libc.a(eerd_byte_atmega1284p.o)
                                         0x9c (size before relaxing)
 .stab          0x000000000000c480       0x78 /usr/lib/gcc/avr/4.7.2/../../../avr/lib/avr51/libc.a(eerd_dword_atmega1284p.o)
                                         0x84 (size before relaxing)
 .stab          0x000000000000c4f8       0xe4 /usr/lib/gcc/avr/4.7.2/../../../avr/lib/avr51/libc.a(eewr_byte_atmega1284p.o)
                                         0xf0 (size before relaxing)
 .stab          0x000000000000c5dc       0xf0 /usr/lib/gcc/avr/4.7.2/../../../avr/lib/avr51/libc.a(errno.o)
                                         0xfc (size before relaxing)
 .stab          0x000000000000c6cc       0x60 /usr/lib/gcc/avr/4.7.2/../../../avr/lib/avr51/libc.a(cty_isfalse.o)
                                         0x6c (size before relaxing)
 .stab          0x000000000000c72c       0x9c /usr/lib/gcc/avr/4.7.2/../../../avr/lib/avr51/libc.a(strnlen_P.o)
                                         0xa8 (size before relaxing)
 .stab          0x000000000000c7c8       0x9c /usr/lib/gcc/avr/4.7.2/../../../avr/lib/avr51/libc.a(strnlen.o)
                                         0xa8 (size before relaxing)
 .stab          0x000000000000c864      0x1d4 /usr/lib/gcc/avr/4.7.2/../../../avr/lib/avr51/libc.a(fputc.o)
                                        0x3b4 (size before relaxing)
 .stab          0x000000000000ca38      0x480 /usr/lib/gcc/avr/4.7.2/../../../avr/lib/avr51/libc.a(ultoa_invert.o)
                                        0x48c (size before relaxing)

.stabstr        0x0000000000000000     0x2dff
 *(.stabstr)
 .stabstr       0x0000000000000000     0x2dff /usr/lib/gcc/avr/4.7.2/../../../avr/lib/avr51/crtm1284p.o

.stab.excl
 *(.stab.excl)

.stab.exclstr
 *(.stab.exclstr)

.stab.index
 *(.stab.index)

.stab.indexstr
 *(.stab.indexstr)

.comment        0x0000000000000000       0x22
 *(.comment)
 .comment       0x0000000000000000       0x11 fmFirmware.o
                                         0x12 (size before relaxing)
 .comment       0x0000000000000000       0x12 lcd.o
 .comment       0x0000000000000000       0x12 geolocation.o
 .comment       0x0000000000000000       0x12 database.o
 .comment       0x0000000000000000       0x12 dev_ops.o
 .comment       0x0000000000000011       0x11 /usr/lib/gcc/avr/4.7.2/../../../avr/lib/avr51/libc.a(malloc.o)
                                         0x12 (size before relaxing)
 .comment       0x0000000000000000       0x12 /usr/lib/gcc/avr/4.7.2/../../../avr/lib/avr51/libc.a(strtod.o)
 .comment       0x0000000000000000       0x12 /usr/lib/gcc/avr/4.7.2/../../../avr/lib/avr51/libc.a(sprintf.o)
 .comment       0x0000000000000000       0x12 /usr/lib/gcc/avr/4.7.2/../../../avr/lib/avr51/libc.a(vfprintf_std.o)
 .comment       0x0000000000000000       0x12 /usr/lib/gcc/avr/4.7.2/../../../avr/lib/avr51/libc.a(errno.o)
 .comment       0x0000000000000000       0x12 /usr/lib/gcc/avr/4.7.2/../../../avr/lib/avr51/libc.a(fputc.o)

.debug
 *(.debug)

.line
 *(.line)

.debug_srcinfo
 *(.debug_srcinfo)

.debug_sfnames
 *(.debug_sfnames)

.debug_aranges
 *(.debug_aranges)

.debug_pubnames
 *(.debug_pubnames)

.debug_info
 *(.debug_info)
 *(.gnu.linkonce.wi.*)

.debug_abbrev
 *(.debug_abbrev)

.debug_line
 *(.debug_line)

.debug_frame
 *(.debug_frame)

.debug_str
 *(.debug_str)

.debug_loc
 *(.debug_loc)

.debug_macinfo
 *(.debug_macinfo)
OUTPUT(dat_lcd.elf elf32-avr)
LOAD linker stubs
