Archive member included because of file (symbol)

/usr/lib/gcc/avr/4.8.2/../../../avr/lib/avr51/libm.a(addsf3.o)
                              geolocation.o (__subsf3)
/usr/lib/gcc/avr/4.8.2/../../../avr/lib/avr51/libm.a(addsf3x.o)
                              /usr/lib/gcc/avr/4.8.2/../../../avr/lib/avr51/libm.a(addsf3.o) (__addsf3x)
/usr/lib/gcc/avr/4.8.2/../../../avr/lib/avr51/libm.a(atan2.o)
                              geolocation.o (atan2)
/usr/lib/gcc/avr/4.8.2/../../../avr/lib/avr51/libm.a(atan.o)
                              /usr/lib/gcc/avr/4.8.2/../../../avr/lib/avr51/libm.a(atan2.o) (atan)
/usr/lib/gcc/avr/4.8.2/../../../avr/lib/avr51/libm.a(cmpsf2.o)
                              geolocation.o (__eqsf2)
/usr/lib/gcc/avr/4.8.2/../../../avr/lib/avr51/libm.a(cos.o)
                              geolocation.o (cos)
/usr/lib/gcc/avr/4.8.2/../../../avr/lib/avr51/libm.a(divsf3.o)
                              geolocation.o (__divsf3)
/usr/lib/gcc/avr/4.8.2/../../../avr/lib/avr51/libm.a(divsf3x.o)
                              /usr/lib/gcc/avr/4.8.2/../../../avr/lib/avr51/libm.a(divsf3.o) (__divsf3x)
/usr/lib/gcc/avr/4.8.2/../../../avr/lib/avr51/libm.a(fixsfsi.o)
                              lcd.o (__fixsfsi)
/usr/lib/gcc/avr/4.8.2/../../../avr/lib/avr51/libm.a(fixunssfsi.o)
                              /usr/lib/gcc/avr/4.8.2/../../../avr/lib/avr51/libm.a(fixsfsi.o) (__fixunssfsi)
/usr/lib/gcc/avr/4.8.2/../../../avr/lib/avr51/libm.a(floatsisf.o)
                              lcd.o (__floatsisf)
/usr/lib/gcc/avr/4.8.2/../../../avr/lib/avr51/libm.a(floor.o)
                              lcd.o (floor)
/usr/lib/gcc/avr/4.8.2/../../../avr/lib/avr51/libm.a(fp_cmp.o)
                              /usr/lib/gcc/avr/4.8.2/../../../avr/lib/avr51/libm.a(cmpsf2.o) (__fp_cmp)
/usr/lib/gcc/avr/4.8.2/../../../avr/lib/avr51/libm.a(fp_inf.o)
                              /usr/lib/gcc/avr/4.8.2/../../../avr/lib/avr51/libm.a(addsf3x.o) (__fp_inf)
/usr/lib/gcc/avr/4.8.2/../../../avr/lib/avr51/libm.a(fp_mintl.o)
                              /usr/lib/gcc/avr/4.8.2/../../../avr/lib/avr51/libm.a(floor.o) (__fp_mintl)
/usr/lib/gcc/avr/4.8.2/../../../avr/lib/avr51/libm.a(fp_mpack.o)
                              /usr/lib/gcc/avr/4.8.2/../../../avr/lib/avr51/libm.a(floor.o) (__fp_mpack)
/usr/lib/gcc/avr/4.8.2/../../../avr/lib/avr51/libm.a(fp_nan.o)
                              /usr/lib/gcc/avr/4.8.2/../../../avr/lib/avr51/libm.a(addsf3x.o) (__fp_nan)
/usr/lib/gcc/avr/4.8.2/../../../avr/lib/avr51/libm.a(fp_powser.o)
                              /usr/lib/gcc/avr/4.8.2/../../../avr/lib/avr51/libm.a(atan.o) (__fp_powser)
/usr/lib/gcc/avr/4.8.2/../../../avr/lib/avr51/libm.a(fp_pscA.o)
                              /usr/lib/gcc/avr/4.8.2/../../../avr/lib/avr51/libm.a(addsf3x.o) (__fp_pscA)
/usr/lib/gcc/avr/4.8.2/../../../avr/lib/avr51/libm.a(fp_pscB.o)
                              /usr/lib/gcc/avr/4.8.2/../../../avr/lib/avr51/libm.a(addsf3x.o) (__fp_pscB)
/usr/lib/gcc/avr/4.8.2/../../../avr/lib/avr51/libm.a(fp_rempio2.o)
                              /usr/lib/gcc/avr/4.8.2/../../../avr/lib/avr51/libm.a(cos.o) (__fp_rempio2)
/usr/lib/gcc/avr/4.8.2/../../../avr/lib/avr51/libm.a(fp_round.o)
                              /usr/lib/gcc/avr/4.8.2/../../../avr/lib/avr51/libm.a(addsf3.o) (__fp_round)
/usr/lib/gcc/avr/4.8.2/../../../avr/lib/avr51/libm.a(fp_sinus.o)
                              /usr/lib/gcc/avr/4.8.2/../../../avr/lib/avr51/libm.a(cos.o) (__fp_sinus)
/usr/lib/gcc/avr/4.8.2/../../../avr/lib/avr51/libm.a(fp_split3.o)
                              /usr/lib/gcc/avr/4.8.2/../../../avr/lib/avr51/libm.a(addsf3x.o) (__fp_split3)
/usr/lib/gcc/avr/4.8.2/../../../avr/lib/avr51/libm.a(fp_trunc.o)
                              /usr/lib/gcc/avr/4.8.2/../../../avr/lib/avr51/libm.a(floor.o) (__fp_trunc)
/usr/lib/gcc/avr/4.8.2/../../../avr/lib/avr51/libm.a(fp_zero.o)
                              /usr/lib/gcc/avr/4.8.2/../../../avr/lib/avr51/libm.a(addsf3x.o) (__fp_zero)
/usr/lib/gcc/avr/4.8.2/../../../avr/lib/avr51/libm.a(gesf2.o)
                              geolocation.o (__gesf2)
/usr/lib/gcc/avr/4.8.2/../../../avr/lib/avr51/libm.a(inverse.o)
                              /usr/lib/gcc/avr/4.8.2/../../../avr/lib/avr51/libm.a(atan.o) (inverse)
/usr/lib/gcc/avr/4.8.2/../../../avr/lib/avr51/libm.a(log10.o)
                              lcd.o (log10)
/usr/lib/gcc/avr/4.8.2/../../../avr/lib/avr51/libm.a(log.o)
                              /usr/lib/gcc/avr/4.8.2/../../../avr/lib/avr51/libm.a(log10.o) (log)
/usr/lib/gcc/avr/4.8.2/../../../avr/lib/avr51/libm.a(modf.o)
                              lcd.o (modf)
/usr/lib/gcc/avr/4.8.2/../../../avr/lib/avr51/libm.a(mulsf3.o)
                              lcd.o (__mulsf3)
/usr/lib/gcc/avr/4.8.2/../../../avr/lib/avr51/libm.a(mulsf3x.o)
                              /usr/lib/gcc/avr/4.8.2/../../../avr/lib/avr51/libm.a(atan.o) (__mulsf3x)
/usr/lib/gcc/avr/4.8.2/../../../avr/lib/avr51/libm.a(pow.o)
                              lcd.o (pow)
/usr/lib/gcc/avr/4.8.2/../../../avr/lib/avr51/libm.a(round.o)
                              lcd.o (round)
/usr/lib/gcc/avr/4.8.2/../../../avr/lib/avr51/libm.a(sin.o)
                              geolocation.o (sin)
/usr/lib/gcc/avr/4.8.2/../../../avr/lib/avr51/libm.a(sqrt.o)
                              geolocation.o (sqrt)
/usr/lib/gcc/avr/4.8.2/../../../avr/lib/avr51/libm.a(square.o)
                              /usr/lib/gcc/avr/4.8.2/../../../avr/lib/avr51/libm.a(atan.o) (square)
/usr/lib/gcc/avr/4.8.2/../../../avr/lib/avr51/libm.a(exp.o)
                              /usr/lib/gcc/avr/4.8.2/../../../avr/lib/avr51/libm.a(pow.o) (exp)
/usr/lib/gcc/avr/4.8.2/../../../avr/lib/avr51/libm.a(fp_norm2.o)
                              /usr/lib/gcc/avr/4.8.2/../../../avr/lib/avr51/libm.a(sqrt.o) (__fp_norm2)
/usr/lib/gcc/avr/4.8.2/../../../avr/lib/avr51/libm.a(fp_powsodd.o)
                              /usr/lib/gcc/avr/4.8.2/../../../avr/lib/avr51/libm.a(fp_sinus.o) (__fp_powsodd)
/usr/lib/gcc/avr/4.8.2/../../../avr/lib/avr51/libm.a(ldexp.o)
                              /usr/lib/gcc/avr/4.8.2/../../../avr/lib/avr51/libm.a(exp.o) (ldexp)
/usr/lib/gcc/avr/4.8.2/avr51/libgcc.a(_exit.o)
                              /usr/lib/gcc/avr/4.8.2/../../../avr/lib/avr51/crtm1284p.o (exit)
/usr/lib/gcc/avr/4.8.2/avr51/libgcc.a(_tablejump.o)
                              fmFirmware.o (__tablejump2__)
/usr/lib/gcc/avr/4.8.2/avr51/libgcc.a(_copy_data.o)
                              fmFirmware.o (__do_copy_data)
/usr/lib/gcc/avr/4.8.2/avr51/libgcc.a(_clear_bss.o)
                              fmFirmware.o (__do_clear_bss)
/usr/lib/gcc/avr/4.8.2/../../../avr/lib/avr51/libc.a(malloc.o)
                              fmFirmware.o (malloc)
/usr/lib/gcc/avr/4.8.2/../../../avr/lib/avr51/libc.a(strtod.o)
                              geolocation.o (strtod)
/usr/lib/gcc/avr/4.8.2/../../../avr/lib/avr51/libc.a(isspace.o)
                              /usr/lib/gcc/avr/4.8.2/../../../avr/lib/avr51/libc.a(strtod.o) (isspace)
/usr/lib/gcc/avr/4.8.2/../../../avr/lib/avr51/libc.a(strncasecmp_P.o)
                              /usr/lib/gcc/avr/4.8.2/../../../avr/lib/avr51/libc.a(strtod.o) (strncasecmp_P)
/usr/lib/gcc/avr/4.8.2/../../../avr/lib/avr51/libc.a(strcmp.o)
                              geolocation.o (strcmp)
/usr/lib/gcc/avr/4.8.2/../../../avr/lib/avr51/libc.a(strcpy.o)
                              geolocation.o (strcpy)
/usr/lib/gcc/avr/4.8.2/../../../avr/lib/avr51/libc.a(strncpy.o)
                              geolocation.o (strncpy)
/usr/lib/gcc/avr/4.8.2/../../../avr/lib/avr51/libc.a(strpbrk.o)
                              geolocation.o (strpbrk)
/usr/lib/gcc/avr/4.8.2/../../../avr/lib/avr51/libc.a(sprintf.o)
                              lcd.o (sprintf)
/usr/lib/gcc/avr/4.8.2/../../../avr/lib/avr51/libc.a(vfprintf_std.o)
                              /usr/lib/gcc/avr/4.8.2/../../../avr/lib/avr51/libc.a(sprintf.o) (vfprintf)
/usr/lib/gcc/avr/4.8.2/../../../avr/lib/avr51/libc.a(eerd_block_atmega1284p.o)
                              eeprom.o (__eerd_block_m1284p)
/usr/lib/gcc/avr/4.8.2/../../../avr/lib/avr51/libc.a(eerd_byte_atmega1284p.o)
                              eeprom.o (__eerd_byte_m1284p)
/usr/lib/gcc/avr/4.8.2/../../../avr/lib/avr51/libc.a(eerd_dword_atmega1284p.o)
                              eeprom.o (__eerd_float_m1284p)
/usr/lib/gcc/avr/4.8.2/../../../avr/lib/avr51/libc.a(eewr_byte_atmega1284p.o)
                              fmFirmware.o (__eewr_byte_m1284p)
/usr/lib/gcc/avr/4.8.2/../../../avr/lib/avr51/libc.a(errno.o)
                              /usr/lib/gcc/avr/4.8.2/../../../avr/lib/avr51/libc.a(strtod.o) (errno)
/usr/lib/gcc/avr/4.8.2/../../../avr/lib/avr51/libc.a(cty_isfalse.o)
                              /usr/lib/gcc/avr/4.8.2/../../../avr/lib/avr51/libc.a(isspace.o) (__ctype_isfalse)
/usr/lib/gcc/avr/4.8.2/../../../avr/lib/avr51/libc.a(strnlen_P.o)
                              /usr/lib/gcc/avr/4.8.2/../../../avr/lib/avr51/libc.a(vfprintf_std.o) (strnlen_P)
/usr/lib/gcc/avr/4.8.2/../../../avr/lib/avr51/libc.a(strnlen.o)
                              /usr/lib/gcc/avr/4.8.2/../../../avr/lib/avr51/libc.a(vfprintf_std.o) (strnlen)
/usr/lib/gcc/avr/4.8.2/../../../avr/lib/avr51/libc.a(fputc.o)
                              /usr/lib/gcc/avr/4.8.2/../../../avr/lib/avr51/libc.a(vfprintf_std.o) (fputc)
/usr/lib/gcc/avr/4.8.2/../../../avr/lib/avr51/libc.a(ultoa_invert.o)
                              /usr/lib/gcc/avr/4.8.2/../../../avr/lib/avr51/libc.a(vfprintf_std.o) (__ultoa_invert)
/usr/lib/gcc/avr/4.8.2/avr51/libgcc.a(_muluhisi3.o)
                              /usr/lib/gcc/avr/4.8.2/../../../avr/lib/avr51/libc.a(strtod.o) (__muluhisi3)
/usr/lib/gcc/avr/4.8.2/avr51/libgcc.a(_umulhisi3.o)
                              /usr/lib/gcc/avr/4.8.2/avr51/libgcc.a(_muluhisi3.o) (__umulhisi3)

Allocating common symbols
Common symbol       size              file

all_stations        0x2               fmFirmware.o
errno               0x2               /usr/lib/gcc/avr/4.8.2/../../../avr/lib/avr51/libc.a(errno.o)
__brkval            0x2               /usr/lib/gcc/avr/4.8.2/../../../avr/lib/avr51/libc.a(malloc.o)
user                0x2               fmFirmware.o
rxBuffer            0x80              fmFirmware.o
gps_data            0x1a              fmFirmware.o
__flp               0x2               /usr/lib/gcc/avr/4.8.2/../../../avr/lib/avr51/libc.a(malloc.o)

Memory Configuration

Name             Origin             Length             Attributes
text             0x0000000000000000 0x0000000000020000 xr
data             0x0000000000800100 0x000000000000ff00 rw !x
eeprom           0x0000000000810000 0x0000000000010000 rw !x
fuse             0x0000000000820000 0x0000000000000400 rw !x
lock             0x0000000000830000 0x0000000000000400 rw !x
signature        0x0000000000840000 0x0000000000000400 rw !x
user_signatures  0x0000000000850000 0x0000000000000400 rw !x
*default*        0x0000000000000000 0xffffffffffffffff

Linker script and memory map

Address of section .data set to 0x800100
LOAD /usr/lib/gcc/avr/4.8.2/../../../avr/lib/avr51/crtm1284p.o
LOAD fmFirmware.o
LOAD lcd.o
LOAD geolocation.o
LOAD eeprom.o
LOAD /usr/lib/gcc/avr/4.8.2/../../../avr/lib/avr51/libm.a
START GROUP
LOAD /usr/lib/gcc/avr/4.8.2/avr51/libgcc.a
LOAD /usr/lib/gcc/avr/4.8.2/../../../avr/lib/avr51/libm.a
LOAD /usr/lib/gcc/avr/4.8.2/../../../avr/lib/avr51/libc.a
END GROUP

.hash
 *(.hash)

.dynsym
 *(.dynsym)

.dynstr
 *(.dynstr)

.gnu.version
 *(.gnu.version)

.gnu.version_d
 *(.gnu.version_d)

.gnu.version_r
 *(.gnu.version_r)

.rel.init
 *(.rel.init)

.rela.init
 *(.rela.init)

.rel.text
 *(.rel.text)
 *(.rel.text.*)
 *(.rel.gnu.linkonce.t*)

.rela.text
 *(.rela.text)
 *(.rela.text.*)
 *(.rela.gnu.linkonce.t*)

.rel.fini
 *(.rel.fini)

.rela.fini
 *(.rela.fini)

.rel.rodata
 *(.rel.rodata)
 *(.rel.rodata.*)
 *(.rel.gnu.linkonce.r*)

.rela.rodata
 *(.rela.rodata)
 *(.rela.rodata.*)
 *(.rela.gnu.linkonce.r*)

.rel.data
 *(.rel.data)
 *(.rel.data.*)
 *(.rel.gnu.linkonce.d*)

.rela.data
 *(.rela.data)
 *(.rela.data.*)
 *(.rela.gnu.linkonce.d*)

.rel.ctors
 *(.rel.ctors)

.rela.ctors
 *(.rela.ctors)

.rel.dtors
 *(.rel.dtors)

.rela.dtors
 *(.rela.dtors)

.rel.got
 *(.rel.got)

.rela.got
 *(.rela.got)

.rel.bss
 *(.rel.bss)

.rela.bss
 *(.rela.bss)

.rel.plt
 *(.rel.plt)

.rela.plt
 *(.rela.plt)

.text           0x0000000000000000     0x386e
 *(.vectors)
 .vectors       0x0000000000000000       0x8c /usr/lib/gcc/avr/4.8.2/../../../avr/lib/avr51/crtm1284p.o
                0x0000000000000000                __vectors
                0x0000000000000000                __vector_default
 *(.vectors)
 *(.progmem.gcc*)
 .progmem.gcc_sw_table
                0x000000000000008c       0x28 fmFirmware.o
 .progmem.gcc_fplib
                0x00000000000000b4       0x2d /usr/lib/gcc/avr/4.8.2/../../../avr/lib/avr51/libm.a(atan.o)
 .progmem.gcc_fplib
                0x00000000000000e1       0x1e /usr/lib/gcc/avr/4.8.2/../../../avr/lib/avr51/libm.a(fp_sinus.o)
 .progmem.gcc_fplib
                0x00000000000000ff       0x5a /usr/lib/gcc/avr/4.8.2/../../../avr/lib/avr51/libm.a(log.o)
 .progmem.gcc_fplib
                0x0000000000000159       0x28 /usr/lib/gcc/avr/4.8.2/../../../avr/lib/avr51/libm.a(exp.o)
 *(.progmem*)
 .progmem.data  0x0000000000000181       0x3b /usr/lib/gcc/avr/4.8.2/../../../avr/lib/avr51/libc.a(strtod.o)
                0x00000000000001bc                . = ALIGN (0x2)
                0x00000000000001bc                __trampolines_start = .
 *(.trampolines)
 .trampolines   0x00000000000001bc        0x0 linker stubs
 *(.trampolines*)
                0x00000000000001bc                __trampolines_end = .
 *(.jumptables)
 *(.jumptables*)
 *(.lowtext)
 *(.lowtext*)
                0x00000000000001bc                __ctors_start = .
 *(.ctors)
                0x00000000000001bc                __ctors_end = .
                0x00000000000001bc                __dtors_start = .
 *(.dtors)
                0x00000000000001bc                __dtors_end = .
 SORT(*)(.ctors)
 SORT(*)(.dtors)
 *(.init0)
 .init0         0x00000000000001bc        0x0 /usr/lib/gcc/avr/4.8.2/../../../avr/lib/avr51/crtm1284p.o
                0x00000000000001bc                __init
 *(.init0)
 *(.init1)
 *(.init1)
 *(.init2)
 .init2         0x00000000000001bc        0xc /usr/lib/gcc/avr/4.8.2/../../../avr/lib/avr51/crtm1284p.o
 *(.init2)
 *(.init3)
 *(.init3)
 *(.init4)
 .init4         0x00000000000001c8       0x1a /usr/lib/gcc/avr/4.8.2/avr51/libgcc.a(_copy_data.o)
                0x00000000000001c8                __do_copy_data
 .init4         0x00000000000001e2       0x10 /usr/lib/gcc/avr/4.8.2/avr51/libgcc.a(_clear_bss.o)
                0x00000000000001e2                __do_clear_bss
 *(.init4)
 *(.init5)
 *(.init5)
 *(.init6)
 *(.init6)
 *(.init7)
 *(.init7)
 *(.init8)
 *(.init8)
 *(.init9)
 .init9         0x00000000000001f2        0x8 /usr/lib/gcc/avr/4.8.2/../../../avr/lib/avr51/crtm1284p.o
 *(.init9)
 *(.text)
 .text          0x00000000000001fa        0x4 /usr/lib/gcc/avr/4.8.2/../../../avr/lib/avr51/crtm1284p.o
                0x00000000000001fa                __vector_22
                0x00000000000001fa                __vector_1
                0x00000000000001fa                __vector_32
                0x00000000000001fa                __vector_34
                0x00000000000001fa                __vector_24
                0x00000000000001fa                __vector_12
                0x00000000000001fa                __bad_interrupt
                0x00000000000001fa                __vector_6
                0x00000000000001fa                __vector_31
                0x00000000000001fa                __vector_3
                0x00000000000001fa                __vector_23
                0x00000000000001fa                __vector_30
                0x00000000000001fa                __vector_25
                0x00000000000001fa                __vector_11
                0x00000000000001fa                __vector_13
                0x00000000000001fa                __vector_17
                0x00000000000001fa                __vector_19
                0x00000000000001fa                __vector_7
                0x00000000000001fa                __vector_27
                0x00000000000001fa                __vector_5
                0x00000000000001fa                __vector_33
                0x00000000000001fa                __vector_4
                0x00000000000001fa                __vector_9
                0x00000000000001fa                __vector_2
                0x00000000000001fa                __vector_21
                0x00000000000001fa                __vector_15
                0x00000000000001fa                __vector_29
                0x00000000000001fa                __vector_8
                0x00000000000001fa                __vector_26
                0x00000000000001fa                __vector_14
                0x00000000000001fa                __vector_10
                0x00000000000001fa                __vector_16
                0x00000000000001fa                __vector_18
 .text          0x00000000000001fe      0xf20 fmFirmware.o
                0x00000000000001fe                InitUSART
                0x000000000000024e                disable_gps
                0x000000000000025a                __vector_20
                0x0000000000000396                enable_gps
                0x00000000000003a2                prepare_device
                0x00000000000003c6                database_load
                0x0000000000000528                database_free
                0x0000000000000546                detectSerialStart
                0x0000000000000570                __vector_28
                0x0000000000000618                detectSerialEnd
                0x0000000000000642                getChar
                0x0000000000000664                peekChar
                0x0000000000000682                terminate_serial
                0x00000000000006f8                print_eeprom_contents
                0x0000000000000764                print_eeprom_station_contents
                0x00000000000007bc                wait_for_update
                0x00000000000007d6                print_gps_data
                0x0000000000000976                print_raw_gps_data
                0x0000000000000a6a                wipe_eeprom
                0x0000000000000aa2                print_callsign
                0x0000000000000ae2                check_database_integrity
                0x0000000000000be8                print_all_callsigns
                0x0000000000000ca2                print_station
                0x0000000000000e52                print_all_known_stations
                0x0000000000000eda                show_nearest_station
                0x0000000000000fd4                test_earth_distance
                0x00000000000010c8                wait_for_gps_lock
 .text          0x000000000000111e      0x5d2 lcd.o
                0x000000000000111e                datarw
                0x0000000000001130                lcd_init
                0x00000000000012a2                letterwrite
                0x00000000000012e2                instruction_read
                0x00000000000013ba                get_current_address
                0x00000000000013c6                write_db74
                0x00000000000013f0                set_ddram_address
                0x0000000000001448                data_write
                0x00000000000014a0                char_write
                0x0000000000001508                string_write
                0x000000000000154c                string_write_int
                0x000000000000159a                string_write_float
                0x0000000000001694                string_write_numchars
 .text          0x00000000000016f0      0x8ee geolocation.o
                0x00000000000016f0                tag_check
                0x0000000000001758                strtok_single
                0x0000000000001798                parse_nmea
                0x0000000000001838                wipe_chars
                0x000000000000184c                lat2dec
                0x0000000000001904                lon2dec
                0x00000000000019d6                update_user_gps_data
                0x0000000000001c12                earth_distance
                0x0000000000001dd4                get_nearest_station
                0x0000000000001ef4                my_distance_to_station
                0x0000000000001f4e                to_radians
                0x0000000000001f68                gps_locked
 .text          0x0000000000001fde       0x14 eeprom.o
                0x0000000000001fde                my_eeprom_read_int
                0x0000000000001fe6                my_eeprom_read_char
                0x0000000000001fea                my_eeprom_read_float
                0x0000000000001fee                my_eeprom_read_string
 .text          0x0000000000001ff2        0x0 /usr/lib/gcc/avr/4.8.2/../../../avr/lib/avr51/libm.a(addsf3.o)
 .text          0x0000000000001ff2        0x0 /usr/lib/gcc/avr/4.8.2/../../../avr/lib/avr51/libm.a(addsf3x.o)
 .text          0x0000000000001ff2        0x0 /usr/lib/gcc/avr/4.8.2/../../../avr/lib/avr51/libm.a(atan2.o)
 .text          0x0000000000001ff2        0x0 /usr/lib/gcc/avr/4.8.2/../../../avr/lib/avr51/libm.a(atan.o)
 .text          0x0000000000001ff2        0x0 /usr/lib/gcc/avr/4.8.2/../../../avr/lib/avr51/libm.a(cmpsf2.o)
 .text          0x0000000000001ff2        0x0 /usr/lib/gcc/avr/4.8.2/../../../avr/lib/avr51/libm.a(cos.o)
 .text          0x0000000000001ff2        0x0 /usr/lib/gcc/avr/4.8.2/../../../avr/lib/avr51/libm.a(divsf3.o)
 .text          0x0000000000001ff2        0x0 /usr/lib/gcc/avr/4.8.2/../../../avr/lib/avr51/libm.a(divsf3x.o)
 .text          0x0000000000001ff2        0x0 /usr/lib/gcc/avr/4.8.2/../../../avr/lib/avr51/libm.a(fixsfsi.o)
 .text          0x0000000000001ff2        0x0 /usr/lib/gcc/avr/4.8.2/../../../avr/lib/avr51/libm.a(fixunssfsi.o)
 .text          0x0000000000001ff2        0x0 /usr/lib/gcc/avr/4.8.2/../../../avr/lib/avr51/libm.a(floatsisf.o)
 .text          0x0000000000001ff2        0x0 /usr/lib/gcc/avr/4.8.2/../../../avr/lib/avr51/libm.a(floor.o)
 .text          0x0000000000001ff2        0x0 /usr/lib/gcc/avr/4.8.2/../../../avr/lib/avr51/libm.a(fp_cmp.o)
 .text          0x0000000000001ff2        0x0 /usr/lib/gcc/avr/4.8.2/../../../avr/lib/avr51/libm.a(fp_inf.o)
 .text          0x0000000000001ff2        0x0 /usr/lib/gcc/avr/4.8.2/../../../avr/lib/avr51/libm.a(fp_mintl.o)
 .text          0x0000000000001ff2        0x0 /usr/lib/gcc/avr/4.8.2/../../../avr/lib/avr51/libm.a(fp_mpack.o)
 .text          0x0000000000001ff2        0x0 /usr/lib/gcc/avr/4.8.2/../../../avr/lib/avr51/libm.a(fp_nan.o)
 .text          0x0000000000001ff2        0x0 /usr/lib/gcc/avr/4.8.2/../../../avr/lib/avr51/libm.a(fp_powser.o)
 .text          0x0000000000001ff2        0x0 /usr/lib/gcc/avr/4.8.2/../../../avr/lib/avr51/libm.a(fp_pscA.o)
 .text          0x0000000000001ff2        0x0 /usr/lib/gcc/avr/4.8.2/../../../avr/lib/avr51/libm.a(fp_pscB.o)
 .text          0x0000000000001ff2        0x0 /usr/lib/gcc/avr/4.8.2/../../../avr/lib/avr51/libm.a(fp_rempio2.o)
 .text          0x0000000000001ff2        0x0 /usr/lib/gcc/avr/4.8.2/../../../avr/lib/avr51/libm.a(fp_round.o)
 .text          0x0000000000001ff2        0x0 /usr/lib/gcc/avr/4.8.2/../../../avr/lib/avr51/libm.a(fp_sinus.o)
 .text          0x0000000000001ff2        0x0 /usr/lib/gcc/avr/4.8.2/../../../avr/lib/avr51/libm.a(fp_split3.o)
 .text          0x0000000000001ff2        0x0 /usr/lib/gcc/avr/4.8.2/../../../avr/lib/avr51/libm.a(fp_trunc.o)
 .text          0x0000000000001ff2        0x0 /usr/lib/gcc/avr/4.8.2/../../../avr/lib/avr51/libm.a(fp_zero.o)
 .text          0x0000000000001ff2        0x0 /usr/lib/gcc/avr/4.8.2/../../../avr/lib/avr51/libm.a(gesf2.o)
 .text          0x0000000000001ff2        0x0 /usr/lib/gcc/avr/4.8.2/../../../avr/lib/avr51/libm.a(inverse.o)
 .text          0x0000000000001ff2        0x0 /usr/lib/gcc/avr/4.8.2/../../../avr/lib/avr51/libm.a(log10.o)
 .text          0x0000000000001ff2        0x0 /usr/lib/gcc/avr/4.8.2/../../../avr/lib/avr51/libm.a(log.o)
 .text          0x0000000000001ff2        0x0 /usr/lib/gcc/avr/4.8.2/../../../avr/lib/avr51/libm.a(modf.o)
 .text          0x0000000000001ff2        0x0 /usr/lib/gcc/avr/4.8.2/../../../avr/lib/avr51/libm.a(mulsf3.o)
 .text          0x0000000000001ff2        0x0 /usr/lib/gcc/avr/4.8.2/../../../avr/lib/avr51/libm.a(mulsf3x.o)
 .text          0x0000000000001ff2        0x0 /usr/lib/gcc/avr/4.8.2/../../../avr/lib/avr51/libm.a(pow.o)
 .text          0x0000000000001ff2        0x0 /usr/lib/gcc/avr/4.8.2/../../../avr/lib/avr51/libm.a(round.o)
 .text          0x0000000000001ff2        0x0 /usr/lib/gcc/avr/4.8.2/../../../avr/lib/avr51/libm.a(sin.o)
 .text          0x0000000000001ff2        0x0 /usr/lib/gcc/avr/4.8.2/../../../avr/lib/avr51/libm.a(sqrt.o)
 .text          0x0000000000001ff2        0x0 /usr/lib/gcc/avr/4.8.2/../../../avr/lib/avr51/libm.a(square.o)
 .text          0x0000000000001ff2        0x0 /usr/lib/gcc/avr/4.8.2/../../../avr/lib/avr51/libm.a(exp.o)
 .text          0x0000000000001ff2        0x0 /usr/lib/gcc/avr/4.8.2/../../../avr/lib/avr51/libm.a(fp_norm2.o)
 .text          0x0000000000001ff2        0x0 /usr/lib/gcc/avr/4.8.2/../../../avr/lib/avr51/libm.a(fp_powsodd.o)
 .text          0x0000000000001ff2        0x0 /usr/lib/gcc/avr/4.8.2/../../../avr/lib/avr51/libm.a(ldexp.o)
 .text          0x0000000000001ff2        0x0 /usr/lib/gcc/avr/4.8.2/avr51/libgcc.a(_exit.o)
 .text          0x0000000000001ff2        0x0 /usr/lib/gcc/avr/4.8.2/avr51/libgcc.a(_tablejump.o)
 .text          0x0000000000001ff2        0x0 /usr/lib/gcc/avr/4.8.2/avr51/libgcc.a(_copy_data.o)
 .text          0x0000000000001ff2        0x0 /usr/lib/gcc/avr/4.8.2/avr51/libgcc.a(_clear_bss.o)
 .text          0x0000000000001ff2        0x0 /usr/lib/gcc/avr/4.8.2/../../../avr/lib/avr51/libc.a(malloc.o)
 .text          0x0000000000001ff2        0x0 /usr/lib/gcc/avr/4.8.2/../../../avr/lib/avr51/libc.a(strtod.o)
 .text          0x0000000000001ff2        0x0 /usr/lib/gcc/avr/4.8.2/../../../avr/lib/avr51/libc.a(isspace.o)
 .text          0x0000000000001ff2        0x0 /usr/lib/gcc/avr/4.8.2/../../../avr/lib/avr51/libc.a(strncasecmp_P.o)
 .text          0x0000000000001ff2        0x0 /usr/lib/gcc/avr/4.8.2/../../../avr/lib/avr51/libc.a(strcmp.o)
 .text          0x0000000000001ff2        0x0 /usr/lib/gcc/avr/4.8.2/../../../avr/lib/avr51/libc.a(strcpy.o)
 .text          0x0000000000001ff2        0x0 /usr/lib/gcc/avr/4.8.2/../../../avr/lib/avr51/libc.a(strncpy.o)
 .text          0x0000000000001ff2        0x0 /usr/lib/gcc/avr/4.8.2/../../../avr/lib/avr51/libc.a(strpbrk.o)
 .text          0x0000000000001ff2        0x0 /usr/lib/gcc/avr/4.8.2/../../../avr/lib/avr51/libc.a(sprintf.o)
 .text          0x0000000000001ff2        0x0 /usr/lib/gcc/avr/4.8.2/../../../avr/lib/avr51/libc.a(vfprintf_std.o)
 .text          0x0000000000001ff2        0x0 /usr/lib/gcc/avr/4.8.2/../../../avr/lib/avr51/libc.a(eerd_block_atmega1284p.o)
 .text          0x0000000000001ff2        0x0 /usr/lib/gcc/avr/4.8.2/../../../avr/lib/avr51/libc.a(eerd_byte_atmega1284p.o)
 .text          0x0000000000001ff2        0x0 /usr/lib/gcc/avr/4.8.2/../../../avr/lib/avr51/libc.a(eerd_dword_atmega1284p.o)
 .text          0x0000000000001ff2        0x0 /usr/lib/gcc/avr/4.8.2/../../../avr/lib/avr51/libc.a(eewr_byte_atmega1284p.o)
 .text          0x0000000000001ff2        0x0 /usr/lib/gcc/avr/4.8.2/../../../avr/lib/avr51/libc.a(errno.o)
 .text          0x0000000000001ff2        0x0 /usr/lib/gcc/avr/4.8.2/../../../avr/lib/avr51/libc.a(cty_isfalse.o)
 .text          0x0000000000001ff2        0x0 /usr/lib/gcc/avr/4.8.2/../../../avr/lib/avr51/libc.a(strnlen_P.o)
 .text          0x0000000000001ff2        0x0 /usr/lib/gcc/avr/4.8.2/../../../avr/lib/avr51/libc.a(strnlen.o)
 .text          0x0000000000001ff2        0x0 /usr/lib/gcc/avr/4.8.2/../../../avr/lib/avr51/libc.a(fputc.o)
 .text          0x0000000000001ff2        0x0 /usr/lib/gcc/avr/4.8.2/../../../avr/lib/avr51/libc.a(ultoa_invert.o)
 .text          0x0000000000001ff2        0x0 /usr/lib/gcc/avr/4.8.2/avr51/libgcc.a(_muluhisi3.o)
 .text          0x0000000000001ff2        0x0 /usr/lib/gcc/avr/4.8.2/avr51/libgcc.a(_umulhisi3.o)
                0x0000000000001ff2                . = ALIGN (0x2)
 *(.text.*)
 .text.startup  0x0000000000001ff2      0x280 fmFirmware.o
                0x0000000000001ff2                main
 .text.avr-libc.fplib
                0x0000000000002272        0xa /usr/lib/gcc/avr/4.8.2/../../../avr/lib/avr51/libm.a(addsf3.o)
                0x0000000000002272                __subsf3
                0x0000000000002274                __addsf3
 .text.avr-libc.fplib
                0x000000000000227c       0xc0 /usr/lib/gcc/avr/4.8.2/../../../avr/lib/avr51/libm.a(addsf3x.o)
                0x0000000000002296                __addsf3x
 .text.avr-libc.fplib
                0x000000000000233c       0x74 /usr/lib/gcc/avr/4.8.2/../../../avr/lib/avr51/libm.a(atan2.o)
                0x000000000000235a                atan2
 .text.avr-libc.fplib
                0x00000000000023b0       0x50 /usr/lib/gcc/avr/4.8.2/../../../avr/lib/avr51/libm.a(atan.o)
                0x00000000000023b0                atan
 .text.avr-libc.fplib
                0x0000000000002400        0x8 /usr/lib/gcc/avr/4.8.2/../../../avr/lib/avr51/libm.a(cmpsf2.o)
                0x0000000000002400                __lesf2
                0x0000000000002400                __nesf2
                0x0000000000002400                __eqsf2
                0x0000000000002400                __cmpsf2
                0x0000000000002400                __ltsf2
 .text.avr-libc.fplib
                0x0000000000002408        0x6 /usr/lib/gcc/avr/4.8.2/../../../avr/lib/avr51/libm.a(cos.o)
                0x0000000000002408                cos
 .text.avr-libc.fplib
                0x000000000000240e        0x4 /usr/lib/gcc/avr/4.8.2/../../../avr/lib/avr51/libm.a(divsf3.o)
                0x000000000000240e                __divsf3
 .text.avr-libc.fplib
                0x0000000000002412       0xcc /usr/lib/gcc/avr/4.8.2/../../../avr/lib/avr51/libm.a(divsf3x.o)
                0x0000000000002428                __divsf3x
                0x000000000000242c                __divsf3_pse
 .text.avr-libc.fplib
                0x00000000000024de        0xa /usr/lib/gcc/avr/4.8.2/../../../avr/lib/avr51/libm.a(fixsfsi.o)
                0x00000000000024de                __fixsfsi
 .text.avr-libc.fplib
                0x00000000000024e8       0x58 /usr/lib/gcc/avr/4.8.2/../../../avr/lib/avr51/libm.a(fixunssfsi.o)
                0x00000000000024e8                __fixunssfsi
 .text.avr-libc.fplib
                0x0000000000002540       0x7a /usr/lib/gcc/avr/4.8.2/../../../avr/lib/avr51/libm.a(floatsisf.o)
                0x0000000000002540                __floatunsisf
                0x0000000000002544                __floatsisf
 .text.avr-libc.fplib
                0x00000000000025ba       0x26 /usr/lib/gcc/avr/4.8.2/../../../avr/lib/avr51/libm.a(floor.o)
                0x00000000000025ba                floor
 .text.avr-libc.fplib
                0x00000000000025e0       0x48 /usr/lib/gcc/avr/4.8.2/../../../avr/lib/avr51/libm.a(fp_cmp.o)
                0x00000000000025e0                __fp_cmp
 .text.avr-libc.fplib
                0x0000000000002628        0xc /usr/lib/gcc/avr/4.8.2/../../../avr/lib/avr51/libm.a(fp_inf.o)
                0x0000000000002628                __fp_inf
 .text.avr-libc.fplib
                0x0000000000002634       0x36 /usr/lib/gcc/avr/4.8.2/../../../avr/lib/avr51/libm.a(fp_mintl.o)
                0x0000000000002634                __fp_mintl
 .text.avr-libc.fplib
                0x000000000000266a       0x1c /usr/lib/gcc/avr/4.8.2/../../../avr/lib/avr51/libm.a(fp_mpack.o)
                0x000000000000266a                __fp_mpack
                0x000000000000266e                __fp_mpack_finite
 .text.avr-libc.fplib
                0x0000000000002686        0x6 /usr/lib/gcc/avr/4.8.2/../../../avr/lib/avr51/libm.a(fp_nan.o)
                0x0000000000002686                __fp_nan
 .text.avr-libc.fplib
                0x000000000000268c       0x4a /usr/lib/gcc/avr/4.8.2/../../../avr/lib/avr51/libm.a(fp_powser.o)
                0x000000000000268c                __fp_powser
 .text.avr-libc.fplib
                0x00000000000026d6        0xe /usr/lib/gcc/avr/4.8.2/../../../avr/lib/avr51/libm.a(fp_pscA.o)
                0x00000000000026d6                __fp_pscA
 .text.avr-libc.fplib
                0x00000000000026e4        0xe /usr/lib/gcc/avr/4.8.2/../../../avr/lib/avr51/libm.a(fp_pscB.o)
                0x00000000000026e4                __fp_pscB
 .text.avr-libc.fplib
                0x00000000000026f2       0x50 /usr/lib/gcc/avr/4.8.2/../../../avr/lib/avr51/libm.a(fp_rempio2.o)
                0x00000000000026f4                __fp_rempio2
 .text.avr-libc.fplib
                0x0000000000002742       0x22 /usr/lib/gcc/avr/4.8.2/../../../avr/lib/avr51/libm.a(fp_round.o)
                0x0000000000002742                __fp_round
 .text.avr-libc.fplib
                0x0000000000002764       0x22 /usr/lib/gcc/avr/4.8.2/../../../avr/lib/avr51/libm.a(fp_sinus.o)
                0x0000000000002764                __fp_sinus
 .text.avr-libc.fplib
                0x0000000000002786       0x44 /usr/lib/gcc/avr/4.8.2/../../../avr/lib/avr51/libm.a(fp_split3.o)
                0x0000000000002786                __fp_split3
                0x0000000000002796                __fp_splitA
 .text.avr-libc.fplib
                0x00000000000027ca       0x2e /usr/lib/gcc/avr/4.8.2/../../../avr/lib/avr51/libm.a(fp_trunc.o)
                0x00000000000027ca                __fp_trunc
 .text.avr-libc.fplib
                0x00000000000027f8        0xe /usr/lib/gcc/avr/4.8.2/../../../avr/lib/avr51/libm.a(fp_zero.o)
                0x00000000000027f8                __fp_zero
                0x00000000000027fa                __fp_szero
 .text.avr-libc.fplib
                0x0000000000002806        0x8 /usr/lib/gcc/avr/4.8.2/../../../avr/lib/avr51/libm.a(gesf2.o)
                0x0000000000002806                __gtsf2
                0x0000000000002806                __gesf2
 .text.avr-libc.fplib
                0x000000000000280e        0xe /usr/lib/gcc/avr/4.8.2/../../../avr/lib/avr51/libm.a(inverse.o)
                0x000000000000280e                inverse
 .text.avr-libc.fplib
                0x000000000000281c        0xc /usr/lib/gcc/avr/4.8.2/../../../avr/lib/avr51/libm.a(log10.o)
                0x000000000000281c                log10
 .text.avr-libc.fplib
                0x0000000000002828       0x8a /usr/lib/gcc/avr/4.8.2/../../../avr/lib/avr51/libm.a(log.o)
                0x0000000000002832                log
 .text.avr-libc.fplib
                0x00000000000028b2       0x66 /usr/lib/gcc/avr/4.8.2/../../../avr/lib/avr51/libm.a(modf.o)
                0x00000000000028b2                modff
                0x00000000000028b2                modf
 .text.avr-libc.fplib
                0x0000000000002918        0x4 /usr/lib/gcc/avr/4.8.2/../../../avr/lib/avr51/libm.a(mulsf3.o)
                0x0000000000002918                __mulsf3
 .text.avr-libc.fplib
                0x000000000000291c       0xc2 /usr/lib/gcc/avr/4.8.2/../../../avr/lib/avr51/libm.a(mulsf3x.o)
                0x0000000000002930                __mulsf3x
                0x0000000000002934                __mulsf3_pse
 .text.avr-libc.fplib
                0x00000000000029de       0x98 /usr/lib/gcc/avr/4.8.2/../../../avr/lib/avr51/libm.a(pow.o)
                0x00000000000029de                pow
 .text.avr-libc.fplib
                0x0000000000002a76       0x40 /usr/lib/gcc/avr/4.8.2/../../../avr/lib/avr51/libm.a(round.o)
                0x0000000000002a76                round
 .text.avr-libc.fplib
                0x0000000000002ab6        0xc /usr/lib/gcc/avr/4.8.2/../../../avr/lib/avr51/libm.a(sin.o)
                0x0000000000002ab6                sin
 .text.avr-libc.fplib
                0x0000000000002ac2       0x84 /usr/lib/gcc/avr/4.8.2/../../../avr/lib/avr51/libm.a(sqrt.o)
                0x0000000000002aca                sqrt
 .text.avr-libc.fplib
                0x0000000000002b46        0x6 /usr/lib/gcc/avr/4.8.2/../../../avr/lib/avr51/libm.a(square.o)
                0x0000000000002b46                square
 .text.avr-libc.fplib
                0x0000000000002b4c       0x62 /usr/lib/gcc/avr/4.8.2/../../../avr/lib/avr51/libm.a(exp.o)
                0x0000000000002b56                exp
 .text.avr-libc.fplib
                0x0000000000002bae        0xe /usr/lib/gcc/avr/4.8.2/../../../avr/lib/avr51/libm.a(fp_norm2.o)
                0x0000000000002bae                __fp_norm2
 .text.avr-libc.fplib
                0x0000000000002bbc       0x22 /usr/lib/gcc/avr/4.8.2/../../../avr/lib/avr51/libm.a(fp_powsodd.o)
                0x0000000000002bbc                __fp_powsodd
 .text.avr-libc.fplib
                0x0000000000002bde       0x6c /usr/lib/gcc/avr/4.8.2/../../../avr/lib/avr51/libm.a(ldexp.o)
                0x0000000000002be2                ldexp
 .text.libgcc.mul
                0x0000000000002c4a        0x0 /usr/lib/gcc/avr/4.8.2/avr51/libgcc.a(_exit.o)
 .text.libgcc.div
                0x0000000000002c4a        0x0 /usr/lib/gcc/avr/4.8.2/avr51/libgcc.a(_exit.o)
 .text.libgcc   0x0000000000002c4a        0x0 /usr/lib/gcc/avr/4.8.2/avr51/libgcc.a(_exit.o)
 .text.libgcc.prologue
                0x0000000000002c4a        0x0 /usr/lib/gcc/avr/4.8.2/avr51/libgcc.a(_exit.o)
 .text.libgcc.builtins
                0x0000000000002c4a        0x0 /usr/lib/gcc/avr/4.8.2/avr51/libgcc.a(_exit.o)
 .text.libgcc.fmul
                0x0000000000002c4a        0x0 /usr/lib/gcc/avr/4.8.2/avr51/libgcc.a(_exit.o)
 .text.libgcc.fixed
                0x0000000000002c4a        0x0 /usr/lib/gcc/avr/4.8.2/avr51/libgcc.a(_exit.o)
 .text.libgcc.mul
                0x0000000000002c4a        0x0 /usr/lib/gcc/avr/4.8.2/avr51/libgcc.a(_tablejump.o)
 .text.libgcc.div
                0x0000000000002c4a        0x0 /usr/lib/gcc/avr/4.8.2/avr51/libgcc.a(_tablejump.o)
 .text.libgcc   0x0000000000002c4a        0xc /usr/lib/gcc/avr/4.8.2/avr51/libgcc.a(_tablejump.o)
                0x0000000000002c4a                __tablejump2__
                0x0000000000002c4e                __tablejump__
 .text.libgcc.prologue
                0x0000000000002c56        0x0 /usr/lib/gcc/avr/4.8.2/avr51/libgcc.a(_tablejump.o)
 .text.libgcc.builtins
                0x0000000000002c56        0x0 /usr/lib/gcc/avr/4.8.2/avr51/libgcc.a(_tablejump.o)
 .text.libgcc.fmul
                0x0000000000002c56        0x0 /usr/lib/gcc/avr/4.8.2/avr51/libgcc.a(_tablejump.o)
 .text.libgcc.fixed
                0x0000000000002c56        0x0 /usr/lib/gcc/avr/4.8.2/avr51/libgcc.a(_tablejump.o)
 .text.libgcc.mul
                0x0000000000002c56        0x0 /usr/lib/gcc/avr/4.8.2/avr51/libgcc.a(_copy_data.o)
 .text.libgcc.div
                0x0000000000002c56        0x0 /usr/lib/gcc/avr/4.8.2/avr51/libgcc.a(_copy_data.o)
 .text.libgcc   0x0000000000002c56        0x0 /usr/lib/gcc/avr/4.8.2/avr51/libgcc.a(_copy_data.o)
 .text.libgcc.prologue
                0x0000000000002c56        0x0 /usr/lib/gcc/avr/4.8.2/avr51/libgcc.a(_copy_data.o)
 .text.libgcc.builtins
                0x0000000000002c56        0x0 /usr/lib/gcc/avr/4.8.2/avr51/libgcc.a(_copy_data.o)
 .text.libgcc.fmul
                0x0000000000002c56        0x0 /usr/lib/gcc/avr/4.8.2/avr51/libgcc.a(_copy_data.o)
 .text.libgcc.fixed
                0x0000000000002c56        0x0 /usr/lib/gcc/avr/4.8.2/avr51/libgcc.a(_copy_data.o)
 .text.libgcc.mul
                0x0000000000002c56        0x0 /usr/lib/gcc/avr/4.8.2/avr51/libgcc.a(_clear_bss.o)
 .text.libgcc.div
                0x0000000000002c56        0x0 /usr/lib/gcc/avr/4.8.2/avr51/libgcc.a(_clear_bss.o)
 .text.libgcc   0x0000000000002c56        0x0 /usr/lib/gcc/avr/4.8.2/avr51/libgcc.a(_clear_bss.o)
 .text.libgcc.prologue
                0x0000000000002c56        0x0 /usr/lib/gcc/avr/4.8.2/avr51/libgcc.a(_clear_bss.o)
 .text.libgcc.builtins
                0x0000000000002c56        0x0 /usr/lib/gcc/avr/4.8.2/avr51/libgcc.a(_clear_bss.o)
 .text.libgcc.fmul
                0x0000000000002c56        0x0 /usr/lib/gcc/avr/4.8.2/avr51/libgcc.a(_clear_bss.o)
 .text.libgcc.fixed
                0x0000000000002c56        0x0 /usr/lib/gcc/avr/4.8.2/avr51/libgcc.a(_clear_bss.o)
 .text.avr-libc
                0x0000000000002c56      0x24e /usr/lib/gcc/avr/4.8.2/../../../avr/lib/avr51/libc.a(malloc.o)
                0x0000000000002c56                malloc
                0x0000000000002d86                free
 .text.avr-libc
                0x0000000000002ea4      0x2fa /usr/lib/gcc/avr/4.8.2/../../../avr/lib/avr51/libc.a(strtod.o)
                0x0000000000002ea4                strtod
 .text.avr-libc
                0x000000000000319e       0x10 /usr/lib/gcc/avr/4.8.2/../../../avr/lib/avr51/libc.a(isspace.o)
                0x000000000000319e                isspace
 .text.avr-libc
                0x00000000000031ae       0x30 /usr/lib/gcc/avr/4.8.2/../../../avr/lib/avr51/libc.a(strncasecmp_P.o)
                0x00000000000031ae                strncasecmp_P
 .text.avr-libc
                0x00000000000031de       0x12 /usr/lib/gcc/avr/4.8.2/../../../avr/lib/avr51/libc.a(strcmp.o)
                0x00000000000031de                strcmp
 .text.avr-libc
                0x00000000000031f0        0xe /usr/lib/gcc/avr/4.8.2/../../../avr/lib/avr51/libc.a(strcpy.o)
                0x00000000000031f0                strcpy
 .text.avr-libc
                0x00000000000031fe       0x1e /usr/lib/gcc/avr/4.8.2/../../../avr/lib/avr51/libc.a(strncpy.o)
                0x00000000000031fe                strncpy
 .text.avr-libc
                0x000000000000321c       0x1c /usr/lib/gcc/avr/4.8.2/../../../avr/lib/avr51/libc.a(strpbrk.o)
                0x000000000000321c                strpbrk
 .text.avr-libc
                0x0000000000003238       0x5e /usr/lib/gcc/avr/4.8.2/../../../avr/lib/avr51/libc.a(sprintf.o)
                0x0000000000003238                sprintf
 .text.avr-libc
                0x0000000000003296      0x3f6 /usr/lib/gcc/avr/4.8.2/../../../avr/lib/avr51/libc.a(vfprintf_std.o)
                0x0000000000003296                vfprintf
 .text.avr-libc
                0x000000000000368c       0x20 /usr/lib/gcc/avr/4.8.2/../../../avr/lib/avr51/libc.a(eerd_block_atmega1284p.o)
                0x000000000000368c                __eerd_block_m1284p
                0x0000000000003690                __eerd_blraw_m1284p
 .text.avr-libc
                0x00000000000036ac       0x10 /usr/lib/gcc/avr/4.8.2/../../../avr/lib/avr51/libc.a(eerd_byte_atmega1284p.o)
                0x00000000000036ac                __eerd_byte_m1284p
 .text.avr-libc
                0x00000000000036bc        0xc /usr/lib/gcc/avr/4.8.2/../../../avr/lib/avr51/libc.a(eerd_dword_atmega1284p.o)
                0x00000000000036bc                __eerd_dword_m1284p
                0x00000000000036bc                __eerd_float_m1284p
 .text.avr-libc
                0x00000000000036c8       0x1c /usr/lib/gcc/avr/4.8.2/../../../avr/lib/avr51/libc.a(eewr_byte_atmega1284p.o)
                0x00000000000036c8                __eewr_byte_m1284p
                0x00000000000036ca                __eewr_r18_m1284p
 .text.avr-libc
                0x00000000000036e4        0x6 /usr/lib/gcc/avr/4.8.2/../../../avr/lib/avr51/libc.a(cty_isfalse.o)
                0x00000000000036e4                __ctype_isfalse
                0x00000000000036e8                __ctype_istrue
 .text.avr-libc
                0x00000000000036ea       0x16 /usr/lib/gcc/avr/4.8.2/../../../avr/lib/avr51/libc.a(strnlen_P.o)
                0x00000000000036ea                strnlen_P
 .text.avr-libc
                0x0000000000003700       0x16 /usr/lib/gcc/avr/4.8.2/../../../avr/lib/avr51/libc.a(strnlen.o)
                0x0000000000003700                strnlen
 .text.avr-libc
                0x0000000000003716       0x64 /usr/lib/gcc/avr/4.8.2/../../../avr/lib/avr51/libc.a(fputc.o)
                0x0000000000003716                fputc
 .text.avr-libc
                0x000000000000377a       0xbc /usr/lib/gcc/avr/4.8.2/../../../avr/lib/avr51/libc.a(ultoa_invert.o)
                0x000000000000377a                __ultoa_invert
 .text.libgcc.mul
                0x0000000000003836       0x16 /usr/lib/gcc/avr/4.8.2/avr51/libgcc.a(_muluhisi3.o)
                0x0000000000003836                __muluhisi3
 .text.libgcc.div
                0x000000000000384c        0x0 /usr/lib/gcc/avr/4.8.2/avr51/libgcc.a(_muluhisi3.o)
 .text.libgcc   0x000000000000384c        0x0 /usr/lib/gcc/avr/4.8.2/avr51/libgcc.a(_muluhisi3.o)
 .text.libgcc.prologue
                0x000000000000384c        0x0 /usr/lib/gcc/avr/4.8.2/avr51/libgcc.a(_muluhisi3.o)
 .text.libgcc.builtins
                0x000000000000384c        0x0 /usr/lib/gcc/avr/4.8.2/avr51/libgcc.a(_muluhisi3.o)
 .text.libgcc.fmul
                0x000000000000384c        0x0 /usr/lib/gcc/avr/4.8.2/avr51/libgcc.a(_muluhisi3.o)
 .text.libgcc.fixed
                0x000000000000384c        0x0 /usr/lib/gcc/avr/4.8.2/avr51/libgcc.a(_muluhisi3.o)
 .text.libgcc.mul
                0x000000000000384c       0x1e /usr/lib/gcc/avr/4.8.2/avr51/libgcc.a(_umulhisi3.o)
                0x000000000000384c                __umulhisi3
 .text.libgcc.div
                0x000000000000386a        0x0 /usr/lib/gcc/avr/4.8.2/avr51/libgcc.a(_umulhisi3.o)
 .text.libgcc   0x000000000000386a        0x0 /usr/lib/gcc/avr/4.8.2/avr51/libgcc.a(_umulhisi3.o)
 .text.libgcc.prologue
                0x000000000000386a        0x0 /usr/lib/gcc/avr/4.8.2/avr51/libgcc.a(_umulhisi3.o)
 .text.libgcc.builtins
                0x000000000000386a        0x0 /usr/lib/gcc/avr/4.8.2/avr51/libgcc.a(_umulhisi3.o)
 .text.libgcc.fmul
                0x000000000000386a        0x0 /usr/lib/gcc/avr/4.8.2/avr51/libgcc.a(_umulhisi3.o)
 .text.libgcc.fixed
                0x000000000000386a        0x0 /usr/lib/gcc/avr/4.8.2/avr51/libgcc.a(_umulhisi3.o)
                0x000000000000386a                . = ALIGN (0x2)
 *(.fini9)
 .fini9         0x000000000000386a        0x0 /usr/lib/gcc/avr/4.8.2/avr51/libgcc.a(_exit.o)
                0x000000000000386a                exit
                0x000000000000386a                _exit
 *(.fini9)
 *(.fini8)
 *(.fini8)
 *(.fini7)
 *(.fini7)
 *(.fini6)
 *(.fini6)
 *(.fini5)
 *(.fini5)
 *(.fini4)
 *(.fini4)
 *(.fini3)
 *(.fini3)
 *(.fini2)
 *(.fini2)
 *(.fini1)
 *(.fini1)
 *(.fini0)
 .fini0         0x000000000000386a        0x4 /usr/lib/gcc/avr/4.8.2/avr51/libgcc.a(_exit.o)
 *(.fini0)
                0x000000000000386e                _etext = .

.data           0x0000000000800100      0x2a0 load address 0x000000000000386e
                0x0000000000800100                PROVIDE (__data_start, .)
 *(.data)
 .data          0x0000000000800100        0x0 /usr/lib/gcc/avr/4.8.2/../../../avr/lib/avr51/crtm1284p.o
 .data          0x0000000000800100        0x4 fmFirmware.o
                0x0000000000800100                serialEndChar
                0x0000000000800101                serialStartChar
                0x0000000000800102                nearest_station
 .data          0x0000000000800104        0x2 lcd.o
                0x0000000000800104                line_num
 .data          0x0000000000800106        0x0 geolocation.o
 .data          0x0000000000800106        0x0 eeprom.o
 .data          0x0000000000800106        0x0 /usr/lib/gcc/avr/4.8.2/../../../avr/lib/avr51/libm.a(addsf3.o)
 .data          0x0000000000800106        0x0 /usr/lib/gcc/avr/4.8.2/../../../avr/lib/avr51/libm.a(addsf3x.o)
 .data          0x0000000000800106        0x0 /usr/lib/gcc/avr/4.8.2/../../../avr/lib/avr51/libm.a(atan2.o)
 .data          0x0000000000800106        0x0 /usr/lib/gcc/avr/4.8.2/../../../avr/lib/avr51/libm.a(atan.o)
 .data          0x0000000000800106        0x0 /usr/lib/gcc/avr/4.8.2/../../../avr/lib/avr51/libm.a(cmpsf2.o)
 .data          0x0000000000800106        0x0 /usr/lib/gcc/avr/4.8.2/../../../avr/lib/avr51/libm.a(cos.o)
 .data          0x0000000000800106        0x0 /usr/lib/gcc/avr/4.8.2/../../../avr/lib/avr51/libm.a(divsf3.o)
 .data          0x0000000000800106        0x0 /usr/lib/gcc/avr/4.8.2/../../../avr/lib/avr51/libm.a(divsf3x.o)
 .data          0x0000000000800106        0x0 /usr/lib/gcc/avr/4.8.2/../../../avr/lib/avr51/libm.a(fixsfsi.o)
 .data          0x0000000000800106        0x0 /usr/lib/gcc/avr/4.8.2/../../../avr/lib/avr51/libm.a(fixunssfsi.o)
 .data          0x0000000000800106        0x0 /usr/lib/gcc/avr/4.8.2/../../../avr/lib/avr51/libm.a(floatsisf.o)
 .data          0x0000000000800106        0x0 /usr/lib/gcc/avr/4.8.2/../../../avr/lib/avr51/libm.a(floor.o)
 .data          0x0000000000800106        0x0 /usr/lib/gcc/avr/4.8.2/../../../avr/lib/avr51/libm.a(fp_cmp.o)
 .data          0x0000000000800106        0x0 /usr/lib/gcc/avr/4.8.2/../../../avr/lib/avr51/libm.a(fp_inf.o)
 .data          0x0000000000800106        0x0 /usr/lib/gcc/avr/4.8.2/../../../avr/lib/avr51/libm.a(fp_mintl.o)
 .data          0x0000000000800106        0x0 /usr/lib/gcc/avr/4.8.2/../../../avr/lib/avr51/libm.a(fp_mpack.o)
 .data          0x0000000000800106        0x0 /usr/lib/gcc/avr/4.8.2/../../../avr/lib/avr51/libm.a(fp_nan.o)
 .data          0x0000000000800106        0x0 /usr/lib/gcc/avr/4.8.2/../../../avr/lib/avr51/libm.a(fp_powser.o)
 .data          0x0000000000800106        0x0 /usr/lib/gcc/avr/4.8.2/../../../avr/lib/avr51/libm.a(fp_pscA.o)
 .data          0x0000000000800106        0x0 /usr/lib/gcc/avr/4.8.2/../../../avr/lib/avr51/libm.a(fp_pscB.o)
 .data          0x0000000000800106        0x0 /usr/lib/gcc/avr/4.8.2/../../../avr/lib/avr51/libm.a(fp_rempio2.o)
 .data          0x0000000000800106        0x0 /usr/lib/gcc/avr/4.8.2/../../../avr/lib/avr51/libm.a(fp_round.o)
 .data          0x0000000000800106        0x0 /usr/lib/gcc/avr/4.8.2/../../../avr/lib/avr51/libm.a(fp_sinus.o)
 .data          0x0000000000800106        0x0 /usr/lib/gcc/avr/4.8.2/../../../avr/lib/avr51/libm.a(fp_split3.o)
 .data          0x0000000000800106        0x0 /usr/lib/gcc/avr/4.8.2/../../../avr/lib/avr51/libm.a(fp_trunc.o)
 .data          0x0000000000800106        0x0 /usr/lib/gcc/avr/4.8.2/../../../avr/lib/avr51/libm.a(fp_zero.o)
 .data          0x0000000000800106        0x0 /usr/lib/gcc/avr/4.8.2/../../../avr/lib/avr51/libm.a(gesf2.o)
 .data          0x0000000000800106        0x0 /usr/lib/gcc/avr/4.8.2/../../../avr/lib/avr51/libm.a(inverse.o)
 .data          0x0000000000800106        0x0 /usr/lib/gcc/avr/4.8.2/../../../avr/lib/avr51/libm.a(log10.o)
 .data          0x0000000000800106        0x0 /usr/lib/gcc/avr/4.8.2/../../../avr/lib/avr51/libm.a(log.o)
 .data          0x0000000000800106        0x0 /usr/lib/gcc/avr/4.8.2/../../../avr/lib/avr51/libm.a(modf.o)
 .data          0x0000000000800106        0x0 /usr/lib/gcc/avr/4.8.2/../../../avr/lib/avr51/libm.a(mulsf3.o)
 .data          0x0000000000800106        0x0 /usr/lib/gcc/avr/4.8.2/../../../avr/lib/avr51/libm.a(mulsf3x.o)
 .data          0x0000000000800106        0x0 /usr/lib/gcc/avr/4.8.2/../../../avr/lib/avr51/libm.a(pow.o)
 .data          0x0000000000800106        0x0 /usr/lib/gcc/avr/4.8.2/../../../avr/lib/avr51/libm.a(round.o)
 .data          0x0000000000800106        0x0 /usr/lib/gcc/avr/4.8.2/../../../avr/lib/avr51/libm.a(sin.o)
 .data          0x0000000000800106        0x0 /usr/lib/gcc/avr/4.8.2/../../../avr/lib/avr51/libm.a(sqrt.o)
 .data          0x0000000000800106        0x0 /usr/lib/gcc/avr/4.8.2/../../../avr/lib/avr51/libm.a(square.o)
 .data          0x0000000000800106        0x0 /usr/lib/gcc/avr/4.8.2/../../../avr/lib/avr51/libm.a(exp.o)
 .data          0x0000000000800106        0x0 /usr/lib/gcc/avr/4.8.2/../../../avr/lib/avr51/libm.a(fp_norm2.o)
 .data          0x0000000000800106        0x0 /usr/lib/gcc/avr/4.8.2/../../../avr/lib/avr51/libm.a(fp_powsodd.o)
 .data          0x0000000000800106        0x0 /usr/lib/gcc/avr/4.8.2/../../../avr/lib/avr51/libm.a(ldexp.o)
 .data          0x0000000000800106        0x0 /usr/lib/gcc/avr/4.8.2/avr51/libgcc.a(_exit.o)
 .data          0x0000000000800106        0x0 /usr/lib/gcc/avr/4.8.2/avr51/libgcc.a(_tablejump.o)
 .data          0x0000000000800106        0x0 /usr/lib/gcc/avr/4.8.2/avr51/libgcc.a(_copy_data.o)
 .data          0x0000000000800106        0x0 /usr/lib/gcc/avr/4.8.2/avr51/libgcc.a(_clear_bss.o)
 .data          0x0000000000800106        0x6 /usr/lib/gcc/avr/4.8.2/../../../avr/lib/avr51/libc.a(malloc.o)
                0x0000000000800106                __malloc_heap_end
                0x0000000000800108                __malloc_heap_start
                0x000000000080010a                __malloc_margin
 .data          0x000000000080010c        0x0 /usr/lib/gcc/avr/4.8.2/../../../avr/lib/avr51/libc.a(strtod.o)
 .data          0x000000000080010c        0x0 /usr/lib/gcc/avr/4.8.2/../../../avr/lib/avr51/libc.a(isspace.o)
 .data          0x000000000080010c        0x0 /usr/lib/gcc/avr/4.8.2/../../../avr/lib/avr51/libc.a(strncasecmp_P.o)
 .data          0x000000000080010c        0x0 /usr/lib/gcc/avr/4.8.2/../../../avr/lib/avr51/libc.a(strcmp.o)
 .data          0x000000000080010c        0x0 /usr/lib/gcc/avr/4.8.2/../../../avr/lib/avr51/libc.a(strcpy.o)
 .data          0x000000000080010c        0x0 /usr/lib/gcc/avr/4.8.2/../../../avr/lib/avr51/libc.a(strncpy.o)
 .data          0x000000000080010c        0x0 /usr/lib/gcc/avr/4.8.2/../../../avr/lib/avr51/libc.a(strpbrk.o)
 .data          0x000000000080010c        0x0 /usr/lib/gcc/avr/4.8.2/../../../avr/lib/avr51/libc.a(sprintf.o)
 .data          0x000000000080010c        0x0 /usr/lib/gcc/avr/4.8.2/../../../avr/lib/avr51/libc.a(vfprintf_std.o)
 .data          0x000000000080010c        0x0 /usr/lib/gcc/avr/4.8.2/../../../avr/lib/avr51/libc.a(eerd_block_atmega1284p.o)
 .data          0x000000000080010c        0x0 /usr/lib/gcc/avr/4.8.2/../../../avr/lib/avr51/libc.a(eerd_byte_atmega1284p.o)
 .data          0x000000000080010c        0x0 /usr/lib/gcc/avr/4.8.2/../../../avr/lib/avr51/libc.a(eerd_dword_atmega1284p.o)
 .data          0x000000000080010c        0x0 /usr/lib/gcc/avr/4.8.2/../../../avr/lib/avr51/libc.a(eewr_byte_atmega1284p.o)
 .data          0x000000000080010c        0x0 /usr/lib/gcc/avr/4.8.2/../../../avr/lib/avr51/libc.a(errno.o)
 .data          0x000000000080010c        0x0 /usr/lib/gcc/avr/4.8.2/../../../avr/lib/avr51/libc.a(cty_isfalse.o)
 .data          0x000000000080010c        0x0 /usr/lib/gcc/avr/4.8.2/../../../avr/lib/avr51/libc.a(strnlen_P.o)
 .data          0x000000000080010c        0x0 /usr/lib/gcc/avr/4.8.2/../../../avr/lib/avr51/libc.a(strnlen.o)
 .data          0x000000000080010c        0x0 /usr/lib/gcc/avr/4.8.2/../../../avr/lib/avr51/libc.a(fputc.o)
 .data          0x000000000080010c        0x0 /usr/lib/gcc/avr/4.8.2/../../../avr/lib/avr51/libc.a(ultoa_invert.o)
 .data          0x000000000080010c        0x0 /usr/lib/gcc/avr/4.8.2/avr51/libgcc.a(_muluhisi3.o)
 .data          0x000000000080010c        0x0 /usr/lib/gcc/avr/4.8.2/avr51/libgcc.a(_umulhisi3.o)
 *(.data*)
 *(.rodata)
 .rodata        0x000000000080010c        0x7 geolocation.o
 *(.rodata*)
 .rodata.str1.1
                0x0000000000800113      0x27e fmFirmware.o
                                        0x283 (size before relaxing)
 .rodata.str1.1
                0x0000000000800391        0x5 lcd.o
                                          0x7 (size before relaxing)
 .rodata.str1.1
                0x0000000000800396        0x9 geolocation.o
 *(.gnu.linkonce.d*)
                0x00000000008003a0                . = ALIGN (0x2)
 *fill*         0x000000000080039f        0x1 
                0x00000000008003a0                _edata = .
                0x00000000008003a0                PROVIDE (__data_end, .)

.bss            0x00000000008003a0      0x10d
                0x00000000008003a0                PROVIDE (__bss_start, .)
 *(.bss)
 .bss           0x00000000008003a0        0x0 /usr/lib/gcc/avr/4.8.2/../../../avr/lib/avr51/crtm1284p.o
 .bss           0x00000000008003a0       0x65 fmFirmware.o
                0x00000000008003a0                database_corrupted
                0x00000000008003a2                updating
                0x00000000008003a4                eeprom_index
                0x00000000008003a6                op_mode
                0x00000000008003a8                gps_rxBuffer
                0x00000000008003f8                gps_rxCount
                0x00000000008003fa                serial_timer
                0x00000000008003fe                serial_history
                0x0000000000800401                rxWritePos
                0x0000000000800402                rxReadPos
                0x0000000000800403                num_stations
 .bss           0x0000000000800405        0x2 lcd.o
                0x0000000000800405                chars_written
 .bss           0x0000000000800407        0x2 geolocation.o
 .bss           0x0000000000800409        0x0 eeprom.o
 .bss           0x0000000000800409        0x0 /usr/lib/gcc/avr/4.8.2/../../../avr/lib/avr51/libm.a(addsf3.o)
 .bss           0x0000000000800409        0x0 /usr/lib/gcc/avr/4.8.2/../../../avr/lib/avr51/libm.a(addsf3x.o)
 .bss           0x0000000000800409        0x0 /usr/lib/gcc/avr/4.8.2/../../../avr/lib/avr51/libm.a(atan2.o)
 .bss           0x0000000000800409        0x0 /usr/lib/gcc/avr/4.8.2/../../../avr/lib/avr51/libm.a(atan.o)
 .bss           0x0000000000800409        0x0 /usr/lib/gcc/avr/4.8.2/../../../avr/lib/avr51/libm.a(cmpsf2.o)
 .bss           0x0000000000800409        0x0 /usr/lib/gcc/avr/4.8.2/../../../avr/lib/avr51/libm.a(cos.o)
 .bss           0x0000000000800409        0x0 /usr/lib/gcc/avr/4.8.2/../../../avr/lib/avr51/libm.a(divsf3.o)
 .bss           0x0000000000800409        0x0 /usr/lib/gcc/avr/4.8.2/../../../avr/lib/avr51/libm.a(divsf3x.o)
 .bss           0x0000000000800409        0x0 /usr/lib/gcc/avr/4.8.2/../../../avr/lib/avr51/libm.a(fixsfsi.o)
 .bss           0x0000000000800409        0x0 /usr/lib/gcc/avr/4.8.2/../../../avr/lib/avr51/libm.a(fixunssfsi.o)
 .bss           0x0000000000800409        0x0 /usr/lib/gcc/avr/4.8.2/../../../avr/lib/avr51/libm.a(floatsisf.o)
 .bss           0x0000000000800409        0x0 /usr/lib/gcc/avr/4.8.2/../../../avr/lib/avr51/libm.a(floor.o)
 .bss           0x0000000000800409        0x0 /usr/lib/gcc/avr/4.8.2/../../../avr/lib/avr51/libm.a(fp_cmp.o)
 .bss           0x0000000000800409        0x0 /usr/lib/gcc/avr/4.8.2/../../../avr/lib/avr51/libm.a(fp_inf.o)
 .bss           0x0000000000800409        0x0 /usr/lib/gcc/avr/4.8.2/../../../avr/lib/avr51/libm.a(fp_mintl.o)
 .bss           0x0000000000800409        0x0 /usr/lib/gcc/avr/4.8.2/../../../avr/lib/avr51/libm.a(fp_mpack.o)
 .bss           0x0000000000800409        0x0 /usr/lib/gcc/avr/4.8.2/../../../avr/lib/avr51/libm.a(fp_nan.o)
 .bss           0x0000000000800409        0x0 /usr/lib/gcc/avr/4.8.2/../../../avr/lib/avr51/libm.a(fp_powser.o)
 .bss           0x0000000000800409        0x0 /usr/lib/gcc/avr/4.8.2/../../../avr/lib/avr51/libm.a(fp_pscA.o)
 .bss           0x0000000000800409        0x0 /usr/lib/gcc/avr/4.8.2/../../../avr/lib/avr51/libm.a(fp_pscB.o)
 .bss           0x0000000000800409        0x0 /usr/lib/gcc/avr/4.8.2/../../../avr/lib/avr51/libm.a(fp_rempio2.o)
 .bss           0x0000000000800409        0x0 /usr/lib/gcc/avr/4.8.2/../../../avr/lib/avr51/libm.a(fp_round.o)
 .bss           0x0000000000800409        0x0 /usr/lib/gcc/avr/4.8.2/../../../avr/lib/avr51/libm.a(fp_sinus.o)
 .bss           0x0000000000800409        0x0 /usr/lib/gcc/avr/4.8.2/../../../avr/lib/avr51/libm.a(fp_split3.o)
 .bss           0x0000000000800409        0x0 /usr/lib/gcc/avr/4.8.2/../../../avr/lib/avr51/libm.a(fp_trunc.o)
 .bss           0x0000000000800409        0x0 /usr/lib/gcc/avr/4.8.2/../../../avr/lib/avr51/libm.a(fp_zero.o)
 .bss           0x0000000000800409        0x0 /usr/lib/gcc/avr/4.8.2/../../../avr/lib/avr51/libm.a(gesf2.o)
 .bss           0x0000000000800409        0x0 /usr/lib/gcc/avr/4.8.2/../../../avr/lib/avr51/libm.a(inverse.o)
 .bss           0x0000000000800409        0x0 /usr/lib/gcc/avr/4.8.2/../../../avr/lib/avr51/libm.a(log10.o)
 .bss           0x0000000000800409        0x0 /usr/lib/gcc/avr/4.8.2/../../../avr/lib/avr51/libm.a(log.o)
 .bss           0x0000000000800409        0x0 /usr/lib/gcc/avr/4.8.2/../../../avr/lib/avr51/libm.a(modf.o)
 .bss           0x0000000000800409        0x0 /usr/lib/gcc/avr/4.8.2/../../../avr/lib/avr51/libm.a(mulsf3.o)
 .bss           0x0000000000800409        0x0 /usr/lib/gcc/avr/4.8.2/../../../avr/lib/avr51/libm.a(mulsf3x.o)
 .bss           0x0000000000800409        0x0 /usr/lib/gcc/avr/4.8.2/../../../avr/lib/avr51/libm.a(pow.o)
 .bss           0x0000000000800409        0x0 /usr/lib/gcc/avr/4.8.2/../../../avr/lib/avr51/libm.a(round.o)
 .bss           0x0000000000800409        0x0 /usr/lib/gcc/avr/4.8.2/../../../avr/lib/avr51/libm.a(sin.o)
 .bss           0x0000000000800409        0x0 /usr/lib/gcc/avr/4.8.2/../../../avr/lib/avr51/libm.a(sqrt.o)
 .bss           0x0000000000800409        0x0 /usr/lib/gcc/avr/4.8.2/../../../avr/lib/avr51/libm.a(square.o)
 .bss           0x0000000000800409        0x0 /usr/lib/gcc/avr/4.8.2/../../../avr/lib/avr51/libm.a(exp.o)
 .bss           0x0000000000800409        0x0 /usr/lib/gcc/avr/4.8.2/../../../avr/lib/avr51/libm.a(fp_norm2.o)
 .bss           0x0000000000800409        0x0 /usr/lib/gcc/avr/4.8.2/../../../avr/lib/avr51/libm.a(fp_powsodd.o)
 .bss           0x0000000000800409        0x0 /usr/lib/gcc/avr/4.8.2/../../../avr/lib/avr51/libm.a(ldexp.o)
 .bss           0x0000000000800409        0x0 /usr/lib/gcc/avr/4.8.2/avr51/libgcc.a(_exit.o)
 .bss           0x0000000000800409        0x0 /usr/lib/gcc/avr/4.8.2/avr51/libgcc.a(_tablejump.o)
 .bss           0x0000000000800409        0x0 /usr/lib/gcc/avr/4.8.2/avr51/libgcc.a(_copy_data.o)
 .bss           0x0000000000800409        0x0 /usr/lib/gcc/avr/4.8.2/avr51/libgcc.a(_clear_bss.o)
 .bss           0x0000000000800409        0x0 /usr/lib/gcc/avr/4.8.2/../../../avr/lib/avr51/libc.a(malloc.o)
 .bss           0x0000000000800409        0x0 /usr/lib/gcc/avr/4.8.2/../../../avr/lib/avr51/libc.a(strtod.o)
 .bss           0x0000000000800409        0x0 /usr/lib/gcc/avr/4.8.2/../../../avr/lib/avr51/libc.a(isspace.o)
 .bss           0x0000000000800409        0x0 /usr/lib/gcc/avr/4.8.2/../../../avr/lib/avr51/libc.a(strncasecmp_P.o)
 .bss           0x0000000000800409        0x0 /usr/lib/gcc/avr/4.8.2/../../../avr/lib/avr51/libc.a(strcmp.o)
 .bss           0x0000000000800409        0x0 /usr/lib/gcc/avr/4.8.2/../../../avr/lib/avr51/libc.a(strcpy.o)
 .bss           0x0000000000800409        0x0 /usr/lib/gcc/avr/4.8.2/../../../avr/lib/avr51/libc.a(strncpy.o)
 .bss           0x0000000000800409        0x0 /usr/lib/gcc/avr/4.8.2/../../../avr/lib/avr51/libc.a(strpbrk.o)
 .bss           0x0000000000800409        0x0 /usr/lib/gcc/avr/4.8.2/../../../avr/lib/avr51/libc.a(sprintf.o)
 .bss           0x0000000000800409        0x0 /usr/lib/gcc/avr/4.8.2/../../../avr/lib/avr51/libc.a(vfprintf_std.o)
 .bss           0x0000000000800409        0x0 /usr/lib/gcc/avr/4.8.2/../../../avr/lib/avr51/libc.a(eerd_block_atmega1284p.o)
 .bss           0x0000000000800409        0x0 /usr/lib/gcc/avr/4.8.2/../../../avr/lib/avr51/libc.a(eerd_byte_atmega1284p.o)
 .bss           0x0000000000800409        0x0 /usr/lib/gcc/avr/4.8.2/../../../avr/lib/avr51/libc.a(eerd_dword_atmega1284p.o)
 .bss           0x0000000000800409        0x0 /usr/lib/gcc/avr/4.8.2/../../../avr/lib/avr51/libc.a(eewr_byte_atmega1284p.o)
 .bss           0x0000000000800409        0x0 /usr/lib/gcc/avr/4.8.2/../../../avr/lib/avr51/libc.a(errno.o)
 .bss           0x0000000000800409        0x0 /usr/lib/gcc/avr/4.8.2/../../../avr/lib/avr51/libc.a(cty_isfalse.o)
 .bss           0x0000000000800409        0x0 /usr/lib/gcc/avr/4.8.2/../../../avr/lib/avr51/libc.a(strnlen_P.o)
 .bss           0x0000000000800409        0x0 /usr/lib/gcc/avr/4.8.2/../../../avr/lib/avr51/libc.a(strnlen.o)
 .bss           0x0000000000800409        0x0 /usr/lib/gcc/avr/4.8.2/../../../avr/lib/avr51/libc.a(fputc.o)
 .bss           0x0000000000800409        0x0 /usr/lib/gcc/avr/4.8.2/../../../avr/lib/avr51/libc.a(ultoa_invert.o)
 .bss           0x0000000000800409        0x0 /usr/lib/gcc/avr/4.8.2/avr51/libgcc.a(_muluhisi3.o)
 .bss           0x0000000000800409        0x0 /usr/lib/gcc/avr/4.8.2/avr51/libgcc.a(_umulhisi3.o)
 *(.bss*)
 *(COMMON)
 COMMON         0x0000000000800409       0x9e fmFirmware.o
                0x0000000000800409                all_stations
                0x000000000080040b                user
                0x000000000080040d                rxBuffer
                0x000000000080048d                gps_data
 COMMON         0x00000000008004a7        0x4 /usr/lib/gcc/avr/4.8.2/../../../avr/lib/avr51/libc.a(malloc.o)
                0x00000000008004a7                __brkval
                0x00000000008004a9                __flp
 COMMON         0x00000000008004ab        0x2 /usr/lib/gcc/avr/4.8.2/../../../avr/lib/avr51/libc.a(errno.o)
                0x00000000008004ab                errno
                0x00000000008004ad                PROVIDE (__bss_end, .)
                0x000000000000386e                __data_load_start = LOADADDR (.data)
                0x0000000000003b0e                __data_load_end = (__data_load_start + SIZEOF (.data))

.noinit         0x00000000008004ad        0x0
                0x00000000008004ad                PROVIDE (__noinit_start, .)
 *(.noinit*)
                0x00000000008004ad                PROVIDE (__noinit_end, .)
                0x00000000008004ad                _end = .
                0x00000000008004ad                PROVIDE (__heap_start, .)

.eeprom         0x0000000000810000        0x0
 *(.eeprom*)
                0x0000000000810000                __eeprom_end = .

.fuse
 *(.fuse)
 *(.lfuse)
 *(.hfuse)
 *(.efuse)

.lock
 *(.lock*)

.signature
 *(.signature*)

.user_signatures
 *(.user_signatures*)

.stab           0x0000000000000000     0xc78c
 *(.stab)
 .stab          0x0000000000000000      0x6cc /usr/lib/gcc/avr/4.8.2/../../../avr/lib/avr51/crtm1284p.o
 .stab          0x00000000000006cc     0x24d8 fmFirmware.o
                                       0x24e4 (size before relaxing)
 .stab          0x0000000000002ba4     0x1380 lcd.o
                                       0x15b4 (size before relaxing)
 .stab          0x0000000000003f24      0xdec geolocation.o
                                       0x1080 (size before relaxing)
 .stab          0x0000000000004d10      0x474 eeprom.o
                                        0x6fc (size before relaxing)
 .stab          0x0000000000005184       0x78 /usr/lib/gcc/avr/4.8.2/../../../avr/lib/avr51/libm.a(addsf3.o)
                                         0x84 (size before relaxing)
 .stab          0x00000000000051fc      0x4bc /usr/lib/gcc/avr/4.8.2/../../../avr/lib/avr51/libm.a(addsf3x.o)
                                        0x4c8 (size before relaxing)
 .stab          0x00000000000056b8      0x2f4 /usr/lib/gcc/avr/4.8.2/../../../avr/lib/avr51/libm.a(atan2.o)
                                        0x300 (size before relaxing)
 .stab          0x00000000000059ac      0x210 /usr/lib/gcc/avr/4.8.2/../../../avr/lib/avr51/libm.a(atan.o)
                                        0x21c (size before relaxing)
 .stab          0x0000000000005bbc       0x90 /usr/lib/gcc/avr/4.8.2/../../../avr/lib/avr51/libm.a(cmpsf2.o)
                                         0x9c (size before relaxing)
 .stab          0x0000000000005c4c       0x54 /usr/lib/gcc/avr/4.8.2/../../../avr/lib/avr51/libm.a(cos.o)
                                         0x60 (size before relaxing)
 .stab          0x0000000000005ca0       0x48 /usr/lib/gcc/avr/4.8.2/../../../avr/lib/avr51/libm.a(divsf3.o)
                                         0x54 (size before relaxing)
 .stab          0x0000000000005ce8      0x510 /usr/lib/gcc/avr/4.8.2/../../../avr/lib/avr51/libm.a(divsf3x.o)
                                        0x51c (size before relaxing)
 .stab          0x00000000000061f8       0x6c /usr/lib/gcc/avr/4.8.2/../../../avr/lib/avr51/libm.a(fixsfsi.o)
                                         0x78 (size before relaxing)
 .stab          0x0000000000006264      0x240 /usr/lib/gcc/avr/4.8.2/../../../avr/lib/avr51/libm.a(fixunssfsi.o)
                                        0x24c (size before relaxing)
 .stab          0x00000000000064a4      0x318 /usr/lib/gcc/avr/4.8.2/../../../avr/lib/avr51/libm.a(floatsisf.o)
                                        0x324 (size before relaxing)
 .stab          0x00000000000067bc      0x114 /usr/lib/gcc/avr/4.8.2/../../../avr/lib/avr51/libm.a(floor.o)
                                        0x120 (size before relaxing)
 .stab          0x00000000000068d0      0x1e0 /usr/lib/gcc/avr/4.8.2/../../../avr/lib/avr51/libm.a(fp_cmp.o)
                                        0x1ec (size before relaxing)
 .stab          0x0000000000006ab0       0x78 /usr/lib/gcc/avr/4.8.2/../../../avr/lib/avr51/libm.a(fp_inf.o)
                                         0x84 (size before relaxing)
 .stab          0x0000000000006b28      0x174 /usr/lib/gcc/avr/4.8.2/../../../avr/lib/avr51/libm.a(fp_mintl.o)
                                        0x180 (size before relaxing)
 .stab          0x0000000000006c9c       0xe4 /usr/lib/gcc/avr/4.8.2/../../../avr/lib/avr51/libm.a(fp_mpack.o)
                                         0xf0 (size before relaxing)
 .stab          0x0000000000006d80       0x54 /usr/lib/gcc/avr/4.8.2/../../../avr/lib/avr51/libm.a(fp_nan.o)
                                         0x60 (size before relaxing)
 .stab          0x0000000000006dd4      0x1ec /usr/lib/gcc/avr/4.8.2/../../../avr/lib/avr51/libm.a(fp_powser.o)
                                        0x1f8 (size before relaxing)
 .stab          0x0000000000006fc0       0x84 /usr/lib/gcc/avr/4.8.2/../../../avr/lib/avr51/libm.a(fp_pscA.o)
                                         0x90 (size before relaxing)
 .stab          0x0000000000007044       0x84 /usr/lib/gcc/avr/4.8.2/../../../avr/lib/avr51/libm.a(fp_pscB.o)
                                         0x90 (size before relaxing)
 .stab          0x00000000000070c8      0x21c /usr/lib/gcc/avr/4.8.2/../../../avr/lib/avr51/libm.a(fp_rempio2.o)
                                        0x228 (size before relaxing)
 .stab          0x00000000000072e4       0xfc /usr/lib/gcc/avr/4.8.2/../../../avr/lib/avr51/libm.a(fp_round.o)
                                        0x108 (size before relaxing)
 .stab          0x00000000000073e0       0xfc /usr/lib/gcc/avr/4.8.2/../../../avr/lib/avr51/libm.a(fp_sinus.o)
                                        0x108 (size before relaxing)
 .stab          0x00000000000074dc      0x1d4 /usr/lib/gcc/avr/4.8.2/../../../avr/lib/avr51/libm.a(fp_split3.o)
                                        0x1e0 (size before relaxing)
 .stab          0x00000000000076b0      0x144 /usr/lib/gcc/avr/4.8.2/../../../avr/lib/avr51/libm.a(fp_trunc.o)
                                        0x150 (size before relaxing)
 .stab          0x00000000000077f4       0x90 /usr/lib/gcc/avr/4.8.2/../../../avr/lib/avr51/libm.a(fp_zero.o)
                                         0x9c (size before relaxing)
 .stab          0x0000000000007884       0x6c /usr/lib/gcc/avr/4.8.2/../../../avr/lib/avr51/libm.a(gesf2.o)
                                         0x78 (size before relaxing)
 .stab          0x00000000000078f0       0x84 /usr/lib/gcc/avr/4.8.2/../../../avr/lib/avr51/libm.a(inverse.o)
                                         0x90 (size before relaxing)
 .stab          0x0000000000007974       0x78 /usr/lib/gcc/avr/4.8.2/../../../avr/lib/avr51/libm.a(log10.o)
                                         0x84 (size before relaxing)
 .stab          0x00000000000079ec      0x378 /usr/lib/gcc/avr/4.8.2/../../../avr/lib/avr51/libm.a(log.o)
                                        0x384 (size before relaxing)
 .stab          0x0000000000007d64      0x2a0 /usr/lib/gcc/avr/4.8.2/../../../avr/lib/avr51/libm.a(modf.o)
                                        0x2ac (size before relaxing)
 .stab          0x0000000000008004       0x48 /usr/lib/gcc/avr/4.8.2/../../../avr/lib/avr51/libm.a(mulsf3.o)
                                         0x54 (size before relaxing)
 .stab          0x000000000000804c      0x4d4 /usr/lib/gcc/avr/4.8.2/../../../avr/lib/avr51/libm.a(mulsf3x.o)
                                        0x4e0 (size before relaxing)
 .stab          0x0000000000008520      0x3c0 /usr/lib/gcc/avr/4.8.2/../../../avr/lib/avr51/libm.a(pow.o)
                                        0x3cc (size before relaxing)
 .stab          0x00000000000088e0      0x1b0 /usr/lib/gcc/avr/4.8.2/../../../avr/lib/avr51/libm.a(round.o)
                                        0x1bc (size before relaxing)
 .stab          0x0000000000008a90       0x78 /usr/lib/gcc/avr/4.8.2/../../../avr/lib/avr51/libm.a(sin.o)
                                         0x84 (size before relaxing)
 .stab          0x0000000000008b08      0x354 /usr/lib/gcc/avr/4.8.2/../../../avr/lib/avr51/libm.a(sqrt.o)
                                        0x360 (size before relaxing)
 .stab          0x0000000000008e5c       0x54 /usr/lib/gcc/avr/4.8.2/../../../avr/lib/avr51/libm.a(square.o)
                                         0x60 (size before relaxing)
 .stab          0x0000000000008eb0      0x288 /usr/lib/gcc/avr/4.8.2/../../../avr/lib/avr51/libm.a(exp.o)
                                        0x294 (size before relaxing)
 .stab          0x0000000000009138       0x84 /usr/lib/gcc/avr/4.8.2/../../../avr/lib/avr51/libm.a(fp_norm2.o)
                                         0x90 (size before relaxing)
 .stab          0x00000000000091bc       0xfc /usr/lib/gcc/avr/4.8.2/../../../avr/lib/avr51/libm.a(fp_powsodd.o)
                                        0x108 (size before relaxing)
 .stab          0x00000000000092b8      0x2c4 /usr/lib/gcc/avr/4.8.2/../../../avr/lib/avr51/libm.a(ldexp.o)
                                        0x2d0 (size before relaxing)
 .stab          0x000000000000957c      0x8b8 /usr/lib/gcc/avr/4.8.2/../../../avr/lib/avr51/libc.a(malloc.o)
                                        0x8e8 (size before relaxing)
 .stab          0x0000000000009e34      0x780 /usr/lib/gcc/avr/4.8.2/../../../avr/lib/avr51/libc.a(strtod.o)
                                        0x96c (size before relaxing)
 .stab          0x000000000000a5b4       0x9c /usr/lib/gcc/avr/4.8.2/../../../avr/lib/avr51/libc.a(isspace.o)
                                         0xa8 (size before relaxing)
 .stab          0x000000000000a650      0x138 /usr/lib/gcc/avr/4.8.2/../../../avr/lib/avr51/libc.a(strncasecmp_P.o)
                                        0x144 (size before relaxing)
 .stab          0x000000000000a788       0x84 /usr/lib/gcc/avr/4.8.2/../../../avr/lib/avr51/libc.a(strcmp.o)
                                         0x90 (size before relaxing)
 .stab          0x000000000000a80c       0x6c /usr/lib/gcc/avr/4.8.2/../../../avr/lib/avr51/libc.a(strcpy.o)
                                         0x78 (size before relaxing)
 .stab          0x000000000000a878       0xcc /usr/lib/gcc/avr/4.8.2/../../../avr/lib/avr51/libc.a(strncpy.o)
                                         0xd8 (size before relaxing)
 .stab          0x000000000000a944       0xc0 /usr/lib/gcc/avr/4.8.2/../../../avr/lib/avr51/libc.a(strpbrk.o)
                                         0xcc (size before relaxing)
 .stab          0x000000000000aa04      0x384 /usr/lib/gcc/avr/4.8.2/../../../avr/lib/avr51/libc.a(sprintf.o)
                                        0x54c (size before relaxing)
 .stab          0x000000000000ad88      0xb34 /usr/lib/gcc/avr/4.8.2/../../../avr/lib/avr51/libc.a(vfprintf_std.o)
                                        0xd80 (size before relaxing)
 .stab          0x000000000000b8bc      0x108 /usr/lib/gcc/avr/4.8.2/../../../avr/lib/avr51/libc.a(eerd_block_atmega1284p.o)
                                        0x114 (size before relaxing)
 .stab          0x000000000000b9c4       0x90 /usr/lib/gcc/avr/4.8.2/../../../avr/lib/avr51/libc.a(eerd_byte_atmega1284p.o)
                                         0x9c (size before relaxing)
 .stab          0x000000000000ba54       0x78 /usr/lib/gcc/avr/4.8.2/../../../avr/lib/avr51/libc.a(eerd_dword_atmega1284p.o)
                                         0x84 (size before relaxing)
 .stab          0x000000000000bacc       0xe4 /usr/lib/gcc/avr/4.8.2/../../../avr/lib/avr51/libc.a(eewr_byte_atmega1284p.o)
                                         0xf0 (size before relaxing)
 .stab          0x000000000000bbb0      0x270 /usr/lib/gcc/avr/4.8.2/../../../avr/lib/avr51/libc.a(errno.o)
                                        0x27c (size before relaxing)
 .stab          0x000000000000be20       0x60 /usr/lib/gcc/avr/4.8.2/../../../avr/lib/avr51/libc.a(cty_isfalse.o)
                                         0x6c (size before relaxing)
 .stab          0x000000000000be80       0x9c /usr/lib/gcc/avr/4.8.2/../../../avr/lib/avr51/libc.a(strnlen_P.o)
                                         0xa8 (size before relaxing)
 .stab          0x000000000000bf1c       0x9c /usr/lib/gcc/avr/4.8.2/../../../avr/lib/avr51/libc.a(strnlen.o)
                                         0xa8 (size before relaxing)
 .stab          0x000000000000bfb8      0x354 /usr/lib/gcc/avr/4.8.2/../../../avr/lib/avr51/libc.a(fputc.o)
                                        0x534 (size before relaxing)
 .stab          0x000000000000c30c      0x480 /usr/lib/gcc/avr/4.8.2/../../../avr/lib/avr51/libc.a(ultoa_invert.o)
                                        0x48c (size before relaxing)

.stabstr        0x0000000000000000     0x2cd5
 *(.stabstr)
 .stabstr       0x0000000000000000     0x2cd5 /usr/lib/gcc/avr/4.8.2/../../../avr/lib/avr51/crtm1284p.o

.stab.excl
 *(.stab.excl)

.stab.exclstr
 *(.stab.exclstr)

.stab.index
 *(.stab.index)

.stab.indexstr
 *(.stab.indexstr)

.comment        0x0000000000000000       0x11
 *(.comment)
 .comment       0x0000000000000000       0x11 fmFirmware.o
                                         0x12 (size before relaxing)
 .comment       0x0000000000000000       0x12 lcd.o
 .comment       0x0000000000000000       0x12 geolocation.o
 .comment       0x0000000000000000       0x12 eeprom.o
 .comment       0x0000000000000000       0x12 /usr/lib/gcc/avr/4.8.2/../../../avr/lib/avr51/libc.a(malloc.o)
 .comment       0x0000000000000000       0x12 /usr/lib/gcc/avr/4.8.2/../../../avr/lib/avr51/libc.a(strtod.o)
 .comment       0x0000000000000000       0x12 /usr/lib/gcc/avr/4.8.2/../../../avr/lib/avr51/libc.a(sprintf.o)
 .comment       0x0000000000000000       0x12 /usr/lib/gcc/avr/4.8.2/../../../avr/lib/avr51/libc.a(vfprintf_std.o)
 .comment       0x0000000000000000       0x12 /usr/lib/gcc/avr/4.8.2/../../../avr/lib/avr51/libc.a(errno.o)
 .comment       0x0000000000000000       0x12 /usr/lib/gcc/avr/4.8.2/../../../avr/lib/avr51/libc.a(fputc.o)

.debug
 *(.debug)

.line
 *(.line)

.debug_srcinfo
 *(.debug_srcinfo)

.debug_sfnames
 *(.debug_sfnames)

.debug_aranges
 *(.debug_aranges)

.debug_pubnames
 *(.debug_pubnames)

.debug_info
 *(.debug_info)
 *(.gnu.linkonce.wi.*)

.debug_abbrev
 *(.debug_abbrev)

.debug_line
 *(.debug_line)

.debug_frame
 *(.debug_frame)

.debug_str
 *(.debug_str)

.debug_loc
 *(.debug_loc)

.debug_macinfo
 *(.debug_macinfo)

.debug_pubtypes
 *(.debug_pubtypes)

.debug_ranges
 *(.debug_ranges)

.debug_macro
 *(.debug_macro)
OUTPUT(dat_lcd.elf elf32-avr)
LOAD linker stubs
